INFO:btfxwss.connection:Connection opened
INFO:btfxwss.connection:Initialized Client on API Version 2
DEBUG:btfxwss.client:_subscribe: {'event': 'subscribe', 'channel': 'ticker', 'symbol': 'BTCUSD'}
DEBUG:btfxwss.client:_subscribe: {'event': 'subscribe', 'channel': 'book', 'symbol': 'BTCUSD'}
INFO:btfxwss.queue_processor:Subscription succesful for channel ('ticker', 'BTCUSD')
INFO:btfxwss.queue_processor:Subscription succesful for channel ('book', 'BTCUSD')
INFO:btfxwss.connection:Connection closed
INFO:btfxwss.connection:Connection opened
INFO:btfxwss.connection:Initialized Client on API Version 2
DEBUG:btfxwss.client:_subscribe: {'event': 'subscribe', 'channel': 'ticker', 'symbol': 'BTCUSD'}
DEBUG:btfxwss.client:_subscribe: {'event': 'subscribe', 'channel': 'book', 'symbol': 'BTCUSD'}
INFO:btfxwss.queue_processor:Subscription succesful for channel ('ticker', 'BTCUSD')
INFO:btfxwss.queue_processor:Subscription succesful for channel ('book', 'BTCUSD')
INFO:btfxwss.connection:Connection closed
INFO:btfxwss.connection:Connection opened
INFO:btfxwss.connection:Initialized Client on API Version 2
DEBUG:btfxwss.client:_subscribe: {'event': 'subscribe', 'channel': 'ticker', 'symbol': 'BTCUSD'}
DEBUG:btfxwss.client:_subscribe: {'event': 'subscribe', 'channel': 'book', 'symbol': 'BTCUSD'}
INFO:btfxwss.queue_processor:Subscription succesful for channel ('ticker', 'BTCUSD')
INFO:btfxwss.queue_processor:Subscription succesful for channel ('book', 'BTCUSD')
INFO:btfxwss.connection:Connection opened
INFO:btfxwss.connection:Initialized Client on API Version 2
DEBUG:btfxwss.client:_subscribe: {'event': 'subscribe', 'channel': 'ticker', 'symbol': 'BTCUSD'}
DEBUG:btfxwss.client:_subscribe: {'event': 'subscribe', 'channel': 'book', 'symbol': 'BTCUSD'}
INFO:btfxwss.queue_processor:Subscription succesful for channel ('ticker', 'BTCUSD')
INFO:btfxwss.queue_processor:Subscription succesful for channel ('book', 'BTCUSD')
INFO:btfxwss.connection:Connection opened
INFO:btfxwss.connection:Initialized Client on API Version 2
DEBUG:btfxwss.client:_subscribe: {'event': 'subscribe', 'channel': 'ticker', 'symbol': 'BTCUSD'}
DEBUG:btfxwss.client:_subscribe: {'event': 'subscribe', 'channel': 'book', 'symbol': 'BTCUSD'}
INFO:btfxwss.queue_processor:Subscription succesful for channel ('ticker', 'BTCUSD')
INFO:btfxwss.queue_processor:Subscription succesful for channel ('book', 'BTCUSD')
INFO:btfxwss.connection:Connection opened
INFO:btfxwss.connection:Initialized Client on API Version 2
DEBUG:btfxwss.client:_subscribe: {'event': 'subscribe', 'channel': 'ticker', 'symbol': 'BTCUSD'}
DEBUG:btfxwss.client:_subscribe: {'event': 'subscribe', 'channel': 'book', 'symbol': 'BTCUSD'}
INFO:btfxwss.queue_processor:Subscription succesful for channel ('ticker', 'BTCUSD')
INFO:btfxwss.queue_processor:Subscription succesful for channel ('book', 'BTCUSD')
INFO:btfxwss.connection:Connection opened
INFO:btfxwss.connection:Initialized Client on API Version 2
DEBUG:btfxwss.client:_subscribe: {'event': 'subscribe', 'channel': 'ticker', 'symbol': 'BTCUSD'}
DEBUG:btfxwss.client:_subscribe: {'event': 'subscribe', 'channel': 'book', 'symbol': 'BTCUSD'}
INFO:btfxwss.queue_processor:Subscription succesful for channel ('ticker', 'BTCUSD')
INFO:btfxwss.queue_processor:Subscription succesful for channel ('book', 'BTCUSD')
INFO:btfxwss.connection:Connection opened
INFO:btfxwss.connection:Initialized Client on API Version 2
DEBUG:btfxwss.client:_subscribe: {'event': 'subscribe', 'channel': 'ticker', 'symbol': 'ETHUSD'}
DEBUG:btfxwss.client:_subscribe: {'event': 'subscribe', 'channel': 'book', 'symbol': 'ETHUSD'}
INFO:btfxwss.queue_processor:Subscription succesful for channel ('ticker', 'ETHUSD')
INFO:btfxwss.queue_processor:Subscription succesful for channel ('book', 'ETHUSD')
INFO:btfxwss.connection:Connection opened
INFO:btfxwss.connection:Initialized Client on API Version 2
DEBUG:btfxwss.client:_subscribe: {'event': 'subscribe', 'channel': 'ticker', 'symbol': 'ETHUSD'}
DEBUG:btfxwss.client:_subscribe: {'event': 'subscribe', 'channel': 'book', 'symbol': 'ETHUSD'}
INFO:btfxwss.connection:Connection closed
INFO:btfxwss.connection:Connection opened
INFO:btfxwss.connection:Initialized Client on API Version 2
DEBUG:btfxwss.client:_subscribe: {'event': 'subscribe', 'channel': 'ticker', 'symbol': 'ETHUSD'}
DEBUG:btfxwss.client:_subscribe: {'event': 'subscribe', 'channel': 'book', 'symbol': 'ETHUSD'}
INFO:btfxwss.queue_processor:Subscription succesful for channel ('ticker', 'ETHUSD')
INFO:btfxwss.queue_processor:Subscription succesful for channel ('book', 'ETHUSD')
INFO:btfxwss.connection:Connection opened
INFO:btfxwss.connection:Initialized Client on API Version 2
DEBUG:btfxwss.client:_subscribe: {'event': 'subscribe', 'channel': 'ticker', 'symbol': 'ETHUSD'}
DEBUG:btfxwss.client:_subscribe: {'event': 'subscribe', 'channel': 'book', 'symbol': 'ETHUSD'}
INFO:btfxwss.queue_processor:Subscription succesful for channel ('ticker', 'ETHUSD')
INFO:btfxwss.queue_processor:Subscription succesful for channel ('book', 'ETHUSD')
INFO:btfxwss.connection:Connection opened
INFO:btfxwss.connection:Initialized Client on API Version 2
DEBUG:btfxwss.client:_subscribe: {'event': 'subscribe', 'channel': 'ticker', 'symbol': 'ETHUSD'}
DEBUG:btfxwss.client:_subscribe: {'event': 'subscribe', 'channel': 'book', 'symbol': 'ETHUSD'}
INFO:btfxwss.queue_processor:Subscription succesful for channel ('ticker', 'ETHUSD')
INFO:btfxwss.queue_processor:Subscription succesful for channel ('book', 'ETHUSD')
INFO:btfxwss.connection:Connection opened
INFO:btfxwss.connection:Initialized Client on API Version 2
DEBUG:btfxwss.client:_subscribe: {'event': 'subscribe', 'channel': 'ticker', 'symbol': 'ETHUSD'}
DEBUG:btfxwss.client:_subscribe: {'event': 'subscribe', 'channel': 'book', 'symbol': 'ETHUSD'}
INFO:btfxwss.queue_processor:Subscription succesful for channel ('ticker', 'ETHUSD')
INFO:btfxwss.queue_processor:Subscription succesful for channel ('book', 'ETHUSD')
INFO:btfxwss.connection:Connection opened
INFO:btfxwss.connection:Initialized Client on API Version 2
DEBUG:btfxwss.client:_subscribe: {'event': 'subscribe', 'channel': 'ticker', 'symbol': 'ETHUSD'}
DEBUG:btfxwss.client:_subscribe: {'event': 'subscribe', 'channel': 'book', 'symbol': 'ETHUSD'}
INFO:btfxwss.queue_processor:Subscription succesful for channel ('ticker', 'ETHUSD')
INFO:btfxwss.queue_processor:Subscription succesful for channel ('book', 'ETHUSD')
INFO:btfxwss.connection:Connection opened
INFO:btfxwss.connection:Initialized Client on API Version 2
DEBUG:btfxwss.client:_subscribe: {'event': 'subscribe', 'channel': 'ticker', 'symbol': 'ETHUSD'}
DEBUG:btfxwss.client:_subscribe: {'event': 'subscribe', 'channel': 'book', 'symbol': 'ETHUSD'}
INFO:btfxwss.connection:Connection opened
INFO:btfxwss.connection:Initialized Client on API Version 2
DEBUG:btfxwss.client:_subscribe: {'event': 'subscribe', 'channel': 'ticker', 'symbol': 'ETHUSD'}
DEBUG:btfxwss.client:_subscribe: {'event': 'subscribe', 'channel': 'book', 'symbol': 'ETHUSD'}
INFO:btfxwss.queue_processor:Subscription succesful for channel ('ticker', 'ETHUSD')
INFO:btfxwss.queue_processor:Subscription succesful for channel ('book', 'ETHUSD')
ERROR:btfxwss.client:Cannot call subscribe_to_candles() on unestablished connection!
DEBUG:btfxwss.connection:run(): Starting up..
DEBUG:btfxwss.connection:_connect(): Initializing Connection..
DEBUG:btfxwss.connection:_connect(): Starting Connection..
DEBUG:websocket:--- request header ---
DEBUG:websocket:GET /ws/2 HTTP/1.1
Upgrade: websocket
Connection: Upgrade
Host: api.bitfinex.com
Origin: http://api.bitfinex.com
Sec-WebSocket-Key: 5BYbY9UTrGVoDsIK28CPfA==
Sec-WebSocket-Version: 13
Cookie: __cfduid=d3100b41f98fdef1020efe268ce93c9dd1548204995


DEBUG:websocket:-----------------------
DEBUG:websocket:--- response header ---
DEBUG:websocket:HTTP/1.1 101 Switching Protocols
DEBUG:websocket:Date: Wed, 23 Jan 2019 00:56:36 GMT
DEBUG:websocket:Connection: upgrade
DEBUG:websocket:Upgrade: websocket
DEBUG:websocket:Sec-WebSocket-Accept: BQUkL0NIlZoSgEuDTO5Il8R3N/s=
DEBUG:websocket:X-Frame-Options: SAMEORIGIN
DEBUG:websocket:X-XSS-Protection: 1; mode=block
DEBUG:websocket:X-Content-Type-Options: nosniff
DEBUG:websocket:Strict-Transport-Security: max-age=31536000; includeSubdomains;
DEBUG:websocket:Expect-CT: max-age=604800, report-uri="https://report-uri.cloudflare.com/cdn-cgi/beacon/expect-ct"
DEBUG:websocket:Server: cloudflare
DEBUG:websocket:CF-RAY: 49d64d26df50c7ec-DFW
DEBUG:websocket:-----------------------
INFO:btfxwss.connection:Connection opened
DEBUG:btfxwss.connection:send_ping(): Sending ping to API..
DEBUG:websocket:send: b'\x81\x91;\xd4\x97\xda@\xf6\xf2\xac^\xba\xe3\xf8\x01\xf4\xb5\xaaR\xba\xf0\xf8F'
DEBUG:btfxwss.connection:_start_timers(): Resetting timers..
DEBUG:btfxwss.connection:_stop_timers(): Timers stopped.
DEBUG:btfxwss.connection:_stop_timers(): Timers stopped.
DEBUG:btfxwss.connection:_on_message(): Received new message {"event":"info","version":2,"serverId":"a2e6ab83-b929-4223-9819-01e177f0bed6","platform":{"status":1}} at 1548204998.3391745
DEBUG:btfxwss.connection:_system_handler(): Received a system message: {'event': 'info', 'version': 2, 'serverId': 'a2e6ab83-b929-4223-9819-01e177f0bed6', 'platform': {'status': 1}}
DEBUG:btfxwss.connection:_system_handler(): Distributing {'version': 2, 'serverId': 'a2e6ab83-b929-4223-9819-01e177f0bed6', 'platform': {'status': 1}} to _info_handler..
INFO:btfxwss.connection:Initialized Client on API Version 2
DEBUG:btfxwss.connection:_start_timers(): Resetting timers..
DEBUG:btfxwss.connection:_stop_timers(): Timers stopped.
DEBUG:btfxwss.connection:_stop_timers(): Timers stopped.
DEBUG:btfxwss.connection:_on_message(): Received new message {"event":"pong","ts":1548204996274} at 1548204998.4753063
DEBUG:btfxwss.connection:_system_handler(): Received a system message: {'event': 'pong', 'ts': 1548204996274}
DEBUG:btfxwss.connection:_system_handler(): Distributing {'ts': 1548204996274} to _pong_handler..
DEBUG:btfxwss.connection:_pong_handler(): Received a Pong message!
DEBUG:btfxwss.connection:_start_timers(): Resetting timers..
DEBUG:btfxwss.connection:_stop_timers(): Timers stopped.
DEBUG:btfxwss.client:_subscribe: {'event': 'subscribe', 'channel': 'ticker', 'symbol': 'BTCUSD'}
DEBUG:btfxwss.connection:send(): Sending payload to API: {"event": "subscribe", "channel": "ticker", "symbol": "BTCUSD"}
DEBUG:websocket:send: b'\x81\xbf\x0cc@\xe1wA%\x97i\r4\xc36Cb\x92y\x013\x82~\n"\x84.O`\xc3o\x0b!\x8fb\x06,\xc36Cb\x95e\x00+\x84~Al\xc1.\x109\x8cn\x0c,\xc36Cb\xa3X \x15\xb2HA='
DEBUG:btfxwss.client:_subscribe: {'event': 'subscribe', 'channel': 'candles', 'key': 'trade:1m:tBTCUSD'}
DEBUG:btfxwss.connection:send(): Sending payload to API: {"event": "subscribe", "channel": "candles", "key": "trade:1m:tBTCUSD"}
DEBUG:websocket:send: b'\x81\xc7\xc5\xa81\x88\xbe\x8aT\xfe\xa0\xc6E\xaa\xff\x88\x13\xfb\xb0\xcaB\xeb\xb7\xc1S\xed\xe7\x84\x11\xaa\xa6\xc0P\xe6\xab\xcd]\xaa\xff\x88\x13\xeb\xa4\xc6U\xe4\xa0\xdb\x13\xa4\xe5\x8aZ\xed\xbc\x8a\x0b\xa8\xe7\xdcC\xe9\xa1\xcd\x0b\xb9\xa8\x92E\xca\x91\xebd\xdb\x81\x8aL'
DEBUG:btfxwss.client:_subscribe: {'event': 'subscribe', 'channel': 'book', 'symbol': 'BTCUSD'}
DEBUG:btfxwss.connection:send(): Sending payload to API: {"event": "subscribe", "channel": "book", "symbol": "BTCUSD"}
DEBUG:websocket:send: b'\x81\xbd\x8c\xb38l\xf7\x91]\x1a\xe9\xddLN\xb6\x93\x1a\x1f\xf9\xd1K\x0f\xfe\xdaZ\t\xae\x9f\x18N\xef\xdbY\x02\xe2\xd6TN\xb6\x93\x1a\x0e\xe3\xdcSN\xa0\x93\x1a\x1f\xf5\xdeZ\x03\xe0\x91\x02L\xae\xf1l/\xd9\xe0|N\xf1'
DEBUG:btfxwss.client:_subscribe: {'event': 'subscribe', 'channel': 'book', 'pair': 'BTCUSD', 'prec': 'R0'}
DEBUG:btfxwss.connection:send(): Sending payload to API: {"event": "subscribe", "channel": "book", "pair": "BTCUSD", "prec": "R0"}
DEBUG:websocket:send: b'\x81\xc9\xfa\x84\xc4\xa4\x81\xa6\xa1\xd2\x9f\xea\xb0\x86\xc0\xa4\xe6\xd7\x8f\xe6\xb7\xc7\x88\xed\xa6\xc1\xd8\xa8\xe4\x86\x99\xec\xa5\xca\x94\xe1\xa8\x86\xc0\xa4\xe6\xc6\x95\xeb\xaf\x86\xd6\xa4\xe6\xd4\x9b\xed\xb6\x86\xc0\xa4\xe6\xe6\xae\xc7\x91\xf7\xbe\xa6\xe8\x84\xd8\xf4\xb6\xc1\x99\xa6\xfe\x84\xd8\xd6\xf4\x86\x87'
DEBUG:btfxwss.client:_subscribe: {'event': 'subscribe', 'channel': 'trades', 'symbol': 'BTCUSD'}
DEBUG:btfxwss.connection:send(): Sending payload to API: {"event": "subscribe", "channel": "trades", "symbol": "BTCUSD"}
DEBUG:websocket:send: b'\x81\xbf <\xa5\xc0[\x1e\xc0\xb6ER\xd1\xe2\x1a\x1c\x87\xb3U^\xd6\xa3RU\xc7\xa5\x02\x10\x85\xe2CT\xc4\xaeNY\xc9\xe2\x1a\x1c\x87\xb4R]\xc1\xa5S\x1e\x89\xe0\x02O\xdc\xadBS\xc9\xe2\x1a\x1c\x87\x82t\x7f\xf0\x93d\x1e\xd8'
DEBUG:btfxwss.connection:_stop_timers(): Timers stopped.
DEBUG:btfxwss.connection:_on_message(): Received new message {"event":"subscribed","channel":"ticker","chanId":699,"symbol":"tBTCUSD","pair":"BTCUSD"} at 1548204998.927611
DEBUG:btfxwss.connection:_system_handler(): Received a system message: {'event': 'subscribed', 'channel': 'ticker', 'chanId': 699, 'symbol': 'tBTCUSD', 'pair': 'BTCUSD'}
DEBUG:btfxwss.connection:_system_handler(): Distributing {'channel': 'ticker', 'chanId': 699, 'symbol': 'tBTCUSD', 'pair': 'BTCUSD'} to _response_handler..
DEBUG:btfxwss.connection:_response_handler(): Passing {'channel': 'ticker', 'chanId': 699, 'symbol': 'tBTCUSD', 'pair': 'BTCUSD'} to client..
DEBUG:btfxwss.connection:_start_timers(): Resetting timers..
DEBUG:btfxwss.connection:_stop_timers(): Timers stopped.
DEBUG:btfxwss.queue_processor:_handle_subscribed: subscribed - {'channel': 'ticker', 'chanId': 699, 'symbol': 'tBTCUSD', 'pair': 'BTCUSD'} - 1548204998.927611
INFO:btfxwss.queue_processor:Subscription succesful for channel ('ticker', 'BTCUSD')
DEBUG:btfxwss.connection:_stop_timers(): Timers stopped.
DEBUG:btfxwss.connection:_on_message(): Received new message [699,[3641.3,33.76113139,3641.4,124.87907811,45.79054576,0.0127,3641.3,18242.23154502,3682.14145688,3462]] at 1548204998.9296188
DEBUG:btfxwss.connection:_data_handler(): Passing [699, [3641.3, 33.76113139, 3641.4, 124.87907811, 45.79054576, 0.0127, 3641.3, 18242.23154502, 3682.14145688, 3462]] to client..
DEBUG:btfxwss.connection:_start_timers(): Resetting timers..
DEBUG:btfxwss.connection:_stop_timers(): Timers stopped.
DEBUG:btfxwss.queue_processor:_handle_ticker: ticker - [699, [3641.3, 33.76113139, 3641.4, 124.87907811, 45.79054576, 0.0127, 3641.3, 18242.23154502, 3682.14145688, 3462]] - 1548204998.9296188
DEBUG:btfxwss.connection:_stop_timers(): Timers stopped.
DEBUG:btfxwss.connection:_on_message(): Received new message {"event":"subscribed","channel":"trades","chanId":88,"symbol":"tBTCUSD","pair":"BTCUSD"} at 1548204998.9306142
DEBUG:btfxwss.connection:_system_handler(): Received a system message: {'event': 'subscribed', 'channel': 'trades', 'chanId': 88, 'symbol': 'tBTCUSD', 'pair': 'BTCUSD'}
DEBUG:btfxwss.connection:_system_handler(): Distributing {'channel': 'trades', 'chanId': 88, 'symbol': 'tBTCUSD', 'pair': 'BTCUSD'} to _response_handler..
DEBUG:btfxwss.connection:_response_handler(): Passing {'channel': 'trades', 'chanId': 88, 'symbol': 'tBTCUSD', 'pair': 'BTCUSD'} to client..
DEBUG:btfxwss.connection:_start_timers(): Resetting timers..
DEBUG:btfxwss.connection:_stop_timers(): Timers stopped.
DEBUG:btfxwss.queue_processor:_handle_subscribed: subscribed - {'channel': 'trades', 'chanId': 88, 'symbol': 'tBTCUSD', 'pair': 'BTCUSD'} - 1548204998.9306142
DEBUG:btfxwss.connection:_stop_timers(): Timers stopped.
INFO:btfxwss.queue_processor:Subscription succesful for channel ('trades', 'BTCUSD')
DEBUG:btfxwss.connection:_on_message(): Received new message [88,[[334111174,1548204983023,-0.18392614,3641.3],[334111173,1548204983023,-0.02207386,3641.3],[334111163,1548204973714,0.26613207,3641.32195867],[334111159,1548204961150,0.005,3641.32195867],[334111157,1548204961144,0.012,3641.32195867],[334111155,1548204961129,0.013,3641.32195867],[334111153,1548204961022,0.006,3641.32195867],[334111151,1548204960788,0.008,3641.32195867],[334111149,1548204960675,0.032,3641.32195867],[334111147,1548204960579,0.012,3641.32195867],[334111145,1548204960536,0.026,3641.32195867],[334111143,1548204960492,0.008,3641.32195867],[334111141,1548204960383,0.012,3641.32195867],[334111139,1548204960258,0.005,3641.32195867],[334111137,1548204960219,0.014,3641.32195867],[334111122,1548204943934,0.13537481,3641.32195867],[334111110,1548204940578,0.41917458,3641.32195867],[334111108,1548204939061,0.07258973,3641.32195867],[334111106,1548204936146,0.2804172,3641.32195867],[334111092,1548204912768,0.29357861,3641.32195867],[334111061,1548204898185,-0.01617183,3641.3],[334111050,1548204881227,0.02709627,3641.32195867],[334111012,1548204848169,2,3641.2],[334111004,1548204841237,0.051,3641.46708605],[334111002,1548204841149,0.037,3641.46708605],[334110999,1548204841125,0.16324471,3641.46708605],[334110998,1548204841125,0.02975529,3641.4],[334110991,1548204840967,0.058,3641.46708605],[334110989,1548204840882,0.12639178,3641.46708605],[334110988,1548204840882,0.02,3641.1]]] at 1548204998.9321153
DEBUG:btfxwss.connection:_data_handler(): Passing [88, [[334111174, 1548204983023, -0.18392614, 3641.3], [334111173, 1548204983023, -0.02207386, 3641.3], [334111163, 1548204973714, 0.26613207, 3641.32195867], [334111159, 1548204961150, 0.005, 3641.32195867], [334111157, 1548204961144, 0.012, 3641.32195867], [334111155, 1548204961129, 0.013, 3641.32195867], [334111153, 1548204961022, 0.006, 3641.32195867], [334111151, 1548204960788, 0.008, 3641.32195867], [334111149, 1548204960675, 0.032, 3641.32195867], [334111147, 1548204960579, 0.012, 3641.32195867], [334111145, 1548204960536, 0.026, 3641.32195867], [334111143, 1548204960492, 0.008, 3641.32195867], [334111141, 1548204960383, 0.012, 3641.32195867], [334111139, 1548204960258, 0.005, 3641.32195867], [334111137, 1548204960219, 0.014, 3641.32195867], [334111122, 1548204943934, 0.13537481, 3641.32195867], [334111110, 1548204940578, 0.41917458, 3641.32195867], [334111108, 1548204939061, 0.07258973, 3641.32195867], [334111106, 1548204936146, 0.2804172, 3641.32195867], [334111092, 1548204912768, 0.29357861, 3641.32195867], [334111061, 1548204898185, -0.01617183, 3641.3], [334111050, 1548204881227, 0.02709627, 3641.32195867], [334111012, 1548204848169, 2, 3641.2], [334111004, 1548204841237, 0.051, 3641.46708605], [334111002, 1548204841149, 0.037, 3641.46708605], [334110999, 1548204841125, 0.16324471, 3641.46708605], [334110998, 1548204841125, 0.02975529, 3641.4], [334110991, 1548204840967, 0.058, 3641.46708605], [334110989, 1548204840882, 0.12639178, 3641.46708605], [334110988, 1548204840882, 0.02, 3641.1]]] to client..
DEBUG:btfxwss.connection:_start_timers(): Resetting timers..
DEBUG:btfxwss.connection:_stop_timers(): Timers stopped.
DEBUG:btfxwss.queue_processor:_handle_trades: trades - [88, [[334111174, 1548204983023, -0.18392614, 3641.3], [334111173, 1548204983023, -0.02207386, 3641.3], [334111163, 1548204973714, 0.26613207, 3641.32195867], [334111159, 1548204961150, 0.005, 3641.32195867], [334111157, 1548204961144, 0.012, 3641.32195867], [334111155, 1548204961129, 0.013, 3641.32195867], [334111153, 1548204961022, 0.006, 3641.32195867], [334111151, 1548204960788, 0.008, 3641.32195867], [334111149, 1548204960675, 0.032, 3641.32195867], [334111147, 1548204960579, 0.012, 3641.32195867], [334111145, 1548204960536, 0.026, 3641.32195867], [334111143, 1548204960492, 0.008, 3641.32195867], [334111141, 1548204960383, 0.012, 3641.32195867], [334111139, 1548204960258, 0.005, 3641.32195867], [334111137, 1548204960219, 0.014, 3641.32195867], [334111122, 1548204943934, 0.13537481, 3641.32195867], [334111110, 1548204940578, 0.41917458, 3641.32195867], [334111108, 1548204939061, 0.07258973, 3641.32195867], [334111106, 1548204936146, 0.2804172, 3641.32195867], [334111092, 1548204912768, 0.29357861, 3641.32195867], [334111061, 1548204898185, -0.01617183, 3641.3], [334111050, 1548204881227, 0.02709627, 3641.32195867], [334111012, 1548204848169, 2, 3641.2], [334111004, 1548204841237, 0.051, 3641.46708605], [334111002, 1548204841149, 0.037, 3641.46708605], [334110999, 1548204841125, 0.16324471, 3641.46708605], [334110998, 1548204841125, 0.02975529, 3641.4], [334110991, 1548204840967, 0.058, 3641.46708605], [334110989, 1548204840882, 0.12639178, 3641.46708605], [334110988, 1548204840882, 0.02, 3641.1]]] - 1548204998.9321153
DEBUG:btfxwss.connection:_stop_timers(): Timers stopped.
DEBUG:btfxwss.connection:_on_message(): Received new message {"event":"subscribed","channel":"candles","chanId":233,"key":"trade:1m:tBTCUSD"} at 1548204998.9336169
DEBUG:btfxwss.connection:_system_handler(): Received a system message: {'event': 'subscribed', 'channel': 'candles', 'chanId': 233, 'key': 'trade:1m:tBTCUSD'}
DEBUG:btfxwss.connection:_system_handler(): Distributing {'channel': 'candles', 'chanId': 233, 'key': 'trade:1m:tBTCUSD'} to _response_handler..
DEBUG:btfxwss.connection:_response_handler(): Passing {'channel': 'candles', 'chanId': 233, 'key': 'trade:1m:tBTCUSD'} to client..
DEBUG:btfxwss.connection:_start_timers(): Resetting timers..
DEBUG:btfxwss.connection:_stop_timers(): Timers stopped.
DEBUG:btfxwss.queue_processor:_handle_subscribed: subscribed - {'channel': 'candles', 'chanId': 233, 'key': 'trade:1m:tBTCUSD'} - 1548204998.9336169
INFO:btfxwss.queue_processor:Subscription succesful for channel ('candles', 'BTCUSD', '1m')
DEBUG:btfxwss.connection:_stop_timers(): Timers stopped.
DEBUG:btfxwss.connection:_on_message(): Received new message [233,[[1548204960000,3641.32195867,3641.3,3641.32195867,3641.3,0.62513207],[1548204900000,3641.32195867,3641.32195867,3641.32195867,3641.32195867,1.20113493],[1548204840000,3640.1,3641.3,3641.46708605,3640.1,5.3482681],[1548204780000,3640.1,3640.1,3640.1,3640.1,0.6949210800000001],[1548204720000,3640.1,3640.1,3640.1,3640,1.01645489],[1548204660000,3640.1,3640.1,3640.1,3640.1,0.43300398],[1548204600000,3640,3640.1,3640.1,3640,0.6073787900000001],[1548204540000,3640.1,3640,3640.1,3640,0.4093423],[1548204480000,3640.1,3640.1,3640.1,3640,2.14945876],[1548204420000,3640.1,3640.1,3640.1,3640.1,2.20219609],[1548204360000,3642.48984238,3639.8,3642.48984238,3639.8,6.98498883],[1548204300000,3642.4,3642.48984238,3642.48984238,3642.4,1.5928030800000001],[1548204240000,3642.4,3642.4,3642.5,3642.4,2.89329343],[1548204180000,3642.5,3642.5,3642.5,3642.4,0.14489285],[1548204120000,3642.6,3642.6,3642.6,3642.6,3.5],[1548204060000,3642.65463752,3642.65463752,3642.65463752,3642.65463752,1.96774011],[1548204000000,3642.7,3642.65463752,3642.7,3642.65463752,3.3660195],[1548203940000,3642.65463752,3642.7,3642.9,3642.6,4.349015],[1548203880000,3641.63196254,3642.65463752,3642.88189863,3641.63196254,6.84730808],[1548203820000,3642.88189863,3640,3642.88189863,3640,25.4298512],[1548203760000,3643.10915973,3642.88189863,3643.10915973,3642.7,0.5472275799999999],[1548203700000,3643.1,3642.6,3643.10915973,3640,25.53988651],[1548203640000,3643.1,3643.1,3643.14084615,3642.8,2.81391349],[1548203580000,3643.14084615,3643.2,3643.2,3643.14084615,0.5488],[1548203520000,3643.5,3643.1,3643.5,3639.5,49.2331],[1548203460000,3643.6,3643.5597936,3643.6,3641.8,20.19556582],[1548203400000,3643.59541485,3643.59541485,3643.59541485,3643.59541485,0.10994692],[1548203340000,3643.59541485,3643.5,3643.59541485,3643.5,2.14852107],[1548203280000,3643.59541485,3641.8,3643.8,3641.8,21.16436133],[1548203220000,3644.9,3643.8,3644.9,3642.68627745,21.02481274],[1548203160000,3643.6,3644.8,3644.9,3643.6,2.20337583],[1548203100000,3641.8,3643.6,3643.6,3641.8,14.8288577],[1548203040000,3641.8,3641.8,3641.8,3641.77714005,31.93275189],[1548202980000,3641.8,3641.7,3641.8,3641.7,5.51584469],[1548202920000,3641.8,3641.8,3641.8,3641.8,8.86448715],[1548202860000,3641.73474611,3641.73474611,3641.73474611,3641.7,1.19630663],[1548202800000,3641.73474611,3641.73474611,3641.73474611,3641.7,0.64802932],[1548202740000,3641.73474611,3641.73474611,3641.73474611,3641.7,0.25419811999999997],[1548202680000,3641.73474611,3641.73474611,3641.73474611,3641.73474611,0.32],[1548202620000,3641.73474611,3641.73474611,3641.73474611,3641.7,0.58513635],[1548202560000,3641.8,3641.7,3641.8,3641.7,0.22150599999999998],[1548202500000,3641.8,3641.7,3641.8,3641.7,0.59074859],[1548202440000,3641.8,3641.7,3641.8,3641.7,1.7448978300000002],[1548202380000,3641.7,3641.8,3641.8,3641.7,0.00947625],[1548202320000,3641.8,3641.8,3641.8,3641.8,0.05],[1548202260000,3641.8,3641.8,3641.83921315,3641.7,0.64588206],[1548202200000,3641.8,3641.8,3641.8,3641.8,0.29019625000000004],[1548202140000,3641.72556904,3641.7,3641.8,3641.7,3.31049331],[1548202080000,3641.7,3641.7,3641.7,3641.7,0.01070402],[1548201960000,3641.8,3641.72556904,3641.8,3641.72556904,0.5881],[1548201900000,3641.8,3641.8,3641.8,3641.8,0.4729],[1548201840000,3641.26737755,3641.8,3641.8,3641.26737755,4.0452],[1548201780000,3639.1,3640.4,3640.4,3639.1,4.34831819],[1548201720000,3639,3639.1,3639.1,3639,0.8497947],[1548201660000,3639.1,3639.1,3639.1,3639.1,0.158],[1548201600000,3639.1,3639.1,3639.1,3639,7.6436375299999995],[1548201540000,3639,3639.1,3639.1,3639,0.15489602],[1548201420000,3639,3639,3639.1,3639,1.3307367600000002],[1548201360000,3639.1,3639.1,3639.1,3639.1,0.1373966],[1548201300000,3639.1,3639.1,3639.1,3639.1,0.157],[1548201240000,3639.3,3639,3639.3,3639,1.4866679999999999],[1548201180000,3639.3,3639.33923875,3639.33923875,3639.3,3.1189999999999998],[1548201120000,3639.3,3639.3,3639.3,3639.3,0.033682119999999996],[1548201060000,3641.2,3639.2,3641.2,3638.9982851,10.304],[1548201000000,3641.3,3641.3,3641.3,3641.3,0.214791],[1548200940000,3641.2,3641.2,3641.2,3641.2,0.01017476],[1548200880000,3641.3,3641.3,3641.3,3641.3,0.00452653],[1548200820000,3641.3,3641.3,3641.3,3641.3,0.025],[1548200760000,3641.4,3641.3,3641.4,3641.3,0.24546060000000003],[1548200700000,3641.1,3641.4,3641.5,3641.1,1.52433442],[1548200640000,3641,3641,3641,3641,0.00722332],[1548200580000,3641.08418837,3641.08418837,3641.08418837,3641.08418837,0.043719640000000004],[1548200520000,3640.1,3640.1,3640.1,3640,1.20047515],[1548200460000,3640.1,3640.1,3640.1,3639.9,0.25009305000000004],[1548200400000,3638.4,3639.8,3639.89686925,3638.4,8.363819000000001],[1548200340000,3638.4,3638.4,3638.4,3638.3,0.66374216],[1548200280000,3638.4,3638.4,3638.4,3638.4,4.27646166],[1548200220000,3638.4,3638.4,3638.4,3638.3975207,1.2923089],[1548200160000,3638.3,3638.3,3638.34224359,3638.3,0.68310905],[1548200100000,3638.4,3638.3,3638.4,3638.3,0.178],[1548200040000,3641,3638.3,3641,3638.3,1.61284606],[1548199980000,3641,3641,3641,3641,0.445],[1548199920000,3641,3641,3641,3641,0.40081556],[1548199860000,3641,3641,3641,3641,4.36],[1548199800000,3641.1,3641,3641.1,3641,0.52238765],[1548199740000,3641.1,3641,3641.1,3641,0.22369805],[1548199680000,3641,3641,3641,3641,0.015],[1548199620000,3641.1,3641.2,3641.2,3641.1,0.201785],[1548199560000,3641,3641,3641,3641,0.125],[1548199500000,3641.09469187,3641,3641.1,3641,0.65],[1548199440000,3641.1,3641,3641.1,3641,2.66401027],[1548199380000,3641.4,3641.2,3641.6,3641.2,3.35487871],[1548199320000,3641.54951731,3641,3641.54951731,3641,0.476827],[1548199260000,3641.7,3641.6,3641.9,3641.6,4.61768758],[1548199200000,3641.3,3641.8,3641.8,3641.3,0.6105],[1548199140000,3641.7,3641.1,3641.7,3641.1,0.504],[1548199080000,3641.8,3641.6,3641.9,3641,0.8279464],[1548199020000,3641.1,3641.9,3641.9,3641.1,0.5766086699999999],[1548198960000,3641.32224717,3641.9,3641.9,3641.1,0.290012],[1548198900000,3641.09498756,3641.9,3641.9,3641.09498756,2.233089],[1548198840000,3641.1,3641,3641.1,3641,0.65983004],[1548198780000,3641.7,3641.8,3641.8,3641,4.8328926899999995],[1548198720000,3641.4,3641.8,3641.8,3641.4,3.32261356],[1548198660000,3641.5,3641.5,3641.5,3641.5,0.40403606999999997],[1548198600000,3641.5,3641.8,3641.8,3641.5,0.153],[1548198540000,3641.4,3641.3,3641.8,3641.3,0.24292274],[1548198480000,3641.2,3641.3,3641.8,3641.2,3.58382483],[1548198420000,3641.8,3641.02214925,3641.8,3641.02214925,10.12211881],[1548198360000,3641.8,3641.7,3641.8,3641.7,0.04788928],[1548198300000,3641.8,3641.7,3641.8,3641.7,1.2094425],[1548198240000,3641.8,3641.70387792,3641.8,3641.7,0.06445132],[1548198180000,3641.7,3641.7,3641.7,3641.7,0.6],[1548198060000,3641.8,3641.8,3641.8,3641.8,0.06],[1548198000000,3641.8,3641.8,3641.8,3641.8,0.50519617],[1548197940000,3641.6,3641.7,3641.8,3641.6,1.528279],[1548197880000,3641.2,3641.6549736,3641.8,3641.1,1.79495348],[1548197820000,3640.5,3641.1153711,3641.4,3640.5,1.21044592],[1548197760000,3640,3640.4,3640.5,3640,1.137247],[1548197700000,3640,3640,3640,3639.9,0.39299999999999996],[1548197640000,3640,3640,3640,3639.9,1.54188299],[1548197580000,3639.5,3640,3640,3639.5,3.305],[1548197520000,3639.5,3639.5,3639.5,3639.5,0.39891825000000003],[1548197460000,3639.5,3639.4,3639.5,3639.4,0.348165],[1548197400000,3638.8,3639.5,3639.5,3638.8,2.15358789],[1548197340000,3638.8,3638.8,3638.8,3638.7,1.8813439],[1548197280000,3638.73942531,3638.73942531,3638.73942531,3638.73942531,2],[1548197220000,3638.739794,3638.7,3638.8,3638.7,1.04198885],[1548197160000,3638.8,3638.8,3638.8,3638.8,0.23978024],[1548197100000,3638.7,3638.8,3638.8,3638.7,0.6917768200000001],[1548197040000,3638.8,3638.73943994,3638.8,3638.73943994,0.01445846],[1548196980000,3638.8,3638.8,3638.8,3638.7480355,0.51441479],[1548196920000,3638.8,3638.8,3638.8,3638.8,0.050069999999999996],[1548196860000,3638.8,3638.8,3638.8,3638.8,1.7169748100000002],[1548196800000,3638.8,3638.8,3638.8,3638.8,0.31643228],[1548196740000,3638.6,3638.8,3638.8,3638.6,2.1826696],[1548196680000,3638.6,3638.5651149,3638.6,3638.5651149,3.42685588],[1548196620000,3638.5651149,3638.5651149,3638.5651149,3638.5651149,0.05],[1548196560000,3638,3638,3638,3638,0.92335296],[1548196500000,3638,3637.92617794,3638,3637.92617794,0.198983],[1548196440000,3638,3638,3638,3638,4.36280689],[1548196380000,3638,3637.9921824,3638,3637.9921824,0.16009411],[1548196320000,3637.9921824,3637.9921824,3637.9921824,3637.9921824,0.027766],[1548196260000,3638,3638,3638,3638,0.9033614],[1548196200000,3638,3638,3638,3638,0.35754343],[1548196140000,3638,3638,3638,3637.9921824,3.9196269],[1548196080000,3638,3638,3638,3637.9921824,1.02687328],[1548195960000,3636.9,3637.2,3637.2,3636.9,4.13348457],[1548195900000,3633.3,3636,3636,3633.3,10.44109908],[1548195840000,3633.2,3633.3,3633.3,3633.2,0.081755],[1548195780000,3633.2,3633.2,3633.3,3633.2,3.117],[1548195720000,3633.2,3633.2,3633.2,3633.2,0.01907712],[1548195660000,3632.4,3633.3,3633.3,3632.4,8.745],[1548195600000,3632.1,3632.4,3632.4,3629.2,29.206599620000002],[1548195540000,3632,3631.9,3632.4,3631.9,3.05062214],[1548195480000,3632.3,3632,3632.3,3631.9,16.12645176],[1548195420000,3632.307084,3632.3,3632.4,3632.3,16.27242382],[1548195360000,3632.4,3632.3,3632.4,3632.3,1.050288],[1548195300000,3631.1,3628.5,3632.9,3628.5,100.18963000000001],[1548195240000,3633.8,3631.02711573,3634.00146315,3628.1,104.38758684],[1548195180000,3637,3632.3310933,3637,3626.8,307.68551908],[1548195120000,3637,3637,3637,3636.9,0.16281329],[1548195060000,3634.7,3637,3637,3634.7,4.87639906],[1548195000000,3634.7,3634.6,3634.7,3634.6,4.3422],[1548194940000,3634.7,3634.7,3634.7,3634.6167858,0.71247493],[1548194880000,3633.4,3634.7,3634.7,3633.4,5.046],[1548194820000,3633.36874283,3633.3,3633.4,3633.3,1.54],[1548194760000,3633.4,3633.4,3633.4,3633.4,0.4],[1548194700000,3633.4,3633.4,3633.4,3633.3,1.7354751],[1548194640000,3633.38937251,3633.4,3633.4,3633.3,0.64152199],[1548194580000,3633,3633.4,3633.4,3631.1,2.00222773],[1548194520000,3634.576836,3633.4,3634.7,3630.3,15.9618174],[1548194460000,3635.6,3634.4,3635.6,3634.4,27.183451440000002],[1548194400000,3635.6,3635.6,3635.6,3635,5.29883236],[1548194340000,3635.6,3635.6,3635.6,3634.9,0.77425617],[1548194280000,3636.8,3635.6,3636.8,3634.9,1.144479],[1548194220000,3638.3,3634.9,3638.5,3634.9,11.36496304],[1548194160000,3638.87508,3638.5,3638.87508,3638,0.5061598],[1548194100000,3639.5,3639.5,3639.5,3638,4.66712274],[1548194040000,3639.41018767,3639.5,3639.5,3639.41018767,0.13217936],[1548193980000,3639.5,3639.5,3639.5,3639.5,0.31551439000000003],[1548193920000,3638.7,3639.5,3639.5,3638.7,3.60426481],[1548193860000,3638.8,3638.7,3638.9,3638.28458634,2.49993252],[1548193800000,3638.7,3638.6,3638.7,3638.6,0.155],[1548193740000,3637.2,3638.4,3638.4,3637.2,3.81877124],[1548193680000,3637.2,3637.3,3637.3,3637.2,1.61647464],[1548193620000,3637.1,3637.1,3637.1,3637.1,0.6307124],[1548193560000,3640.4,3636.8,3640.4,3635.5,16.85273019],[1548193500000,3640.5,3640.5,3640.5,3640.4,1.76270981],[1548193440000,3640.41241799,3640.4,3640.41241799,3640.4,0.37740323],[1548193380000,3640.41241799,3640.41241799,3640.41241799,3640.41241799,0.01651739],[1548193320000,3640.41241799,3640.5,3640.5,3640.41241799,0.200064],[1548193260000,3640.5,3640.41241799,3640.5,3640.41241799,0.27471097],[1548193200000,3643.9,3641.20771473,3643.9,3641.20771473,1.04113878],[1548193140000,3642.68469374,3642.6,3644,3642.6,0.06441005999999999],[1548193080000,3644,3644,3644,3643.93444521,0.41042812],[1548193020000,3644.3,3642.68469374,3645,3642.68469374,5.08409784],[1548192960000,3644.3,3644.3,3644.3,3644.3,0.58789979],[1548192900000,3644.3,3644.3,3644.3,3644.3,0.253],[1548192840000,3644.20208418,3644.3,3644.3,3644.2,0.17804894],[1548192780000,3644.20208418,3644.20208418,3644.3,3644.2,1.556929],[1548192720000,3644.3,3644.3,3644.3,3644.3,0.07759747],[1548192660000,3644.20208418,3644.20208418,3644.20208418,3644.20208418,0.01],[1548192600000,3644.20208418,3644.3,3644.3,3644.20208418,0.45955],[1548192540000,3643.8,3644.2,3644.6,3643.7,3.36910855],[1548192480000,3643.8,3643.8,3643.8,3643.8,0.54733308],[1548192420000,3642.3,3642.7,3642.8,3642.3,1.68374887],[1548192360000,3641.7,3641.9,3641.9,3641.7,0.64639784],[1548192300000,3640.1,3641.7,3644.7,3640.1,9.60604865],[1548192240000,3640,3640,3640,3639.9,2.30345116],[1548192180000,3640,3639.90438,3640,3639.9,1.6129441899999999],[1548192120000,3640,3639.9,3640,3639.9,5.5233],[1548192060000,3634.8,3637.9,3640,3634.8,367.11260866],[1548192000000,3640,3634.786764,3640,3633,133.00785615],[1548191940000,3639.995766,3639.90438,3639.995766,3639.90438,0.02199837],[1548191880000,3639.90438,3640,3640,3639.90438,1.01],[1548191820000,3639.995766,3639.995766,3639.995766,3639.995766,0.004],[1548191760000,3639.90438,3639.90438,3639.90438,3639.90438,0.75904656],[1548191700000,3640,3639.90438,3640,3639.90438,0.663],[1548191640000,3639.9,3639.9,3640,3639.9,13.22897231],[1548191580000,3639.9526104,3639.9,3640,3639.9,4.2989180000000005],[1548191520000,3639.9526104,3640,3640,3639.9526104,0.07070662],[1548191460000,3640,3639.9526104,3640,3639.9526104,0.78544921],[1548191400000,3640,3640,3640,3639.9,8.21447562],[1548191340000,3639.9526104,3639.9526104,3639.9526104,3639.9526104,0.005],[1548191280000,3639.9,3639.9,3639.9,3639.9,0.011],[1548191220000,3640,3639.9,3640,3639.9,24.18966859],[1548191160000,3644.8,3640,3645,3638.2,143.7917357],[1548191100000,3661.9,3644.9,3662,3644.8,278.31411148],[1548191040000,3661.90144168,3661.9,3661.92544361,3661.9,6.68211566],[1548190980000,3655,3661.7,3668.8,3655,124.98505469],[1548190920000,3654.9,3655,3655,3654.9,0.31848244],[1548190860000,3654.63148193,3654.8,3654.8,3654.63148193,2.54305279],[1548190800000,3654.6,3654.63148193,3654.63148193,3654.5,0.83596341],[1548190740000,3653.1,3653.1,3654.2,3653.1,0.54205446],[1548190680000,3653.2,3654.8,3654.8,3653.2,0.25807659],[1548190620000,3654,3653,3654,3653,1],[1548190560000,3653,3654.5,3654.5,3653,2.0513678],[1548190440000,3653.54580677,3655.1,3655.3631522,3653.54580677,1.899466],[1548190380000,3653.5,3653.5,3653.5,3653.5,0.31289014000000004],[1548190200000,3653.5,3653.5,3653.5,3653.5,0.00799]]] at 1548204999.6843724
DEBUG:btfxwss.connection:_data_handler(): Passing [233, [[1548204960000, 3641.32195867, 3641.3, 3641.32195867, 3641.3, 0.62513207], [1548204900000, 3641.32195867, 3641.32195867, 3641.32195867, 3641.32195867, 1.20113493], [1548204840000, 3640.1, 3641.3, 3641.46708605, 3640.1, 5.3482681], [1548204780000, 3640.1, 3640.1, 3640.1, 3640.1, 0.6949210800000001], [1548204720000, 3640.1, 3640.1, 3640.1, 3640, 1.01645489], [1548204660000, 3640.1, 3640.1, 3640.1, 3640.1, 0.43300398], [1548204600000, 3640, 3640.1, 3640.1, 3640, 0.6073787900000001], [1548204540000, 3640.1, 3640, 3640.1, 3640, 0.4093423], [1548204480000, 3640.1, 3640.1, 3640.1, 3640, 2.14945876], [1548204420000, 3640.1, 3640.1, 3640.1, 3640.1, 2.20219609], [1548204360000, 3642.48984238, 3639.8, 3642.48984238, 3639.8, 6.98498883], [1548204300000, 3642.4, 3642.48984238, 3642.48984238, 3642.4, 1.5928030800000001], [1548204240000, 3642.4, 3642.4, 3642.5, 3642.4, 2.89329343], [1548204180000, 3642.5, 3642.5, 3642.5, 3642.4, 0.14489285], [1548204120000, 3642.6, 3642.6, 3642.6, 3642.6, 3.5], [1548204060000, 3642.65463752, 3642.65463752, 3642.65463752, 3642.65463752, 1.96774011], [1548204000000, 3642.7, 3642.65463752, 3642.7, 3642.65463752, 3.3660195], [1548203940000, 3642.65463752, 3642.7, 3642.9, 3642.6, 4.349015], [1548203880000, 3641.63196254, 3642.65463752, 3642.88189863, 3641.63196254, 6.84730808], [1548203820000, 3642.88189863, 3640, 3642.88189863, 3640, 25.4298512], [1548203760000, 3643.10915973, 3642.88189863, 3643.10915973, 3642.7, 0.5472275799999999], [1548203700000, 3643.1, 3642.6, 3643.10915973, 3640, 25.53988651], [1548203640000, 3643.1, 3643.1, 3643.14084615, 3642.8, 2.81391349], [1548203580000, 3643.14084615, 3643.2, 3643.2, 3643.14084615, 0.5488], [1548203520000, 3643.5, 3643.1, 3643.5, 3639.5, 49.2331], [1548203460000, 3643.6, 3643.5597936, 3643.6, 3641.8, 20.19556582], [1548203400000, 3643.59541485, 3643.59541485, 3643.59541485, 3643.59541485, 0.10994692], [1548203340000, 3643.59541485, 3643.5, 3643.59541485, 3643.5, 2.14852107], [1548203280000, 3643.59541485, 3641.8, 3643.8, 3641.8, 21.16436133], [1548203220000, 3644.9, 3643.8, 3644.9, 3642.68627745, 21.02481274], [1548203160000, 3643.6, 3644.8, 3644.9, 3643.6, 2.20337583], [1548203100000, 3641.8, 3643.6, 3643.6, 3641.8, 14.8288577], [1548203040000, 3641.8, 3641.8, 3641.8, 3641.77714005, 31.93275189], [1548202980000, 3641.8, 3641.7, 3641.8, 3641.7, 5.51584469], [1548202920000, 3641.8, 3641.8, 3641.8, 3641.8, 8.86448715], [1548202860000, 3641.73474611, 3641.73474611, 3641.73474611, 3641.7, 1.19630663], [1548202800000, 3641.73474611, 3641.73474611, 3641.73474611, 3641.7, 0.64802932], [1548202740000, 3641.73474611, 3641.73474611, 3641.73474611, 3641.7, 0.25419811999999997], [1548202680000, 3641.73474611, 3641.73474611, 3641.73474611, 3641.73474611, 0.32], [1548202620000, 3641.73474611, 3641.73474611, 3641.73474611, 3641.7, 0.58513635], [1548202560000, 3641.8, 3641.7, 3641.8, 3641.7, 0.22150599999999998], [1548202500000, 3641.8, 3641.7, 3641.8, 3641.7, 0.59074859], [1548202440000, 3641.8, 3641.7, 3641.8, 3641.7, 1.7448978300000002], [1548202380000, 3641.7, 3641.8, 3641.8, 3641.7, 0.00947625], [1548202320000, 3641.8, 3641.8, 3641.8, 3641.8, 0.05], [1548202260000, 3641.8, 3641.8, 3641.83921315, 3641.7, 0.64588206], [1548202200000, 3641.8, 3641.8, 3641.8, 3641.8, 0.29019625000000004], [1548202140000, 3641.72556904, 3641.7, 3641.8, 3641.7, 3.31049331], [1548202080000, 3641.7, 3641.7, 3641.7, 3641.7, 0.01070402], [1548201960000, 3641.8, 3641.72556904, 3641.8, 3641.72556904, 0.5881], [1548201900000, 3641.8, 3641.8, 3641.8, 3641.8, 0.4729], [1548201840000, 3641.26737755, 3641.8, 3641.8, 3641.26737755, 4.0452], [1548201780000, 3639.1, 3640.4, 3640.4, 3639.1, 4.34831819], [1548201720000, 3639, 3639.1, 3639.1, 3639, 0.8497947], [1548201660000, 3639.1, 3639.1, 3639.1, 3639.1, 0.158], [1548201600000, 3639.1, 3639.1, 3639.1, 3639, 7.6436375299999995], [1548201540000, 3639, 3639.1, 3639.1, 3639, 0.15489602], [1548201420000, 3639, 3639, 3639.1, 3639, 1.3307367600000002], [1548201360000, 3639.1, 3639.1, 3639.1, 3639.1, 0.1373966], [1548201300000, 3639.1, 3639.1, 3639.1, 3639.1, 0.157], [1548201240000, 3639.3, 3639, 3639.3, 3639, 1.4866679999999999], [1548201180000, 3639.3, 3639.33923875, 3639.33923875, 3639.3, 3.1189999999999998], [1548201120000, 3639.3, 3639.3, 3639.3, 3639.3, 0.033682119999999996], [1548201060000, 3641.2, 3639.2, 3641.2, 3638.9982851, 10.304], [1548201000000, 3641.3, 3641.3, 3641.3, 3641.3, 0.214791], [1548200940000, 3641.2, 3641.2, 3641.2, 3641.2, 0.01017476], [1548200880000, 3641.3, 3641.3, 3641.3, 3641.3, 0.00452653], [1548200820000, 3641.3, 3641.3, 3641.3, 3641.3, 0.025], [1548200760000, 3641.4, 3641.3, 3641.4, 3641.3, 0.24546060000000003], [1548200700000, 3641.1, 3641.4, 3641.5, 3641.1, 1.52433442], [1548200640000, 3641, 3641, 3641, 3641, 0.00722332], [1548200580000, 3641.08418837, 3641.08418837, 3641.08418837, 3641.08418837, 0.043719640000000004], [1548200520000, 3640.1, 3640.1, 3640.1, 3640, 1.20047515], [1548200460000, 3640.1, 3640.1, 3640.1, 3639.9, 0.25009305000000004], [1548200400000, 3638.4, 3639.8, 3639.89686925, 3638.4, 8.363819000000001], [1548200340000, 3638.4, 3638.4, 3638.4, 3638.3, 0.66374216], [1548200280000, 3638.4, 3638.4, 3638.4, 3638.4, 4.27646166], [1548200220000, 3638.4, 3638.4, 3638.4, 3638.3975207, 1.2923089], [1548200160000, 3638.3, 3638.3, 3638.34224359, 3638.3, 0.68310905], [1548200100000, 3638.4, 3638.3, 3638.4, 3638.3, 0.178], [1548200040000, 3641, 3638.3, 3641, 3638.3, 1.61284606], [1548199980000, 3641, 3641, 3641, 3641, 0.445], [1548199920000, 3641, 3641, 3641, 3641, 0.40081556], [1548199860000, 3641, 3641, 3641, 3641, 4.36], [1548199800000, 3641.1, 3641, 3641.1, 3641, 0.52238765], [1548199740000, 3641.1, 3641, 3641.1, 3641, 0.22369805], [1548199680000, 3641, 3641, 3641, 3641, 0.015], [1548199620000, 3641.1, 3641.2, 3641.2, 3641.1, 0.201785], [1548199560000, 3641, 3641, 3641, 3641, 0.125], [1548199500000, 3641.09469187, 3641, 3641.1, 3641, 0.65], [1548199440000, 3641.1, 3641, 3641.1, 3641, 2.66401027], [1548199380000, 3641.4, 3641.2, 3641.6, 3641.2, 3.35487871], [1548199320000, 3641.54951731, 3641, 3641.54951731, 3641, 0.476827], [1548199260000, 3641.7, 3641.6, 3641.9, 3641.6, 4.61768758], [1548199200000, 3641.3, 3641.8, 3641.8, 3641.3, 0.6105], [1548199140000, 3641.7, 3641.1, 3641.7, 3641.1, 0.504], [1548199080000, 3641.8, 3641.6, 3641.9, 3641, 0.8279464], [1548199020000, 3641.1, 3641.9, 3641.9, 3641.1, 0.5766086699999999], [1548198960000, 3641.32224717, 3641.9, 3641.9, 3641.1, 0.290012], [1548198900000, 3641.09498756, 3641.9, 3641.9, 3641.09498756, 2.233089], [1548198840000, 3641.1, 3641, 3641.1, 3641, 0.65983004], [1548198780000, 3641.7, 3641.8, 3641.8, 3641, 4.8328926899999995], [1548198720000, 3641.4, 3641.8, 3641.8, 3641.4, 3.32261356], [1548198660000, 3641.5, 3641.5, 3641.5, 3641.5, 0.40403606999999997], [1548198600000, 3641.5, 3641.8, 3641.8, 3641.5, 0.153], [1548198540000, 3641.4, 3641.3, 3641.8, 3641.3, 0.24292274], [1548198480000, 3641.2, 3641.3, 3641.8, 3641.2, 3.58382483], [1548198420000, 3641.8, 3641.02214925, 3641.8, 3641.02214925, 10.12211881], [1548198360000, 3641.8, 3641.7, 3641.8, 3641.7, 0.04788928], [1548198300000, 3641.8, 3641.7, 3641.8, 3641.7, 1.2094425], [1548198240000, 3641.8, 3641.70387792, 3641.8, 3641.7, 0.06445132], [1548198180000, 3641.7, 3641.7, 3641.7, 3641.7, 0.6], [1548198060000, 3641.8, 3641.8, 3641.8, 3641.8, 0.06], [1548198000000, 3641.8, 3641.8, 3641.8, 3641.8, 0.50519617], [1548197940000, 3641.6, 3641.7, 3641.8, 3641.6, 1.528279], [1548197880000, 3641.2, 3641.6549736, 3641.8, 3641.1, 1.79495348], [1548197820000, 3640.5, 3641.1153711, 3641.4, 3640.5, 1.21044592], [1548197760000, 3640, 3640.4, 3640.5, 3640, 1.137247], [1548197700000, 3640, 3640, 3640, 3639.9, 0.39299999999999996], [1548197640000, 3640, 3640, 3640, 3639.9, 1.54188299], [1548197580000, 3639.5, 3640, 3640, 3639.5, 3.305], [1548197520000, 3639.5, 3639.5, 3639.5, 3639.5, 0.39891825000000003], [1548197460000, 3639.5, 3639.4, 3639.5, 3639.4, 0.348165], [1548197400000, 3638.8, 3639.5, 3639.5, 3638.8, 2.15358789], [1548197340000, 3638.8, 3638.8, 3638.8, 3638.7, 1.8813439], [1548197280000, 3638.73942531, 3638.73942531, 3638.73942531, 3638.73942531, 2], [1548197220000, 3638.739794, 3638.7, 3638.8, 3638.7, 1.04198885], [1548197160000, 3638.8, 3638.8, 3638.8, 3638.8, 0.23978024], [1548197100000, 3638.7, 3638.8, 3638.8, 3638.7, 0.6917768200000001], [1548197040000, 3638.8, 3638.73943994, 3638.8, 3638.73943994, 0.01445846], [1548196980000, 3638.8, 3638.8, 3638.8, 3638.7480355, 0.51441479], [1548196920000, 3638.8, 3638.8, 3638.8, 3638.8, 0.050069999999999996], [1548196860000, 3638.8, 3638.8, 3638.8, 3638.8, 1.7169748100000002], [1548196800000, 3638.8, 3638.8, 3638.8, 3638.8, 0.31643228], [1548196740000, 3638.6, 3638.8, 3638.8, 3638.6, 2.1826696], [1548196680000, 3638.6, 3638.5651149, 3638.6, 3638.5651149, 3.42685588], [1548196620000, 3638.5651149, 3638.5651149, 3638.5651149, 3638.5651149, 0.05], [1548196560000, 3638, 3638, 3638, 3638, 0.92335296], [1548196500000, 3638, 3637.92617794, 3638, 3637.92617794, 0.198983], [1548196440000, 3638, 3638, 3638, 3638, 4.36280689], [1548196380000, 3638, 3637.9921824, 3638, 3637.9921824, 0.16009411], [1548196320000, 3637.9921824, 3637.9921824, 3637.9921824, 3637.9921824, 0.027766], [1548196260000, 3638, 3638, 3638, 3638, 0.9033614], [1548196200000, 3638, 3638, 3638, 3638, 0.35754343], [1548196140000, 3638, 3638, 3638, 3637.9921824, 3.9196269], [1548196080000, 3638, 3638, 3638, 3637.9921824, 1.02687328], [1548195960000, 3636.9, 3637.2, 3637.2, 3636.9, 4.13348457], [1548195900000, 3633.3, 3636, 3636, 3633.3, 10.44109908], [1548195840000, 3633.2, 3633.3, 3633.3, 3633.2, 0.081755], [1548195780000, 3633.2, 3633.2, 3633.3, 3633.2, 3.117], [1548195720000, 3633.2, 3633.2, 3633.2, 3633.2, 0.01907712], [1548195660000, 3632.4, 3633.3, 3633.3, 3632.4, 8.745], [1548195600000, 3632.1, 3632.4, 3632.4, 3629.2, 29.206599620000002], [1548195540000, 3632, 3631.9, 3632.4, 3631.9, 3.05062214], [1548195480000, 3632.3, 3632, 3632.3, 3631.9, 16.12645176], [1548195420000, 3632.307084, 3632.3, 3632.4, 3632.3, 16.27242382], [1548195360000, 3632.4, 3632.3, 3632.4, 3632.3, 1.050288], [1548195300000, 3631.1, 3628.5, 3632.9, 3628.5, 100.18963000000001], [1548195240000, 3633.8, 3631.02711573, 3634.00146315, 3628.1, 104.38758684], [1548195180000, 3637, 3632.3310933, 3637, 3626.8, 307.68551908], [1548195120000, 3637, 3637, 3637, 3636.9, 0.16281329], [1548195060000, 3634.7, 3637, 3637, 3634.7, 4.87639906], [1548195000000, 3634.7, 3634.6, 3634.7, 3634.6, 4.3422], [1548194940000, 3634.7, 3634.7, 3634.7, 3634.6167858, 0.71247493], [1548194880000, 3633.4, 3634.7, 3634.7, 3633.4, 5.046], [1548194820000, 3633.36874283, 3633.3, 3633.4, 3633.3, 1.54], [1548194760000, 3633.4, 3633.4, 3633.4, 3633.4, 0.4], [1548194700000, 3633.4, 3633.4, 3633.4, 3633.3, 1.7354751], [1548194640000, 3633.38937251, 3633.4, 3633.4, 3633.3, 0.64152199], [1548194580000, 3633, 3633.4, 3633.4, 3631.1, 2.00222773], [1548194520000, 3634.576836, 3633.4, 3634.7, 3630.3, 15.9618174], [1548194460000, 3635.6, 3634.4, 3635.6, 3634.4, 27.183451440000002], [1548194400000, 3635.6, 3635.6, 3635.6, 3635, 5.29883236], [1548194340000, 3635.6, 3635.6, 3635.6, 3634.9, 0.77425617], [1548194280000, 3636.8, 3635.6, 3636.8, 3634.9, 1.144479], [1548194220000, 3638.3, 3634.9, 3638.5, 3634.9, 11.36496304], [1548194160000, 3638.87508, 3638.5, 3638.87508, 3638, 0.5061598], [1548194100000, 3639.5, 3639.5, 3639.5, 3638, 4.66712274], [1548194040000, 3639.41018767, 3639.5, 3639.5, 3639.41018767, 0.13217936], [1548193980000, 3639.5, 3639.5, 3639.5, 3639.5, 0.31551439000000003], [1548193920000, 3638.7, 3639.5, 3639.5, 3638.7, 3.60426481], [1548193860000, 3638.8, 3638.7, 3638.9, 3638.28458634, 2.49993252], [1548193800000, 3638.7, 3638.6, 3638.7, 3638.6, 0.155], [1548193740000, 3637.2, 3638.4, 3638.4, 3637.2, 3.81877124], [1548193680000, 3637.2, 3637.3, 3637.3, 3637.2, 1.61647464], [1548193620000, 3637.1, 3637.1, 3637.1, 3637.1, 0.6307124], [1548193560000, 3640.4, 3636.8, 3640.4, 3635.5, 16.85273019], [1548193500000, 3640.5, 3640.5, 3640.5, 3640.4, 1.76270981], [1548193440000, 3640.41241799, 3640.4, 3640.41241799, 3640.4, 0.37740323], [1548193380000, 3640.41241799, 3640.41241799, 3640.41241799, 3640.41241799, 0.01651739], [1548193320000, 3640.41241799, 3640.5, 3640.5, 3640.41241799, 0.200064], [1548193260000, 3640.5, 3640.41241799, 3640.5, 3640.41241799, 0.27471097], [1548193200000, 3643.9, 3641.20771473, 3643.9, 3641.20771473, 1.04113878], [1548193140000, 3642.68469374, 3642.6, 3644, 3642.6, 0.06441005999999999], [1548193080000, 3644, 3644, 3644, 3643.93444521, 0.41042812], [1548193020000, 3644.3, 3642.68469374, 3645, 3642.68469374, 5.08409784], [1548192960000, 3644.3, 3644.3, 3644.3, 3644.3, 0.58789979], [1548192900000, 3644.3, 3644.3, 3644.3, 3644.3, 0.253], [1548192840000, 3644.20208418, 3644.3, 3644.3, 3644.2, 0.17804894], [1548192780000, 3644.20208418, 3644.20208418, 3644.3, 3644.2, 1.556929], [1548192720000, 3644.3, 3644.3, 3644.3, 3644.3, 0.07759747], [1548192660000, 3644.20208418, 3644.20208418, 3644.20208418, 3644.20208418, 0.01], [1548192600000, 3644.20208418, 3644.3, 3644.3, 3644.20208418, 0.45955], [1548192540000, 3643.8, 3644.2, 3644.6, 3643.7, 3.36910855], [1548192480000, 3643.8, 3643.8, 3643.8, 3643.8, 0.54733308], [1548192420000, 3642.3, 3642.7, 3642.8, 3642.3, 1.68374887], [1548192360000, 3641.7, 3641.9, 3641.9, 3641.7, 0.64639784], [1548192300000, 3640.1, 3641.7, 3644.7, 3640.1, 9.60604865], [1548192240000, 3640, 3640, 3640, 3639.9, 2.30345116], [1548192180000, 3640, 3639.90438, 3640, 3639.9, 1.6129441899999999], [1548192120000, 3640, 3639.9, 3640, 3639.9, 5.5233], [1548192060000, 3634.8, 3637.9, 3640, 3634.8, 367.11260866], [1548192000000, 3640, 3634.786764, 3640, 3633, 133.00785615], [1548191940000, 3639.995766, 3639.90438, 3639.995766, 3639.90438, 0.02199837], [1548191880000, 3639.90438, 3640, 3640, 3639.90438, 1.01], [1548191820000, 3639.995766, 3639.995766, 3639.995766, 3639.995766, 0.004], [1548191760000, 3639.90438, 3639.90438, 3639.90438, 3639.90438, 0.75904656], [1548191700000, 3640, 3639.90438, 3640, 3639.90438, 0.663], [1548191640000, 3639.9, 3639.9, 3640, 3639.9, 13.22897231], [1548191580000, 3639.9526104, 3639.9, 3640, 3639.9, 4.2989180000000005], [1548191520000, 3639.9526104, 3640, 3640, 3639.9526104, 0.07070662], [1548191460000, 3640, 3639.9526104, 3640, 3639.9526104, 0.78544921], [1548191400000, 3640, 3640, 3640, 3639.9, 8.21447562], [1548191340000, 3639.9526104, 3639.9526104, 3639.9526104, 3639.9526104, 0.005], [1548191280000, 3639.9, 3639.9, 3639.9, 3639.9, 0.011], [1548191220000, 3640, 3639.9, 3640, 3639.9, 24.18966859], [1548191160000, 3644.8, 3640, 3645, 3638.2, 143.7917357], [1548191100000, 3661.9, 3644.9, 3662, 3644.8, 278.31411148], [1548191040000, 3661.90144168, 3661.9, 3661.92544361, 3661.9, 6.68211566], [1548190980000, 3655, 3661.7, 3668.8, 3655, 124.98505469], [1548190920000, 3654.9, 3655, 3655, 3654.9, 0.31848244], [1548190860000, 3654.63148193, 3654.8, 3654.8, 3654.63148193, 2.54305279], [1548190800000, 3654.6, 3654.63148193, 3654.63148193, 3654.5, 0.83596341], [1548190740000, 3653.1, 3653.1, 3654.2, 3653.1, 0.54205446], [1548190680000, 3653.2, 3654.8, 3654.8, 3653.2, 0.25807659], [1548190620000, 3654, 3653, 3654, 3653, 1], [1548190560000, 3653, 3654.5, 3654.5, 3653, 2.0513678], [1548190440000, 3653.54580677, 3655.1, 3655.3631522, 3653.54580677, 1.899466], [1548190380000, 3653.5, 3653.5, 3653.5, 3653.5, 0.31289014000000004], [1548190200000, 3653.5, 3653.5, 3653.5, 3653.5, 0.00799]]] to client..
DEBUG:btfxwss.connection:_start_timers(): Resetting timers..
DEBUG:btfxwss.connection:_stop_timers(): Timers stopped.
DEBUG:btfxwss.queue_processor:_handle_candles: candles - [233, [[1548204960000, 3641.32195867, 3641.3, 3641.32195867, 3641.3, 0.62513207], [1548204900000, 3641.32195867, 3641.32195867, 3641.32195867, 3641.32195867, 1.20113493], [1548204840000, 3640.1, 3641.3, 3641.46708605, 3640.1, 5.3482681], [1548204780000, 3640.1, 3640.1, 3640.1, 3640.1, 0.6949210800000001], [1548204720000, 3640.1, 3640.1, 3640.1, 3640, 1.01645489], [1548204660000, 3640.1, 3640.1, 3640.1, 3640.1, 0.43300398], [1548204600000, 3640, 3640.1, 3640.1, 3640, 0.6073787900000001], [1548204540000, 3640.1, 3640, 3640.1, 3640, 0.4093423], [1548204480000, 3640.1, 3640.1, 3640.1, 3640, 2.14945876], [1548204420000, 3640.1, 3640.1, 3640.1, 3640.1, 2.20219609], [1548204360000, 3642.48984238, 3639.8, 3642.48984238, 3639.8, 6.98498883], [1548204300000, 3642.4, 3642.48984238, 3642.48984238, 3642.4, 1.5928030800000001], [1548204240000, 3642.4, 3642.4, 3642.5, 3642.4, 2.89329343], [1548204180000, 3642.5, 3642.5, 3642.5, 3642.4, 0.14489285], [1548204120000, 3642.6, 3642.6, 3642.6, 3642.6, 3.5], [1548204060000, 3642.65463752, 3642.65463752, 3642.65463752, 3642.65463752, 1.96774011], [1548204000000, 3642.7, 3642.65463752, 3642.7, 3642.65463752, 3.3660195], [1548203940000, 3642.65463752, 3642.7, 3642.9, 3642.6, 4.349015], [1548203880000, 3641.63196254, 3642.65463752, 3642.88189863, 3641.63196254, 6.84730808], [1548203820000, 3642.88189863, 3640, 3642.88189863, 3640, 25.4298512], [1548203760000, 3643.10915973, 3642.88189863, 3643.10915973, 3642.7, 0.5472275799999999], [1548203700000, 3643.1, 3642.6, 3643.10915973, 3640, 25.53988651], [1548203640000, 3643.1, 3643.1, 3643.14084615, 3642.8, 2.81391349], [1548203580000, 3643.14084615, 3643.2, 3643.2, 3643.14084615, 0.5488], [1548203520000, 3643.5, 3643.1, 3643.5, 3639.5, 49.2331], [1548203460000, 3643.6, 3643.5597936, 3643.6, 3641.8, 20.19556582], [1548203400000, 3643.59541485, 3643.59541485, 3643.59541485, 3643.59541485, 0.10994692], [1548203340000, 3643.59541485, 3643.5, 3643.59541485, 3643.5, 2.14852107], [1548203280000, 3643.59541485, 3641.8, 3643.8, 3641.8, 21.16436133], [1548203220000, 3644.9, 3643.8, 3644.9, 3642.68627745, 21.02481274], [1548203160000, 3643.6, 3644.8, 3644.9, 3643.6, 2.20337583], [1548203100000, 3641.8, 3643.6, 3643.6, 3641.8, 14.8288577], [1548203040000, 3641.8, 3641.8, 3641.8, 3641.77714005, 31.93275189], [1548202980000, 3641.8, 3641.7, 3641.8, 3641.7, 5.51584469], [1548202920000, 3641.8, 3641.8, 3641.8, 3641.8, 8.86448715], [1548202860000, 3641.73474611, 3641.73474611, 3641.73474611, 3641.7, 1.19630663], [1548202800000, 3641.73474611, 3641.73474611, 3641.73474611, 3641.7, 0.64802932], [1548202740000, 3641.73474611, 3641.73474611, 3641.73474611, 3641.7, 0.25419811999999997], [1548202680000, 3641.73474611, 3641.73474611, 3641.73474611, 3641.73474611, 0.32], [1548202620000, 3641.73474611, 3641.73474611, 3641.73474611, 3641.7, 0.58513635], [1548202560000, 3641.8, 3641.7, 3641.8, 3641.7, 0.22150599999999998], [1548202500000, 3641.8, 3641.7, 3641.8, 3641.7, 0.59074859], [1548202440000, 3641.8, 3641.7, 3641.8, 3641.7, 1.7448978300000002], [1548202380000, 3641.7, 3641.8, 3641.8, 3641.7, 0.00947625], [1548202320000, 3641.8, 3641.8, 3641.8, 3641.8, 0.05], [1548202260000, 3641.8, 3641.8, 3641.83921315, 3641.7, 0.64588206], [1548202200000, 3641.8, 3641.8, 3641.8, 3641.8, 0.29019625000000004], [1548202140000, 3641.72556904, 3641.7, 3641.8, 3641.7, 3.31049331], [1548202080000, 3641.7, 3641.7, 3641.7, 3641.7, 0.01070402], [1548201960000, 3641.8, 3641.72556904, 3641.8, 3641.72556904, 0.5881], [1548201900000, 3641.8, 3641.8, 3641.8, 3641.8, 0.4729], [1548201840000, 3641.26737755, 3641.8, 3641.8, 3641.26737755, 4.0452], [1548201780000, 3639.1, 3640.4, 3640.4, 3639.1, 4.34831819], [1548201720000, 3639, 3639.1, 3639.1, 3639, 0.8497947], [1548201660000, 3639.1, 3639.1, 3639.1, 3639.1, 0.158], [1548201600000, 3639.1, 3639.1, 3639.1, 3639, 7.6436375299999995], [1548201540000, 3639, 3639.1, 3639.1, 3639, 0.15489602], [1548201420000, 3639, 3639, 3639.1, 3639, 1.3307367600000002], [1548201360000, 3639.1, 3639.1, 3639.1, 3639.1, 0.1373966], [1548201300000, 3639.1, 3639.1, 3639.1, 3639.1, 0.157], [1548201240000, 3639.3, 3639, 3639.3, 3639, 1.4866679999999999], [1548201180000, 3639.3, 3639.33923875, 3639.33923875, 3639.3, 3.1189999999999998], [1548201120000, 3639.3, 3639.3, 3639.3, 3639.3, 0.033682119999999996], [1548201060000, 3641.2, 3639.2, 3641.2, 3638.9982851, 10.304], [1548201000000, 3641.3, 3641.3, 3641.3, 3641.3, 0.214791], [1548200940000, 3641.2, 3641.2, 3641.2, 3641.2, 0.01017476], [1548200880000, 3641.3, 3641.3, 3641.3, 3641.3, 0.00452653], [1548200820000, 3641.3, 3641.3, 3641.3, 3641.3, 0.025], [1548200760000, 3641.4, 3641.3, 3641.4, 3641.3, 0.24546060000000003], [1548200700000, 3641.1, 3641.4, 3641.5, 3641.1, 1.52433442], [1548200640000, 3641, 3641, 3641, 3641, 0.00722332], [1548200580000, 3641.08418837, 3641.08418837, 3641.08418837, 3641.08418837, 0.043719640000000004], [1548200520000, 3640.1, 3640.1, 3640.1, 3640, 1.20047515], [1548200460000, 3640.1, 3640.1, 3640.1, 3639.9, 0.25009305000000004], [1548200400000, 3638.4, 3639.8, 3639.89686925, 3638.4, 8.363819000000001], [1548200340000, 3638.4, 3638.4, 3638.4, 3638.3, 0.66374216], [1548200280000, 3638.4, 3638.4, 3638.4, 3638.4, 4.27646166], [1548200220000, 3638.4, 3638.4, 3638.4, 3638.3975207, 1.2923089], [1548200160000, 3638.3, 3638.3, 3638.34224359, 3638.3, 0.68310905], [1548200100000, 3638.4, 3638.3, 3638.4, 3638.3, 0.178], [1548200040000, 3641, 3638.3, 3641, 3638.3, 1.61284606], [1548199980000, 3641, 3641, 3641, 3641, 0.445], [1548199920000, 3641, 3641, 3641, 3641, 0.40081556], [1548199860000, 3641, 3641, 3641, 3641, 4.36], [1548199800000, 3641.1, 3641, 3641.1, 3641, 0.52238765], [1548199740000, 3641.1, 3641, 3641.1, 3641, 0.22369805], [1548199680000, 3641, 3641, 3641, 3641, 0.015], [1548199620000, 3641.1, 3641.2, 3641.2, 3641.1, 0.201785], [1548199560000, 3641, 3641, 3641, 3641, 0.125], [1548199500000, 3641.09469187, 3641, 3641.1, 3641, 0.65], [1548199440000, 3641.1, 3641, 3641.1, 3641, 2.66401027], [1548199380000, 3641.4, 3641.2, 3641.6, 3641.2, 3.35487871], [1548199320000, 3641.54951731, 3641, 3641.54951731, 3641, 0.476827], [1548199260000, 3641.7, 3641.6, 3641.9, 3641.6, 4.61768758], [1548199200000, 3641.3, 3641.8, 3641.8, 3641.3, 0.6105], [1548199140000, 3641.7, 3641.1, 3641.7, 3641.1, 0.504], [1548199080000, 3641.8, 3641.6, 3641.9, 3641, 0.8279464], [1548199020000, 3641.1, 3641.9, 3641.9, 3641.1, 0.5766086699999999], [1548198960000, 3641.32224717, 3641.9, 3641.9, 3641.1, 0.290012], [1548198900000, 3641.09498756, 3641.9, 3641.9, 3641.09498756, 2.233089], [1548198840000, 3641.1, 3641, 3641.1, 3641, 0.65983004], [1548198780000, 3641.7, 3641.8, 3641.8, 3641, 4.8328926899999995], [1548198720000, 3641.4, 3641.8, 3641.8, 3641.4, 3.32261356], [1548198660000, 3641.5, 3641.5, 3641.5, 3641.5, 0.40403606999999997], [1548198600000, 3641.5, 3641.8, 3641.8, 3641.5, 0.153], [1548198540000, 3641.4, 3641.3, 3641.8, 3641.3, 0.24292274], [1548198480000, 3641.2, 3641.3, 3641.8, 3641.2, 3.58382483], [1548198420000, 3641.8, 3641.02214925, 3641.8, 3641.02214925, 10.12211881], [1548198360000, 3641.8, 3641.7, 3641.8, 3641.7, 0.04788928], [1548198300000, 3641.8, 3641.7, 3641.8, 3641.7, 1.2094425], [1548198240000, 3641.8, 3641.70387792, 3641.8, 3641.7, 0.06445132], [1548198180000, 3641.7, 3641.7, 3641.7, 3641.7, 0.6], [1548198060000, 3641.8, 3641.8, 3641.8, 3641.8, 0.06], [1548198000000, 3641.8, 3641.8, 3641.8, 3641.8, 0.50519617], [1548197940000, 3641.6, 3641.7, 3641.8, 3641.6, 1.528279], [1548197880000, 3641.2, 3641.6549736, 3641.8, 3641.1, 1.79495348], [1548197820000, 3640.5, 3641.1153711, 3641.4, 3640.5, 1.21044592], [1548197760000, 3640, 3640.4, 3640.5, 3640, 1.137247], [1548197700000, 3640, 3640, 3640, 3639.9, 0.39299999999999996], [1548197640000, 3640, 3640, 3640, 3639.9, 1.54188299], [1548197580000, 3639.5, 3640, 3640, 3639.5, 3.305], [1548197520000, 3639.5, 3639.5, 3639.5, 3639.5, 0.39891825000000003], [1548197460000, 3639.5, 3639.4, 3639.5, 3639.4, 0.348165], [1548197400000, 3638.8, 3639.5, 3639.5, 3638.8, 2.15358789], [1548197340000, 3638.8, 3638.8, 3638.8, 3638.7, 1.8813439], [1548197280000, 3638.73942531, 3638.73942531, 3638.73942531, 3638.73942531, 2], [1548197220000, 3638.739794, 3638.7, 3638.8, 3638.7, 1.04198885], [1548197160000, 3638.8, 3638.8, 3638.8, 3638.8, 0.23978024], [1548197100000, 3638.7, 3638.8, 3638.8, 3638.7, 0.6917768200000001], [1548197040000, 3638.8, 3638.73943994, 3638.8, 3638.73943994, 0.01445846], [1548196980000, 3638.8, 3638.8, 3638.8, 3638.7480355, 0.51441479], [1548196920000, 3638.8, 3638.8, 3638.8, 3638.8, 0.050069999999999996], [1548196860000, 3638.8, 3638.8, 3638.8, 3638.8, 1.7169748100000002], [1548196800000, 3638.8, 3638.8, 3638.8, 3638.8, 0.31643228], [1548196740000, 3638.6, 3638.8, 3638.8, 3638.6, 2.1826696], [1548196680000, 3638.6, 3638.5651149, 3638.6, 3638.5651149, 3.42685588], [1548196620000, 3638.5651149, 3638.5651149, 3638.5651149, 3638.5651149, 0.05], [1548196560000, 3638, 3638, 3638, 3638, 0.92335296], [1548196500000, 3638, 3637.92617794, 3638, 3637.92617794, 0.198983], [1548196440000, 3638, 3638, 3638, 3638, 4.36280689], [1548196380000, 3638, 3637.9921824, 3638, 3637.9921824, 0.16009411], [1548196320000, 3637.9921824, 3637.9921824, 3637.9921824, 3637.9921824, 0.027766], [1548196260000, 3638, 3638, 3638, 3638, 0.9033614], [1548196200000, 3638, 3638, 3638, 3638, 0.35754343], [1548196140000, 3638, 3638, 3638, 3637.9921824, 3.9196269], [1548196080000, 3638, 3638, 3638, 3637.9921824, 1.02687328], [1548195960000, 3636.9, 3637.2, 3637.2, 3636.9, 4.13348457], [1548195900000, 3633.3, 3636, 3636, 3633.3, 10.44109908], [1548195840000, 3633.2, 3633.3, 3633.3, 3633.2, 0.081755], [1548195780000, 3633.2, 3633.2, 3633.3, 3633.2, 3.117], [1548195720000, 3633.2, 3633.2, 3633.2, 3633.2, 0.01907712], [1548195660000, 3632.4, 3633.3, 3633.3, 3632.4, 8.745], [1548195600000, 3632.1, 3632.4, 3632.4, 3629.2, 29.206599620000002], [1548195540000, 3632, 3631.9, 3632.4, 3631.9, 3.05062214], [1548195480000, 3632.3, 3632, 3632.3, 3631.9, 16.12645176], [1548195420000, 3632.307084, 3632.3, 3632.4, 3632.3, 16.27242382], [1548195360000, 3632.4, 3632.3, 3632.4, 3632.3, 1.050288], [1548195300000, 3631.1, 3628.5, 3632.9, 3628.5, 100.18963000000001], [1548195240000, 3633.8, 3631.02711573, 3634.00146315, 3628.1, 104.38758684], [1548195180000, 3637, 3632.3310933, 3637, 3626.8, 307.68551908], [1548195120000, 3637, 3637, 3637, 3636.9, 0.16281329], [1548195060000, 3634.7, 3637, 3637, 3634.7, 4.87639906], [1548195000000, 3634.7, 3634.6, 3634.7, 3634.6, 4.3422], [1548194940000, 3634.7, 3634.7, 3634.7, 3634.6167858, 0.71247493], [1548194880000, 3633.4, 3634.7, 3634.7, 3633.4, 5.046], [1548194820000, 3633.36874283, 3633.3, 3633.4, 3633.3, 1.54], [1548194760000, 3633.4, 3633.4, 3633.4, 3633.4, 0.4], [1548194700000, 3633.4, 3633.4, 3633.4, 3633.3, 1.7354751], [1548194640000, 3633.38937251, 3633.4, 3633.4, 3633.3, 0.64152199], [1548194580000, 3633, 3633.4, 3633.4, 3631.1, 2.00222773], [1548194520000, 3634.576836, 3633.4, 3634.7, 3630.3, 15.9618174], [1548194460000, 3635.6, 3634.4, 3635.6, 3634.4, 27.183451440000002], [1548194400000, 3635.6, 3635.6, 3635.6, 3635, 5.29883236], [1548194340000, 3635.6, 3635.6, 3635.6, 3634.9, 0.77425617], [1548194280000, 3636.8, 3635.6, 3636.8, 3634.9, 1.144479], [1548194220000, 3638.3, 3634.9, 3638.5, 3634.9, 11.36496304], [1548194160000, 3638.87508, 3638.5, 3638.87508, 3638, 0.5061598], [1548194100000, 3639.5, 3639.5, 3639.5, 3638, 4.66712274], [1548194040000, 3639.41018767, 3639.5, 3639.5, 3639.41018767, 0.13217936], [1548193980000, 3639.5, 3639.5, 3639.5, 3639.5, 0.31551439000000003], [1548193920000, 3638.7, 3639.5, 3639.5, 3638.7, 3.60426481], [1548193860000, 3638.8, 3638.7, 3638.9, 3638.28458634, 2.49993252], [1548193800000, 3638.7, 3638.6, 3638.7, 3638.6, 0.155], [1548193740000, 3637.2, 3638.4, 3638.4, 3637.2, 3.81877124], [1548193680000, 3637.2, 3637.3, 3637.3, 3637.2, 1.61647464], [1548193620000, 3637.1, 3637.1, 3637.1, 3637.1, 0.6307124], [1548193560000, 3640.4, 3636.8, 3640.4, 3635.5, 16.85273019], [1548193500000, 3640.5, 3640.5, 3640.5, 3640.4, 1.76270981], [1548193440000, 3640.41241799, 3640.4, 3640.41241799, 3640.4, 0.37740323], [1548193380000, 3640.41241799, 3640.41241799, 3640.41241799, 3640.41241799, 0.01651739], [1548193320000, 3640.41241799, 3640.5, 3640.5, 3640.41241799, 0.200064], [1548193260000, 3640.5, 3640.41241799, 3640.5, 3640.41241799, 0.27471097], [1548193200000, 3643.9, 3641.20771473, 3643.9, 3641.20771473, 1.04113878], [1548193140000, 3642.68469374, 3642.6, 3644, 3642.6, 0.06441005999999999], [1548193080000, 3644, 3644, 3644, 3643.93444521, 0.41042812], [1548193020000, 3644.3, 3642.68469374, 3645, 3642.68469374, 5.08409784], [1548192960000, 3644.3, 3644.3, 3644.3, 3644.3, 0.58789979], [1548192900000, 3644.3, 3644.3, 3644.3, 3644.3, 0.253], [1548192840000, 3644.20208418, 3644.3, 3644.3, 3644.2, 0.17804894], [1548192780000, 3644.20208418, 3644.20208418, 3644.3, 3644.2, 1.556929], [1548192720000, 3644.3, 3644.3, 3644.3, 3644.3, 0.07759747], [1548192660000, 3644.20208418, 3644.20208418, 3644.20208418, 3644.20208418, 0.01], [1548192600000, 3644.20208418, 3644.3, 3644.3, 3644.20208418, 0.45955], [1548192540000, 3643.8, 3644.2, 3644.6, 3643.7, 3.36910855], [1548192480000, 3643.8, 3643.8, 3643.8, 3643.8, 0.54733308], [1548192420000, 3642.3, 3642.7, 3642.8, 3642.3, 1.68374887], [1548192360000, 3641.7, 3641.9, 3641.9, 3641.7, 0.64639784], [1548192300000, 3640.1, 3641.7, 3644.7, 3640.1, 9.60604865], [1548192240000, 3640, 3640, 3640, 3639.9, 2.30345116], [1548192180000, 3640, 3639.90438, 3640, 3639.9, 1.6129441899999999], [1548192120000, 3640, 3639.9, 3640, 3639.9, 5.5233], [1548192060000, 3634.8, 3637.9, 3640, 3634.8, 367.11260866], [1548192000000, 3640, 3634.786764, 3640, 3633, 133.00785615], [1548191940000, 3639.995766, 3639.90438, 3639.995766, 3639.90438, 0.02199837], [1548191880000, 3639.90438, 3640, 3640, 3639.90438, 1.01], [1548191820000, 3639.995766, 3639.995766, 3639.995766, 3639.995766, 0.004], [1548191760000, 3639.90438, 3639.90438, 3639.90438, 3639.90438, 0.75904656], [1548191700000, 3640, 3639.90438, 3640, 3639.90438, 0.663], [1548191640000, 3639.9, 3639.9, 3640, 3639.9, 13.22897231], [1548191580000, 3639.9526104, 3639.9, 3640, 3639.9, 4.2989180000000005], [1548191520000, 3639.9526104, 3640, 3640, 3639.9526104, 0.07070662], [1548191460000, 3640, 3639.9526104, 3640, 3639.9526104, 0.78544921], [1548191400000, 3640, 3640, 3640, 3639.9, 8.21447562], [1548191340000, 3639.9526104, 3639.9526104, 3639.9526104, 3639.9526104, 0.005], [1548191280000, 3639.9, 3639.9, 3639.9, 3639.9, 0.011], [1548191220000, 3640, 3639.9, 3640, 3639.9, 24.18966859], [1548191160000, 3644.8, 3640, 3645, 3638.2, 143.7917357], [1548191100000, 3661.9, 3644.9, 3662, 3644.8, 278.31411148], [1548191040000, 3661.90144168, 3661.9, 3661.92544361, 3661.9, 6.68211566], [1548190980000, 3655, 3661.7, 3668.8, 3655, 124.98505469], [1548190920000, 3654.9, 3655, 3655, 3654.9, 0.31848244], [1548190860000, 3654.63148193, 3654.8, 3654.8, 3654.63148193, 2.54305279], [1548190800000, 3654.6, 3654.63148193, 3654.63148193, 3654.5, 0.83596341], [1548190740000, 3653.1, 3653.1, 3654.2, 3653.1, 0.54205446], [1548190680000, 3653.2, 3654.8, 3654.8, 3653.2, 0.25807659], [1548190620000, 3654, 3653, 3654, 3653, 1], [1548190560000, 3653, 3654.5, 3654.5, 3653, 2.0513678], [1548190440000, 3653.54580677, 3655.1, 3655.3631522, 3653.54580677, 1.899466], [1548190380000, 3653.5, 3653.5, 3653.5, 3653.5, 0.31289014000000004], [1548190200000, 3653.5, 3653.5, 3653.5, 3653.5, 0.00799]]] - 1548204999.6843724
DEBUG:btfxwss.connection:_stop_timers(): Timers stopped.
DEBUG:btfxwss.connection:_on_message(): Received new message {"event":"subscribed","channel":"book","chanId":351922,"symbol":"tBTCUSD","prec":"R0","freq":"F0","len":"25","pair":"BTCUSD"} at 1548205000.478519
DEBUG:btfxwss.connection:_system_handler(): Received a system message: {'event': 'subscribed', 'channel': 'book', 'chanId': 351922, 'symbol': 'tBTCUSD', 'prec': 'R0', 'freq': 'F0', 'len': '25', 'pair': 'BTCUSD'}
DEBUG:btfxwss.connection:_system_handler(): Distributing {'channel': 'book', 'chanId': 351922, 'symbol': 'tBTCUSD', 'prec': 'R0', 'freq': 'F0', 'len': '25', 'pair': 'BTCUSD'} to _response_handler..
DEBUG:btfxwss.connection:_response_handler(): Passing {'channel': 'book', 'chanId': 351922, 'symbol': 'tBTCUSD', 'prec': 'R0', 'freq': 'F0', 'len': '25', 'pair': 'BTCUSD'} to client..
DEBUG:btfxwss.connection:_start_timers(): Resetting timers..
DEBUG:btfxwss.connection:_stop_timers(): Timers stopped.
DEBUG:btfxwss.queue_processor:_handle_subscribed: subscribed - {'channel': 'book', 'chanId': 351922, 'symbol': 'tBTCUSD', 'prec': 'R0', 'freq': 'F0', 'len': '25', 'pair': 'BTCUSD'} - 1548205000.478519
INFO:btfxwss.queue_processor:Subscription succesful for channel ('raw_book', 'BTCUSD')
DEBUG:btfxwss.connection:_stop_timers(): Timers stopped.
DEBUG:btfxwss.connection:_on_message(): Received new message [351922,[[21739031230,3641.3,0.00362114],[21739056315,3641.3,0.446],[21739063954,3641.3,0.5],[21739072420,3641.3,0.09195374],[21739044304,3641.1,0.0407147],[21739054943,3641,0.08141966],[21739056211,3641,0.05],[21739058510,3641,1],[21738769616,3640.9,0.20964617],[21739050019,3640.3,0.52065888],[21739075049,3640.3,0.27961309],[21739073899,3640.2,0.27963853],[21739010590,3640,0.085695],[21739025745,3640,2],[21739075799,3640,3],[21739030964,3639.958423014,3.5],[21739076554,3639.9,0.02084608],[21739041069,3639.7,0.41193513],[21738971117,3639.6,0.037],[21739073651,3639.6,0.55922078],[21739075047,3639.3,0.27961309],[21738977719,3638.9,1.01938607],[21738823721,3638.7,0.01891492],[21738682296,3638.6,1],[21739070975,3638.4,0.47812344],[21739037649,3641.321958666,-9.35163673],[21739037326,3641.4,-8.999],[21738547035,3641.5,-5],[21739075196,3642.2,-0.33],[21739001671,3642.8,-0.00521045],[21738474403,3643.2,-0.2],[21738861114,3643.2,-5],[21739076546,3643.2,-0.01389757],[21739076719,3643.5,-0.01389706],[21738561844,3643.6,-28],[21738971106,3643.7,-0.037],[21737999003,3643.9,-0.5],[21739007187,3643.9,-15.78500237],[21739031543,3644,-3.5],[21739075003,3644,-1],[21738815846,3644.162657941,-0.11500446],[21738889491,3644.202918663,-0.01817118],[21738889750,3644.21268,-0.02009365],[21738838249,3644.3,-0.08075835],[21738931437,3644.8,-1.0166382],[21738369176,3644.9,-5],[21739031711,3644.958053738,-3.5],[21734752303,3645,-30.60823338],[21738846551,3645,-0.00443511],[21738971116,3645,-0.2]]] at 1548205000.4805212
DEBUG:btfxwss.connection:_data_handler(): Passing [351922, [[21739031230, 3641.3, 0.00362114], [21739056315, 3641.3, 0.446], [21739063954, 3641.3, 0.5], [21739072420, 3641.3, 0.09195374], [21739044304, 3641.1, 0.0407147], [21739054943, 3641, 0.08141966], [21739056211, 3641, 0.05], [21739058510, 3641, 1], [21738769616, 3640.9, 0.20964617], [21739050019, 3640.3, 0.52065888], [21739075049, 3640.3, 0.27961309], [21739073899, 3640.2, 0.27963853], [21739010590, 3640, 0.085695], [21739025745, 3640, 2], [21739075799, 3640, 3], [21739030964, 3639.958423014, 3.5], [21739076554, 3639.9, 0.02084608], [21739041069, 3639.7, 0.41193513], [21738971117, 3639.6, 0.037], [21739073651, 3639.6, 0.55922078], [21739075047, 3639.3, 0.27961309], [21738977719, 3638.9, 1.01938607], [21738823721, 3638.7, 0.01891492], [21738682296, 3638.6, 1], [21739070975, 3638.4, 0.47812344], [21739037649, 3641.321958666, -9.35163673], [21739037326, 3641.4, -8.999], [21738547035, 3641.5, -5], [21739075196, 3642.2, -0.33], [21739001671, 3642.8, -0.00521045], [21738474403, 3643.2, -0.2], [21738861114, 3643.2, -5], [21739076546, 3643.2, -0.01389757], [21739076719, 3643.5, -0.01389706], [21738561844, 3643.6, -28], [21738971106, 3643.7, -0.037], [21737999003, 3643.9, -0.5], [21739007187, 3643.9, -15.78500237], [21739031543, 3644, -3.5], [21739075003, 3644, -1], [21738815846, 3644.162657941, -0.11500446], [21738889491, 3644.202918663, -0.01817118], [21738889750, 3644.21268, -0.02009365], [21738838249, 3644.3, -0.08075835], [21738931437, 3644.8, -1.0166382], [21738369176, 3644.9, -5], [21739031711, 3644.958053738, -3.5], [21734752303, 3645, -30.60823338], [21738846551, 3645, -0.00443511], [21738971116, 3645, -0.2]]] to client..
DEBUG:btfxwss.connection:_start_timers(): Resetting timers..
DEBUG:btfxwss.connection:_stop_timers(): Timers stopped.
DEBUG:btfxwss.queue_processor:_handle_raw_book: raw_book - [351922, [[21739031230, 3641.3, 0.00362114], [21739056315, 3641.3, 0.446], [21739063954, 3641.3, 0.5], [21739072420, 3641.3, 0.09195374], [21739044304, 3641.1, 0.0407147], [21739054943, 3641, 0.08141966], [21739056211, 3641, 0.05], [21739058510, 3641, 1], [21738769616, 3640.9, 0.20964617], [21739050019, 3640.3, 0.52065888], [21739075049, 3640.3, 0.27961309], [21739073899, 3640.2, 0.27963853], [21739010590, 3640, 0.085695], [21739025745, 3640, 2], [21739075799, 3640, 3], [21739030964, 3639.958423014, 3.5], [21739076554, 3639.9, 0.02084608], [21739041069, 3639.7, 0.41193513], [21738971117, 3639.6, 0.037], [21739073651, 3639.6, 0.55922078], [21739075047, 3639.3, 0.27961309], [21738977719, 3638.9, 1.01938607], [21738823721, 3638.7, 0.01891492], [21738682296, 3638.6, 1], [21739070975, 3638.4, 0.47812344], [21739037649, 3641.321958666, -9.35163673], [21739037326, 3641.4, -8.999], [21738547035, 3641.5, -5], [21739075196, 3642.2, -0.33], [21739001671, 3642.8, -0.00521045], [21738474403, 3643.2, -0.2], [21738861114, 3643.2, -5], [21739076546, 3643.2, -0.01389757], [21739076719, 3643.5, -0.01389706], [21738561844, 3643.6, -28], [21738971106, 3643.7, -0.037], [21737999003, 3643.9, -0.5], [21739007187, 3643.9, -15.78500237], [21739031543, 3644, -3.5], [21739075003, 3644, -1], [21738815846, 3644.162657941, -0.11500446], [21738889491, 3644.202918663, -0.01817118], [21738889750, 3644.21268, -0.02009365], [21738838249, 3644.3, -0.08075835], [21738931437, 3644.8, -1.0166382], [21738369176, 3644.9, -5], [21739031711, 3644.958053738, -3.5], [21734752303, 3645, -30.60823338], [21738846551, 3645, -0.00443511], [21738971116, 3645, -0.2]]] - 1548205000.4805212
DEBUG:btfxwss.connection:_stop_timers(): Timers stopped.
DEBUG:btfxwss.connection:_on_message(): Received new message [351922,[21739076546,0,-1]] at 1548205000.690423
DEBUG:btfxwss.connection:_data_handler(): Passing [351922, [21739076546, 0, -1]] to client..
DEBUG:btfxwss.connection:_start_timers(): Resetting timers..
DEBUG:btfxwss.connection:_stop_timers(): Timers stopped.
DEBUG:btfxwss.queue_processor:_handle_raw_book: raw_book - [351922, [21739076546, 0, -1]] - 1548205000.690423
DEBUG:btfxwss.connection:_stop_timers(): Timers stopped.
DEBUG:btfxwss.connection:_on_message(): Received new message [351922,[21678041613,3645.071681709,-1.39773786]] at 1548205000.6919234
DEBUG:btfxwss.connection:_data_handler(): Passing [351922, [21678041613, 3645.071681709, -1.39773786]] to client..
DEBUG:btfxwss.connection:_start_timers(): Resetting timers..
DEBUG:btfxwss.connection:_stop_timers(): Timers stopped.
DEBUG:btfxwss.queue_processor:_handle_raw_book: raw_book - [351922, [21678041613, 3645.071681709, -1.39773786]] - 1548205000.6919234
DEBUG:btfxwss.connection:_stop_timers(): Timers stopped.
DEBUG:btfxwss.connection:_on_message(): Received new message [351922,[21739073651,0,1]] at 1548205000.7434723
DEBUG:btfxwss.connection:_data_handler(): Passing [351922, [21739073651, 0, 1]] to client..
DEBUG:btfxwss.connection:_start_timers(): Resetting timers..
DEBUG:btfxwss.connection:_stop_timers(): Timers stopped.
DEBUG:btfxwss.queue_processor:_handle_raw_book: raw_book - [351922, [21739073651, 0, 1]] - 1548205000.7434723
DEBUG:btfxwss.connection:_stop_timers(): Timers stopped.
DEBUG:btfxwss.connection:_on_message(): Received new message [351922,[21738966685,3638.3,0.8816264]] at 1548205000.744982
DEBUG:btfxwss.connection:_data_handler(): Passing [351922, [21738966685, 3638.3, 0.8816264]] to client..
DEBUG:btfxwss.connection:_start_timers(): Resetting timers..
DEBUG:btfxwss.connection:_stop_timers(): Timers stopped.
DEBUG:btfxwss.queue_processor:_handle_raw_book: raw_book - [351922, [21738966685, 3638.3, 0.8816264]] - 1548205000.744982
DEBUG:btfxwss.connection:_stop_timers(): Timers stopped.
DEBUG:btfxwss.connection:_on_message(): Received new message {"event":"subscribed","channel":"book","chanId":118,"symbol":"tBTCUSD","prec":"P0","freq":"F0","len":"25","pair":"BTCUSD"} at 1548205000.990329
DEBUG:btfxwss.connection:_system_handler(): Received a system message: {'event': 'subscribed', 'channel': 'book', 'chanId': 118, 'symbol': 'tBTCUSD', 'prec': 'P0', 'freq': 'F0', 'len': '25', 'pair': 'BTCUSD'}
DEBUG:btfxwss.connection:_system_handler(): Distributing {'channel': 'book', 'chanId': 118, 'symbol': 'tBTCUSD', 'prec': 'P0', 'freq': 'F0', 'len': '25', 'pair': 'BTCUSD'} to _response_handler..
DEBUG:btfxwss.connection:_response_handler(): Passing {'channel': 'book', 'chanId': 118, 'symbol': 'tBTCUSD', 'prec': 'P0', 'freq': 'F0', 'len': '25', 'pair': 'BTCUSD'} to client..
DEBUG:btfxwss.connection:_start_timers(): Resetting timers..
DEBUG:btfxwss.connection:_stop_timers(): Timers stopped.
DEBUG:btfxwss.queue_processor:_handle_subscribed: subscribed - {'channel': 'book', 'chanId': 118, 'symbol': 'tBTCUSD', 'prec': 'P0', 'freq': 'F0', 'len': '25', 'pair': 'BTCUSD'} - 1548205000.990329
INFO:btfxwss.queue_processor:Subscription succesful for channel ('book', 'BTCUSD')
DEBUG:btfxwss.connection:_stop_timers(): Timers stopped.
DEBUG:btfxwss.connection:_on_message(): Received new message [118,[[3641.3,4,1.04157488],[3641.1,1,0.0407147],[3641,3,1.13141966],[3640.9,1,0.20964617],[3640.3,2,0.80027197],[3640.2,1,0.27963853],[3640,3,5.085695],[3639.9,2,3.52084608],[3639.7,1,0.41193513],[3639.6,1,0.037],[3639.3,1,0.27961309],[3638.9,1,1.01938607],[3638.7,1,0.01891492],[3638.6,1,1],[3638.4,1,0.47812344],[3638.3,1,0.8816264],[3638,1,3.5],[3637.7,3,7.64325915],[3637.6,1,0.6],[3637.5,1,0.39044304],[3637,2,3.36182001],[3636.6,1,0.75],[3636.2,1,4],[3635.9,1,0.06868037],[3635.8,1,0.81526856],[3641.4,2,-18.35063673],[3641.5,1,-5],[3642.2,1,-0.33],[3642.8,1,-0.00521045],[3643.2,2,-5.2],[3643.5,1,-0.01389706],[3643.6,1,-28],[3643.7,1,-0.037],[3643.9,2,-16.28500237],[3644,2,-4.5],[3644.2,1,-0.11500446],[3644.3,3,-0.11902318],[3644.8,1,-1.0166382],[3644.9,1,-5],[3645,4,-34.31266849],[3645.1,1,-1.39773786],[3645.3,1,-0.004],[3645.6,1,-0.75],[3645.7,1,-0.005],[3646,1,-0.020568],[3646.5,1,-3.2],[3646.6,2,-0.88180421],[3646.7,1,-5.45454545],[3646.9,1,-0.34355254],[3647,1,-5.45454545]]] at 1548205000.992331
DEBUG:btfxwss.connection:_data_handler(): Passing [118, [[3641.3, 4, 1.04157488], [3641.1, 1, 0.0407147], [3641, 3, 1.13141966], [3640.9, 1, 0.20964617], [3640.3, 2, 0.80027197], [3640.2, 1, 0.27963853], [3640, 3, 5.085695], [3639.9, 2, 3.52084608], [3639.7, 1, 0.41193513], [3639.6, 1, 0.037], [3639.3, 1, 0.27961309], [3638.9, 1, 1.01938607], [3638.7, 1, 0.01891492], [3638.6, 1, 1], [3638.4, 1, 0.47812344], [3638.3, 1, 0.8816264], [3638, 1, 3.5], [3637.7, 3, 7.64325915], [3637.6, 1, 0.6], [3637.5, 1, 0.39044304], [3637, 2, 3.36182001], [3636.6, 1, 0.75], [3636.2, 1, 4], [3635.9, 1, 0.06868037], [3635.8, 1, 0.81526856], [3641.4, 2, -18.35063673], [3641.5, 1, -5], [3642.2, 1, -0.33], [3642.8, 1, -0.00521045], [3643.2, 2, -5.2], [3643.5, 1, -0.01389706], [3643.6, 1, -28], [3643.7, 1, -0.037], [3643.9, 2, -16.28500237], [3644, 2, -4.5], [3644.2, 1, -0.11500446], [3644.3, 3, -0.11902318], [3644.8, 1, -1.0166382], [3644.9, 1, -5], [3645, 4, -34.31266849], [3645.1, 1, -1.39773786], [3645.3, 1, -0.004], [3645.6, 1, -0.75], [3645.7, 1, -0.005], [3646, 1, -0.020568], [3646.5, 1, -3.2], [3646.6, 2, -0.88180421], [3646.7, 1, -5.45454545], [3646.9, 1, -0.34355254], [3647, 1, -5.45454545]]] to client..
DEBUG:btfxwss.connection:_start_timers(): Resetting timers..
DEBUG:btfxwss.connection:_stop_timers(): Timers stopped.
DEBUG:btfxwss.queue_processor:_handle_book: book - [118, [[3641.3, 4, 1.04157488], [3641.1, 1, 0.0407147], [3641, 3, 1.13141966], [3640.9, 1, 0.20964617], [3640.3, 2, 0.80027197], [3640.2, 1, 0.27963853], [3640, 3, 5.085695], [3639.9, 2, 3.52084608], [3639.7, 1, 0.41193513], [3639.6, 1, 0.037], [3639.3, 1, 0.27961309], [3638.9, 1, 1.01938607], [3638.7, 1, 0.01891492], [3638.6, 1, 1], [3638.4, 1, 0.47812344], [3638.3, 1, 0.8816264], [3638, 1, 3.5], [3637.7, 3, 7.64325915], [3637.6, 1, 0.6], [3637.5, 1, 0.39044304], [3637, 2, 3.36182001], [3636.6, 1, 0.75], [3636.2, 1, 4], [3635.9, 1, 0.06868037], [3635.8, 1, 0.81526856], [3641.4, 2, -18.35063673], [3641.5, 1, -5], [3642.2, 1, -0.33], [3642.8, 1, -0.00521045], [3643.2, 2, -5.2], [3643.5, 1, -0.01389706], [3643.6, 1, -28], [3643.7, 1, -0.037], [3643.9, 2, -16.28500237], [3644, 2, -4.5], [3644.2, 1, -0.11500446], [3644.3, 3, -0.11902318], [3644.8, 1, -1.0166382], [3644.9, 1, -5], [3645, 4, -34.31266849], [3645.1, 1, -1.39773786], [3645.3, 1, -0.004], [3645.6, 1, -0.75], [3645.7, 1, -0.005], [3646, 1, -0.020568], [3646.5, 1, -3.2], [3646.6, 2, -0.88180421], [3646.7, 1, -5.45454545], [3646.9, 1, -0.34355254], [3647, 1, -5.45454545]]] - 1548205000.992331
DEBUG:btfxwss.queue_processor:ts: 1548205000.992331	chan_id: 118	data: [[[3641.3, 4, 1.04157488], [3641.1, 1, 0.0407147], [3641, 3, 1.13141966], [3640.9, 1, 0.20964617], [3640.3, 2, 0.80027197], [3640.2, 1, 0.27963853], [3640, 3, 5.085695], [3639.9, 2, 3.52084608], [3639.7, 1, 0.41193513], [3639.6, 1, 0.037], [3639.3, 1, 0.27961309], [3638.9, 1, 1.01938607], [3638.7, 1, 0.01891492], [3638.6, 1, 1], [3638.4, 1, 0.47812344], [3638.3, 1, 0.8816264], [3638, 1, 3.5], [3637.7, 3, 7.64325915], [3637.6, 1, 0.6], [3637.5, 1, 0.39044304], [3637, 2, 3.36182001], [3636.6, 1, 0.75], [3636.2, 1, 4], [3635.9, 1, 0.06868037], [3635.8, 1, 0.81526856], [3641.4, 2, -18.35063673], [3641.5, 1, -5], [3642.2, 1, -0.33], [3642.8, 1, -0.00521045], [3643.2, 2, -5.2], [3643.5, 1, -0.01389706], [3643.6, 1, -28], [3643.7, 1, -0.037], [3643.9, 2, -16.28500237], [3644, 2, -4.5], [3644.2, 1, -0.11500446], [3644.3, 3, -0.11902318], [3644.8, 1, -1.0166382], [3644.9, 1, -5], [3645, 4, -34.31266849], [3645.1, 1, -1.39773786], [3645.3, 1, -0.004], [3645.6, 1, -0.75], [3645.7, 1, -0.005], [3646, 1, -0.020568], [3646.5, 1, -3.2], [3646.6, 2, -0.88180421], [3646.7, 1, -5.45454545], [3646.9, 1, -0.34355254], [3647, 1, -5.45454545]]]
DEBUG:btfxwss.connection:_stop_timers(): Timers stopped.
DEBUG:btfxwss.connection:_on_message(): Received new message [118,[3635.8,0,1]] at 1548205001.0543907
DEBUG:btfxwss.connection:_data_handler(): Passing [118, [3635.8, 0, 1]] to client..
DEBUG:btfxwss.connection:_start_timers(): Resetting timers..
DEBUG:btfxwss.connection:_stop_timers(): Timers stopped.
DEBUG:btfxwss.queue_processor:_handle_book: book - [118, [3635.8, 0, 1]] - 1548205001.0543907
DEBUG:btfxwss.queue_processor:ts: 1548205001.0543907	chan_id: 118	data: [[3635.8, 0, 1]]
DEBUG:btfxwss.connection:_stop_timers(): Timers stopped.
DEBUG:btfxwss.connection:_on_message(): Received new message [118,[3646.5,0,-1]] at 1548205001.0558918
DEBUG:btfxwss.connection:_data_handler(): Passing [118, [3646.5, 0, -1]] to client..
DEBUG:btfxwss.connection:_start_timers(): Resetting timers..
DEBUG:btfxwss.connection:_stop_timers(): Timers stopped.
DEBUG:btfxwss.queue_processor:_handle_book: book - [118, [3646.5, 0, -1]] - 1548205001.0558918
DEBUG:btfxwss.queue_processor:ts: 1548205001.0558918	chan_id: 118	data: [[3646.5, 0, -1]]
DEBUG:btfxwss.connection:_stop_timers(): Timers stopped.
DEBUG:btfxwss.connection:_on_message(): Received new message [118,[3637.3,1,0.55925127]] at 1548205001.057394
DEBUG:btfxwss.connection:_data_handler(): Passing [118, [3637.3, 1, 0.55925127]] to client..
DEBUG:btfxwss.connection:_start_timers(): Resetting timers..
DEBUG:btfxwss.connection:_stop_timers(): Timers stopped.
DEBUG:btfxwss.queue_processor:_handle_book: book - [118, [3637.3, 1, 0.55925127]] - 1548205001.057394
DEBUG:btfxwss.queue_processor:ts: 1548205001.057394	chan_id: 118	data: [[3637.3, 1, 0.55925127]]
DEBUG:btfxwss.connection:_stop_timers(): Timers stopped.
DEBUG:btfxwss.connection:_on_message(): Received new message [118,[3647.1,2,-0.506]] at 1548205001.0578945
DEBUG:btfxwss.connection:_data_handler(): Passing [118, [3647.1, 2, -0.506]] to client..
DEBUG:btfxwss.connection:_start_timers(): Resetting timers..
DEBUG:btfxwss.connection:_stop_timers(): Timers stopped.
DEBUG:btfxwss.queue_processor:_handle_book: book - [118, [3647.1, 2, -0.506]] - 1548205001.0578945
DEBUG:btfxwss.queue_processor:ts: 1548205001.0578945	chan_id: 118	data: [[3647.1, 2, -0.506]]
DEBUG:btfxwss.connection:_stop_timers(): Timers stopped.
DEBUG:btfxwss.connection:_on_message(): Received new message [118,[3647.1,0,-1]] at 1548205001.4126585
DEBUG:btfxwss.connection:_data_handler(): Passing [118, [3647.1, 0, -1]] to client..
DEBUG:btfxwss.connection:_start_timers(): Resetting timers..
DEBUG:btfxwss.connection:_stop_timers(): Timers stopped.
DEBUG:btfxwss.queue_processor:_handle_book: book - [118, [3647.1, 0, -1]] - 1548205001.4126585
DEBUG:btfxwss.connection:_stop_timers(): Timers stopped.
DEBUG:btfxwss.queue_processor:ts: 1548205001.4126585	chan_id: 118	data: [[3647.1, 0, -1]]
DEBUG:btfxwss.connection:_on_message(): Received new message [118,[3639.7,2,0.43278089]] at 1548205001.4141593
DEBUG:btfxwss.connection:_data_handler(): Passing [118, [3639.7, 2, 0.43278089]] to client..
DEBUG:btfxwss.connection:_start_timers(): Resetting timers..
DEBUG:btfxwss.connection:_stop_timers(): Timers stopped.
DEBUG:btfxwss.queue_processor:_handle_book: book - [118, [3639.7, 2, 0.43278089]] - 1548205001.4141593
DEBUG:btfxwss.queue_processor:ts: 1548205001.4141593	chan_id: 118	data: [[3639.7, 2, 0.43278089]]
DEBUG:btfxwss.connection:_stop_timers(): Timers stopped.
DEBUG:btfxwss.connection:_on_message(): Received new message [118,[3643,1,-0.01389728]] at 1548205001.415661
DEBUG:btfxwss.connection:_data_handler(): Passing [118, [3643, 1, -0.01389728]] to client..
DEBUG:btfxwss.connection:_start_timers(): Resetting timers..
DEBUG:btfxwss.connection:_stop_timers(): Timers stopped.
DEBUG:btfxwss.queue_processor:_handle_book: book - [118, [3643, 1, -0.01389728]] - 1548205001.415661
DEBUG:btfxwss.queue_processor:ts: 1548205001.415661	chan_id: 118	data: [[3643, 1, -0.01389728]]
DEBUG:btfxwss.connection:_stop_timers(): Timers stopped.
DEBUG:btfxwss.connection:_on_message(): Received new message [351922,[21738966685,0,1]] at 1548205001.4206662
DEBUG:btfxwss.connection:_data_handler(): Passing [351922, [21738966685, 0, 1]] to client..
DEBUG:btfxwss.connection:_start_timers(): Resetting timers..
DEBUG:btfxwss.connection:_stop_timers(): Timers stopped.
DEBUG:btfxwss.queue_processor:_handle_raw_book: raw_book - [351922, [21738966685, 0, 1]] - 1548205001.4206662
DEBUG:btfxwss.connection:_stop_timers(): Timers stopped.
DEBUG:btfxwss.connection:_on_message(): Received new message [351922,[21678041613,0,-1]] at 1548205001.4221673
DEBUG:btfxwss.connection:_data_handler(): Passing [351922, [21678041613, 0, -1]] to client..
DEBUG:btfxwss.connection:_start_timers(): Resetting timers..
DEBUG:btfxwss.connection:_stop_timers(): Timers stopped.
DEBUG:btfxwss.queue_processor:_handle_raw_book: raw_book - [351922, [21678041613, 0, -1]] - 1548205001.4221673
DEBUG:btfxwss.connection:_stop_timers(): Timers stopped.
DEBUG:btfxwss.connection:_on_message(): Received new message [351922,[21739077063,3639.7,0.02084576]] at 1548205001.4231684
DEBUG:btfxwss.connection:_data_handler(): Passing [351922, [21739077063, 3639.7, 0.02084576]] to client..
DEBUG:btfxwss.connection:_start_timers(): Resetting timers..
DEBUG:btfxwss.connection:_stop_timers(): Timers stopped.
DEBUG:btfxwss.queue_processor:_handle_raw_book: raw_book - [351922, [21739077063, 3639.7, 0.02084576]] - 1548205001.4231684
DEBUG:btfxwss.connection:_stop_timers(): Timers stopped.
DEBUG:btfxwss.connection:_on_message(): Received new message [351922,[21739077068,3643,-0.01389728]] at 1548205001.4236686
DEBUG:btfxwss.connection:_data_handler(): Passing [351922, [21739077068, 3643, -0.01389728]] to client..
DEBUG:btfxwss.connection:_start_timers(): Resetting timers..
DEBUG:btfxwss.connection:_stop_timers(): Timers stopped.
DEBUG:btfxwss.queue_processor:_handle_raw_book: raw_book - [351922, [21739077068, 3643, -0.01389728]] - 1548205001.4236686
DEBUG:btfxwss.connection:_stop_timers(): Timers stopped.
DEBUG:btfxwss.connection:_on_message(): Received new message [118,[3640.2,0,1]] at 1548205001.487246
DEBUG:btfxwss.connection:_data_handler(): Passing [118, [3640.2, 0, 1]] to client..
DEBUG:btfxwss.connection:_start_timers(): Resetting timers..
DEBUG:btfxwss.connection:_stop_timers(): Timers stopped.
DEBUG:btfxwss.queue_processor:_handle_book: book - [118, [3640.2, 0, 1]] - 1548205001.487246
DEBUG:btfxwss.queue_processor:ts: 1548205001.487246	chan_id: 118	data: [[3640.2, 0, 1]]
DEBUG:btfxwss.connection:_stop_timers(): Timers stopped.
DEBUG:btfxwss.connection:_on_message(): Received new message [118,[3636.6,0,1]] at 1548205001.4887474
DEBUG:btfxwss.connection:_data_handler(): Passing [118, [3636.6, 0, 1]] to client..
DEBUG:btfxwss.connection:_start_timers(): Resetting timers..
DEBUG:btfxwss.connection:_stop_timers(): Timers stopped.
DEBUG:btfxwss.queue_processor:_handle_book: book - [118, [3636.6, 0, 1]] - 1548205001.4887474
DEBUG:btfxwss.queue_processor:ts: 1548205001.4887474	chan_id: 118	data: [[3636.6, 0, 1]]
DEBUG:btfxwss.connection:_stop_timers(): Timers stopped.
DEBUG:btfxwss.connection:_on_message(): Received new message [118,[3636.3,1,0.75]] at 1548205001.4897485
DEBUG:btfxwss.connection:_data_handler(): Passing [118, [3636.3, 1, 0.75]] to client..
DEBUG:btfxwss.connection:_start_timers(): Resetting timers..
DEBUG:btfxwss.connection:_stop_timers(): Timers stopped.
DEBUG:btfxwss.queue_processor:_handle_book: book - [118, [3636.3, 1, 0.75]] - 1548205001.4897485
DEBUG:btfxwss.queue_processor:ts: 1548205001.4897485	chan_id: 118	data: [[3636.3, 1, 0.75]]
DEBUG:btfxwss.connection:_stop_timers(): Timers stopped.
DEBUG:btfxwss.connection:_on_message(): Received new message [118,[3635.8,1,0.81526856]] at 1548205001.4907546
DEBUG:btfxwss.connection:_data_handler(): Passing [118, [3635.8, 1, 0.81526856]] to client..
DEBUG:btfxwss.connection:_start_timers(): Resetting timers..
DEBUG:btfxwss.connection:_stop_timers(): Timers stopped.
DEBUG:btfxwss.queue_processor:_handle_book: book - [118, [3635.8, 1, 0.81526856]] - 1548205001.4907546
DEBUG:btfxwss.queue_processor:ts: 1548205001.4907546	chan_id: 118	data: [[3635.8, 1, 0.81526856]]
DEBUG:btfxwss.connection:_stop_timers(): Timers stopped.
DEBUG:btfxwss.connection:_on_message(): Received new message [351922,[21739073899,0,1]] at 1548205001.5396707
DEBUG:btfxwss.connection:_data_handler(): Passing [351922, [21739073899, 0, 1]] to client..
DEBUG:btfxwss.connection:_start_timers(): Resetting timers..
DEBUG:btfxwss.connection:_stop_timers(): Timers stopped.
DEBUG:btfxwss.queue_processor:_handle_raw_book: raw_book - [351922, [21739073899, 0, 1]] - 1548205001.5396707
DEBUG:btfxwss.connection:_stop_timers(): Timers stopped.
DEBUG:btfxwss.connection:_on_message(): Received new message [351922,[21738966685,3638.3,0.8816264]] at 1548205001.5411897
DEBUG:btfxwss.connection:_data_handler(): Passing [351922, [21738966685, 3638.3, 0.8816264]] to client..
DEBUG:btfxwss.connection:_start_timers(): Resetting timers..
DEBUG:btfxwss.connection:_stop_timers(): Timers stopped.
DEBUG:btfxwss.queue_processor:_handle_raw_book: raw_book - [351922, [21738966685, 3638.3, 0.8816264]] - 1548205001.5411897
DEBUG:btfxwss.connection:_stop_timers(): Timers stopped.
DEBUG:btfxwss.connection:_on_message(): Received new message [118,[3643,0,-1]] at 1548205001.5426886
DEBUG:btfxwss.connection:_data_handler(): Passing [118, [3643, 0, -1]] to client..
DEBUG:btfxwss.connection:_start_timers(): Resetting timers..
DEBUG:btfxwss.connection:_stop_timers(): Timers stopped.
DEBUG:btfxwss.queue_processor:_handle_book: book - [118, [3643, 0, -1]] - 1548205001.5426886
DEBUG:btfxwss.queue_processor:ts: 1548205001.5426886	chan_id: 118	data: [[3643, 0, -1]]
DEBUG:btfxwss.connection:_stop_timers(): Timers stopped.
DEBUG:btfxwss.connection:_on_message(): Received new message [118,[3643.5,0,-1]] at 1548205001.5436754
DEBUG:btfxwss.connection:_data_handler(): Passing [118, [3643.5, 0, -1]] to client..
DEBUG:btfxwss.connection:_start_timers(): Resetting timers..
DEBUG:btfxwss.connection:_stop_timers(): Timers stopped.
DEBUG:btfxwss.queue_processor:_handle_book: book - [118, [3643.5, 0, -1]] - 1548205001.5436754
DEBUG:btfxwss.queue_processor:ts: 1548205001.5436754	chan_id: 118	data: [[3643.5, 0, -1]]
DEBUG:btfxwss.connection:_stop_timers(): Timers stopped.
DEBUG:btfxwss.connection:_on_message(): Received new message [118,[3647.1,2,-0.506]] at 1548205001.544176
DEBUG:btfxwss.connection:_data_handler(): Passing [118, [3647.1, 2, -0.506]] to client..
DEBUG:btfxwss.connection:_start_timers(): Resetting timers..
DEBUG:btfxwss.connection:_stop_timers(): Timers stopped.
DEBUG:btfxwss.queue_processor:_handle_book: book - [118, [3647.1, 2, -0.506]] - 1548205001.544176
DEBUG:btfxwss.queue_processor:ts: 1548205001.544176	chan_id: 118	data: [[3647.1, 2, -0.506]]
DEBUG:btfxwss.connection:_stop_timers(): Timers stopped.
DEBUG:btfxwss.connection:_on_message(): Received new message [118,[3647.2,1,-5.45454545]] at 1548205001.545177
DEBUG:btfxwss.connection:_data_handler(): Passing [118, [3647.2, 1, -5.45454545]] to client..
DEBUG:btfxwss.connection:_start_timers(): Resetting timers..
DEBUG:btfxwss.connection:_stop_timers(): Timers stopped.
DEBUG:btfxwss.queue_processor:_handle_book: book - [118, [3647.2, 1, -5.45454545]] - 1548205001.545177
DEBUG:btfxwss.queue_processor:ts: 1548205001.545177	chan_id: 118	data: [[3647.2, 1, -5.45454545]]
DEBUG:btfxwss.connection:_stop_timers(): Timers stopped.
DEBUG:btfxwss.connection:_on_message(): Received new message [351922,[21739077068,0,-1]] at 1548205001.5461776
DEBUG:btfxwss.connection:_data_handler(): Passing [351922, [21739077068, 0, -1]] to client..
DEBUG:btfxwss.connection:_start_timers(): Resetting timers..
DEBUG:btfxwss.connection:_stop_timers(): Timers stopped.
DEBUG:btfxwss.queue_processor:_handle_raw_book: raw_book - [351922, [21739077068, 0, -1]] - 1548205001.5461776
DEBUG:btfxwss.connection:_stop_timers(): Timers stopped.
DEBUG:btfxwss.connection:_on_message(): Received new message [351922,[21739076719,0,-1]] at 1548205001.5466785
DEBUG:btfxwss.connection:_data_handler(): Passing [351922, [21739076719, 0, -1]] to client..
DEBUG:btfxwss.connection:_start_timers(): Resetting timers..
DEBUG:btfxwss.connection:_stop_timers(): Timers stopped.
DEBUG:btfxwss.queue_processor:_handle_raw_book: raw_book - [351922, [21739076719, 0, -1]] - 1548205001.5466785
DEBUG:btfxwss.connection:_stop_timers(): Timers stopped.
DEBUG:btfxwss.connection:_on_message(): Received new message [351922,[21678041613,3645.071681709,-1.39773786]] at 1548205001.5476792
DEBUG:btfxwss.connection:_data_handler(): Passing [351922, [21678041613, 3645.071681709, -1.39773786]] to client..
DEBUG:btfxwss.connection:_start_timers(): Resetting timers..
DEBUG:btfxwss.connection:_stop_timers(): Timers stopped.
DEBUG:btfxwss.queue_processor:_handle_raw_book: raw_book - [351922, [21678041613, 3645.071681709, -1.39773786]] - 1548205001.5476792
DEBUG:btfxwss.connection:_stop_timers(): Timers stopped.
DEBUG:btfxwss.connection:_on_message(): Received new message [351922,[21736629340,3645.217728,-0.004]] at 1548205001.5481796
DEBUG:btfxwss.connection:_data_handler(): Passing [351922, [21736629340, 3645.217728, -0.004]] to client..
DEBUG:btfxwss.connection:_start_timers(): Resetting timers..
DEBUG:btfxwss.connection:_stop_timers(): Timers stopped.
DEBUG:btfxwss.queue_processor:_handle_raw_book: raw_book - [351922, [21736629340, 3645.217728, -0.004]] - 1548205001.5481796
DEBUG:btfxwss.connection:_stop_timers(): Timers stopped.
DEBUG:btfxwss.connection:_on_message(): Received new message [118,[3647.2,0,-1]] at 1548205001.671136
DEBUG:btfxwss.connection:_data_handler(): Passing [118, [3647.2, 0, -1]] to client..
DEBUG:btfxwss.connection:_start_timers(): Resetting timers..
DEBUG:btfxwss.connection:_stop_timers(): Timers stopped.
DEBUG:btfxwss.queue_processor:_handle_book: book - [118, [3647.2, 0, -1]] - 1548205001.671136
DEBUG:btfxwss.queue_processor:ts: 1548205001.671136	chan_id: 118	data: [[3647.2, 0, -1]]
DEBUG:btfxwss.connection:_stop_timers(): Timers stopped.
DEBUG:btfxwss.connection:_on_message(): Received new message [118,[3643.1,1,-0.01389733]] at 1548205001.672647
DEBUG:btfxwss.connection:_data_handler(): Passing [118, [3643.1, 1, -0.01389733]] to client..
DEBUG:btfxwss.connection:_start_timers(): Resetting timers..
DEBUG:btfxwss.connection:_stop_timers(): Timers stopped.
DEBUG:btfxwss.queue_processor:_handle_book: book - [118, [3643.1, 1, -0.01389733]] - 1548205001.672647
DEBUG:btfxwss.queue_processor:ts: 1548205001.672647	chan_id: 118	data: [[3643.1, 1, -0.01389733]]
DEBUG:btfxwss.connection:_stop_timers(): Timers stopped.
DEBUG:btfxwss.connection:_on_message(): Received new message [351922,[21736629340,0,-1]] at 1548205001.6736398
DEBUG:btfxwss.connection:_data_handler(): Passing [351922, [21736629340, 0, -1]] to client..
DEBUG:btfxwss.connection:_start_timers(): Resetting timers..
DEBUG:btfxwss.connection:_stop_timers(): Timers stopped.
DEBUG:btfxwss.queue_processor:_handle_raw_book: raw_book - [351922, [21736629340, 0, -1]] - 1548205001.6736398
DEBUG:btfxwss.connection:_stop_timers(): Timers stopped.
DEBUG:btfxwss.connection:_on_message(): Received new message [351922,[21739077176,3643.1,-0.01389733]] at 1548205001.6746407
DEBUG:btfxwss.connection:_data_handler(): Passing [351922, [21739077176, 3643.1, -0.01389733]] to client..
DEBUG:btfxwss.connection:_start_timers(): Resetting timers..
DEBUG:btfxwss.connection:_stop_timers(): Timers stopped.
DEBUG:btfxwss.queue_processor:_handle_raw_book: raw_book - [351922, [21739077176, 3643.1, -0.01389733]] - 1548205001.6746407
DEBUG:btfxwss.connection:_stop_timers(): Timers stopped.
DEBUG:btfxwss.connection:_on_message(): Received new message [118,[3635.8,0,1]] at 1548205001.763253
DEBUG:btfxwss.connection:_data_handler(): Passing [118, [3635.8, 0, 1]] to client..
DEBUG:btfxwss.connection:_start_timers(): Resetting timers..
DEBUG:btfxwss.connection:_stop_timers(): Timers stopped.
DEBUG:btfxwss.queue_processor:_handle_book: book - [118, [3635.8, 0, 1]] - 1548205001.763253
DEBUG:btfxwss.queue_processor:ts: 1548205001.763253	chan_id: 118	data: [[3635.8, 0, 1]]
DEBUG:btfxwss.connection:_stop_timers(): Timers stopped.
DEBUG:btfxwss.connection:_on_message(): Received new message [118,[3639.9,1,3.5]] at 1548205001.7647533
DEBUG:btfxwss.connection:_data_handler(): Passing [118, [3639.9, 1, 3.5]] to client..
DEBUG:btfxwss.connection:_start_timers(): Resetting timers..
DEBUG:btfxwss.connection:_stop_timers(): Timers stopped.
DEBUG:btfxwss.queue_processor:_handle_book: book - [118, [3639.9, 1, 3.5]] - 1548205001.7647533
DEBUG:btfxwss.queue_processor:ts: 1548205001.7647533	chan_id: 118	data: [[3639.9, 1, 3.5]]
DEBUG:btfxwss.connection:_stop_timers(): Timers stopped.
DEBUG:btfxwss.connection:_on_message(): Received new message [118,[3639.1,1,0.27963932]] at 1548205001.7662394
DEBUG:btfxwss.connection:_data_handler(): Passing [118, [3639.1, 1, 0.27963932]] to client..
DEBUG:btfxwss.connection:_start_timers(): Resetting timers..
DEBUG:btfxwss.connection:_stop_timers(): Timers stopped.
DEBUG:btfxwss.queue_processor:_handle_book: book - [118, [3639.1, 1, 0.27963932]] - 1548205001.7662394
DEBUG:btfxwss.queue_processor:ts: 1548205001.7662394	chan_id: 118	data: [[3639.1, 1, 0.27963932]]
DEBUG:btfxwss.connection:_stop_timers(): Timers stopped.
DEBUG:btfxwss.connection:_on_message(): Received new message [118,[3637.7,2,3.5]] at 1548205001.7672417
DEBUG:btfxwss.connection:_data_handler(): Passing [118, [3637.7, 2, 3.5]] to client..
DEBUG:btfxwss.connection:_start_timers(): Resetting timers..
DEBUG:btfxwss.connection:_stop_timers(): Timers stopped.
DEBUG:btfxwss.queue_processor:_handle_book: book - [118, [3637.7, 2, 3.5]] - 1548205001.7672417
DEBUG:btfxwss.queue_processor:ts: 1548205001.7672417	chan_id: 118	data: [[3637.7, 2, 3.5]]
DEBUG:btfxwss.connection:_stop_timers(): Timers stopped.
DEBUG:btfxwss.connection:_on_message(): Received new message [351922,[21739076554,0,1]] at 1548205001.768242
DEBUG:btfxwss.connection:_data_handler(): Passing [351922, [21739076554, 0, 1]] to client..
DEBUG:btfxwss.connection:_start_timers(): Resetting timers..
DEBUG:btfxwss.connection:_stop_timers(): Timers stopped.
DEBUG:btfxwss.queue_processor:_handle_raw_book: raw_book - [351922, [21739076554, 0, 1]] - 1548205001.768242
DEBUG:btfxwss.connection:_stop_timers(): Timers stopped.
DEBUG:btfxwss.connection:_on_message(): Received new message [351922,[21739077204,3639.1,0.27963932]] at 1548205001.7692428
DEBUG:btfxwss.connection:_data_handler(): Passing [351922, [21739077204, 3639.1, 0.27963932]] to client..
DEBUG:btfxwss.connection:_start_timers(): Resetting timers..
DEBUG:btfxwss.connection:_stop_timers(): Timers stopped.
DEBUG:btfxwss.queue_processor:_handle_raw_book: raw_book - [351922, [21739077204, 3639.1, 0.27963932]] - 1548205001.7692428
DEBUG:btfxwss.connection:_stop_timers(): Timers stopped.
DEBUG:btfxwss.connection:_on_message(): Received new message [118,[3637.6,2,4.74325895]] at 1548205001.8252964
DEBUG:btfxwss.connection:_data_handler(): Passing [118, [3637.6, 2, 4.74325895]] to client..
DEBUG:btfxwss.connection:_start_timers(): Resetting timers..
DEBUG:btfxwss.connection:_stop_timers(): Timers stopped.
DEBUG:btfxwss.queue_processor:_handle_book: book - [118, [3637.6, 2, 4.74325895]] - 1548205001.8252964
DEBUG:btfxwss.queue_processor:ts: 1548205001.8252964	chan_id: 118	data: [[3637.6, 2, 4.74325895]]
DEBUG:btfxwss.connection:_stop_timers(): Timers stopped.
DEBUG:btfxwss.connection:_on_message(): Received new message [118,[3635.9,0,1]] at 1548205002.0894141
DEBUG:btfxwss.connection:_data_handler(): Passing [118, [3635.9, 0, 1]] to client..
DEBUG:btfxwss.connection:_start_timers(): Resetting timers..
DEBUG:btfxwss.connection:_stop_timers(): Timers stopped.
DEBUG:btfxwss.queue_processor:_handle_book: book - [118, [3635.9, 0, 1]] - 1548205002.0894141
DEBUG:btfxwss.queue_processor:ts: 1548205002.0894141	chan_id: 118	data: [[3635.9, 0, 1]]
DEBUG:btfxwss.connection:_stop_timers(): Timers stopped.
DEBUG:btfxwss.connection:_on_message(): Received new message [118,[3640.7,1,0.02084519]] at 1548205002.0909135
DEBUG:btfxwss.connection:_data_handler(): Passing [118, [3640.7, 1, 0.02084519]] to client..
DEBUG:btfxwss.connection:_start_timers(): Resetting timers..
DEBUG:btfxwss.connection:_stop_timers(): Timers stopped.
DEBUG:btfxwss.queue_processor:_handle_book: book - [118, [3640.7, 1, 0.02084519]] - 1548205002.0909135
DEBUG:btfxwss.queue_processor:ts: 1548205002.0909135	chan_id: 118	data: [[3640.7, 1, 0.02084519]]
DEBUG:btfxwss.connection:_stop_timers(): Timers stopped.
DEBUG:btfxwss.connection:_on_message(): Received new message [351922,[21738966685,0,1]] at 1548205002.0984204
DEBUG:btfxwss.connection:_data_handler(): Passing [351922, [21738966685, 0, 1]] to client..
DEBUG:btfxwss.connection:_start_timers(): Resetting timers..
DEBUG:btfxwss.connection:_stop_timers(): Timers stopped.
DEBUG:btfxwss.queue_processor:_handle_raw_book: raw_book - [351922, [21738966685, 0, 1]] - 1548205002.0984204
DEBUG:btfxwss.connection:_stop_timers(): Timers stopped.
DEBUG:btfxwss.connection:_on_message(): Received new message [351922,[21739077336,3640.7,0.02084519]] at 1548205002.0999365
DEBUG:btfxwss.connection:_data_handler(): Passing [351922, [21739077336, 3640.7, 0.02084519]] to client..
DEBUG:btfxwss.connection:_start_timers(): Resetting timers..
DEBUG:btfxwss.connection:_stop_timers(): Timers stopped.
DEBUG:btfxwss.queue_processor:_handle_raw_book: raw_book - [351922, [21739077336, 3640.7, 0.02084519]] - 1548205002.0999365
DEBUG:btfxwss.connection:_stop_timers(): Timers stopped.
DEBUG:btfxwss.connection:_on_message(): Received new message [118,[3639.9,2,3.74425186]] at 1548205002.1493096
DEBUG:btfxwss.connection:_data_handler(): Passing [118, [3639.9, 2, 3.74425186]] to client..
DEBUG:btfxwss.connection:_start_timers(): Resetting timers..
DEBUG:btfxwss.connection:_stop_timers(): Timers stopped.
DEBUG:btfxwss.queue_processor:_handle_book: book - [118, [3639.9, 2, 3.74425186]] - 1548205002.1493096
DEBUG:btfxwss.queue_processor:ts: 1548205002.1493096	chan_id: 118	data: [[3639.9, 2, 3.74425186]]
DEBUG:btfxwss.connection:_stop_timers(): Timers stopped.
DEBUG:btfxwss.connection:_on_message(): Received new message [118,[3644,3,-4.51389782]] at 1548205002.1513104
DEBUG:btfxwss.connection:_data_handler(): Passing [118, [3644, 3, -4.51389782]] to client..
DEBUG:btfxwss.connection:_start_timers(): Resetting timers..
DEBUG:btfxwss.connection:_stop_timers(): Timers stopped.
DEBUG:btfxwss.queue_processor:_handle_book: book - [118, [3644, 3, -4.51389782]] - 1548205002.1513104
DEBUG:btfxwss.queue_processor:ts: 1548205002.1513104	chan_id: 118	data: [[3644, 3, -4.51389782]]
DEBUG:btfxwss.connection:_stop_timers(): Timers stopped.
DEBUG:btfxwss.connection:_on_message(): Received new message [351922,[21739070975,0,1]] at 1548205002.1523268
DEBUG:btfxwss.connection:_data_handler(): Passing [351922, [21739070975, 0, 1]] to client..
DEBUG:btfxwss.connection:_start_timers(): Resetting timers..
DEBUG:btfxwss.connection:_stop_timers(): Timers stopped.
DEBUG:btfxwss.queue_processor:_handle_raw_book: raw_book - [351922, [21739070975, 0, 1]] - 1548205002.1523268
DEBUG:btfxwss.connection:_stop_timers(): Timers stopped.
DEBUG:btfxwss.connection:_on_message(): Received new message [351922,[21678041613,0,-1]] at 1548205002.1533124
DEBUG:btfxwss.connection:_data_handler(): Passing [351922, [21678041613, 0, -1]] to client..
DEBUG:btfxwss.connection:_start_timers(): Resetting timers..
DEBUG:btfxwss.connection:_stop_timers(): Timers stopped.
DEBUG:btfxwss.queue_processor:_handle_raw_book: raw_book - [351922, [21678041613, 0, -1]] - 1548205002.1533124
DEBUG:btfxwss.connection:_stop_timers(): Timers stopped.
DEBUG:btfxwss.connection:_on_message(): Received new message [351922,[21739077356,3639.9,0.24425186]] at 1548205002.1543133
DEBUG:btfxwss.connection:_data_handler(): Passing [351922, [21739077356, 3639.9, 0.24425186]] to client..
DEBUG:btfxwss.connection:_start_timers(): Resetting timers..
DEBUG:btfxwss.connection:_stop_timers(): Timers stopped.
DEBUG:btfxwss.queue_processor:_handle_raw_book: raw_book - [351922, [21739077356, 3639.9, 0.24425186]] - 1548205002.1543133
DEBUG:btfxwss.connection:_stop_timers(): Timers stopped.
DEBUG:btfxwss.connection:_on_message(): Received new message [351922,[21739077344,3644,-0.01389782]] at 1548205002.2173743
DEBUG:btfxwss.connection:_data_handler(): Passing [351922, [21739077344, 3644, -0.01389782]] to client..
DEBUG:btfxwss.connection:_start_timers(): Resetting timers..
DEBUG:btfxwss.connection:_stop_timers(): Timers stopped.
DEBUG:btfxwss.queue_processor:_handle_raw_book: raw_book - [351922, [21739077344, 3644, -0.01389782]] - 1548205002.2173743
DEBUG:btfxwss.connection:_stop_timers(): Timers stopped.
DEBUG:btfxwss.connection:_on_message(): Received new message [351922,[21739077336,0,1]] at 1548205002.223379
DEBUG:btfxwss.connection:_data_handler(): Passing [351922, [21739077336, 0, 1]] to client..
DEBUG:btfxwss.connection:_start_timers(): Resetting timers..
DEBUG:btfxwss.connection:_stop_timers(): Timers stopped.
DEBUG:btfxwss.queue_processor:_handle_raw_book: raw_book - [351922, [21739077336, 0, 1]] - 1548205002.223379
DEBUG:btfxwss.connection:_stop_timers(): Timers stopped.
DEBUG:btfxwss.connection:_on_message(): Received new message [351922,[21739070975,3638.4,0.47812344]] at 1548205002.2243805
DEBUG:btfxwss.connection:_data_handler(): Passing [351922, [21739070975, 3638.4, 0.47812344]] to client..
DEBUG:btfxwss.connection:_start_timers(): Resetting timers..
DEBUG:btfxwss.connection:_stop_timers(): Timers stopped.
DEBUG:btfxwss.queue_processor:_handle_raw_book: raw_book - [351922, [21739070975, 3638.4, 0.47812344]] - 1548205002.2243805
DEBUG:btfxwss.connection:_stop_timers(): Timers stopped.
DEBUG:btfxwss.connection:_on_message(): Received new message [118,[3640.7,0,1]] at 1548205002.270424
DEBUG:btfxwss.connection:_data_handler(): Passing [118, [3640.7, 0, 1]] to client..
DEBUG:btfxwss.connection:_start_timers(): Resetting timers..
DEBUG:btfxwss.connection:_stop_timers(): Timers stopped.
DEBUG:btfxwss.queue_processor:_handle_book: book - [118, [3640.7, 0, 1]] - 1548205002.270424
DEBUG:btfxwss.queue_processor:ts: 1548205002.270424	chan_id: 118	data: [[3640.7, 0, 1]]
DEBUG:btfxwss.connection:_stop_timers(): Timers stopped.
DEBUG:btfxwss.connection:_on_message(): Received new message [118,[3637.5,0,1]] at 1548205002.271926
DEBUG:btfxwss.connection:_data_handler(): Passing [118, [3637.5, 0, 1]] to client..
DEBUG:btfxwss.connection:_start_timers(): Resetting timers..
DEBUG:btfxwss.connection:_stop_timers(): Timers stopped.
DEBUG:btfxwss.queue_processor:_handle_book: book - [118, [3637.5, 0, 1]] - 1548205002.271926
DEBUG:btfxwss.queue_processor:ts: 1548205002.271926	chan_id: 118	data: [[3637.5, 0, 1]]
DEBUG:btfxwss.connection:_stop_timers(): Timers stopped.
DEBUG:btfxwss.connection:_on_message(): Received new message [118,[3637.6,1,0.6]] at 1548205002.2734268
DEBUG:btfxwss.connection:_data_handler(): Passing [118, [3637.6, 1, 0.6]] to client..
DEBUG:btfxwss.connection:_start_timers(): Resetting timers..
DEBUG:btfxwss.connection:_stop_timers(): Timers stopped.
DEBUG:btfxwss.queue_processor:_handle_book: book - [118, [3637.6, 1, 0.6]] - 1548205002.2734268
DEBUG:btfxwss.queue_processor:ts: 1548205002.2734268	chan_id: 118	data: [[3637.6, 1, 0.6]]
DEBUG:btfxwss.connection:_stop_timers(): Timers stopped.
DEBUG:btfxwss.connection:_on_message(): Received new message [118,[3635.9,1,0.06868037]] at 1548205002.2739272
DEBUG:btfxwss.connection:_data_handler(): Passing [118, [3635.9, 1, 0.06868037]] to client..
DEBUG:btfxwss.connection:_start_timers(): Resetting timers..
DEBUG:btfxwss.connection:_stop_timers(): Timers stopped.
DEBUG:btfxwss.queue_processor:_handle_book: book - [118, [3635.9, 1, 0.06868037]] - 1548205002.2739272
DEBUG:btfxwss.queue_processor:ts: 1548205002.2739272	chan_id: 118	data: [[3635.9, 1, 0.06868037]]
DEBUG:btfxwss.connection:_stop_timers(): Timers stopped.
DEBUG:btfxwss.connection:_on_message(): Received new message [118,[3635.8,1,0.81526856]] at 1548205002.2749286
DEBUG:btfxwss.connection:_data_handler(): Passing [118, [3635.8, 1, 0.81526856]] to client..
DEBUG:btfxwss.connection:_start_timers(): Resetting timers..
DEBUG:btfxwss.connection:_stop_timers(): Timers stopped.
DEBUG:btfxwss.queue_processor:_handle_book: book - [118, [3635.8, 1, 0.81526856]] - 1548205002.2749286
DEBUG:btfxwss.queue_processor:ts: 1548205002.2749286	chan_id: 118	data: [[3635.8, 1, 0.81526856]]
DEBUG:btfxwss.connection:_stop_timers(): Timers stopped.
DEBUG:btfxwss.connection:_on_message(): Received new message [118,[3644,2,-4.5]] at 1548205002.2759323
DEBUG:btfxwss.connection:_data_handler(): Passing [118, [3644, 2, -4.5]] to client..
DEBUG:btfxwss.connection:_start_timers(): Resetting timers..
DEBUG:btfxwss.connection:_stop_timers(): Timers stopped.
DEBUG:btfxwss.queue_processor:_handle_book: book - [118, [3644, 2, -4.5]] - 1548205002.2759323
DEBUG:btfxwss.queue_processor:ts: 1548205002.2759323	chan_id: 118	data: [[3644, 2, -4.5]]
DEBUG:btfxwss.connection:_stop_timers(): Timers stopped.
DEBUG:btfxwss.connection:_on_message(): Received new message [351922,[21739077344,0,-1]] at 1548205002.2764301
DEBUG:btfxwss.connection:_data_handler(): Passing [351922, [21739077344, 0, -1]] to client..
DEBUG:btfxwss.connection:_start_timers(): Resetting timers..
DEBUG:btfxwss.connection:_stop_timers(): Timers stopped.
DEBUG:btfxwss.queue_processor:_handle_raw_book: raw_book - [351922, [21739077344, 0, -1]] - 1548205002.2764301
DEBUG:btfxwss.connection:_stop_timers(): Timers stopped.
DEBUG:btfxwss.connection:_on_message(): Received new message [351922,[21678041613,3645.071681709,-1.39773786]] at 1548205002.2774317
DEBUG:btfxwss.connection:_data_handler(): Passing [351922, [21678041613, 3645.071681709, -1.39773786]] to client..
DEBUG:btfxwss.connection:_start_timers(): Resetting timers..
DEBUG:btfxwss.connection:_stop_timers(): Timers stopped.
DEBUG:btfxwss.queue_processor:_handle_raw_book: raw_book - [351922, [21678041613, 3645.071681709, -1.39773786]] - 1548205002.2774317
DEBUG:btfxwss.connection:_stop_timers(): Timers stopped.
DEBUG:btfxwss.connection:_on_message(): Received new message [118,[3635.8,0,1]] at 1548205002.3117492
DEBUG:btfxwss.connection:_data_handler(): Passing [118, [3635.8, 0, 1]] to client..
DEBUG:btfxwss.connection:_start_timers(): Resetting timers..
DEBUG:btfxwss.connection:_stop_timers(): Timers stopped.
DEBUG:btfxwss.queue_processor:_handle_book: book - [118, [3635.8, 0, 1]] - 1548205002.3117492
DEBUG:btfxwss.connection:_stop_timers(): Timers stopped.
DEBUG:btfxwss.queue_processor:ts: 1548205002.3117492	chan_id: 118	data: [[3635.8, 0, 1]]
DEBUG:btfxwss.connection:_on_message(): Received new message [118,[3637.7,3,7.6434012]] at 1548205002.31275
DEBUG:btfxwss.connection:_data_handler(): Passing [118, [3637.7, 3, 7.6434012]] to client..
DEBUG:btfxwss.connection:_start_timers(): Resetting timers..
DEBUG:btfxwss.connection:_stop_timers(): Timers stopped.
DEBUG:btfxwss.queue_processor:_handle_book: book - [118, [3637.7, 3, 7.6434012]] - 1548205002.31275
DEBUG:btfxwss.queue_processor:ts: 1548205002.31275	chan_id: 118	data: [[3637.7, 3, 7.6434012]]
DEBUG:btfxwss.connection:_stop_timers(): Timers stopped.
DEBUG:btfxwss.connection:_on_message(): Received new message [118,[3637.5,1,0.39044304]] at 1548205002.3142514
DEBUG:btfxwss.connection:_data_handler(): Passing [118, [3637.5, 1, 0.39044304]] to client..
DEBUG:btfxwss.connection:_start_timers(): Resetting timers..
DEBUG:btfxwss.connection:_stop_timers(): Timers stopped.
DEBUG:btfxwss.queue_processor:_handle_book: book - [118, [3637.5, 1, 0.39044304]] - 1548205002.3142514
DEBUG:btfxwss.queue_processor:ts: 1548205002.3142514	chan_id: 118	data: [[3637.5, 1, 0.39044304]]
DEBUG:btfxwss.connection:_stop_timers(): Timers stopped.
DEBUG:btfxwss.connection:_on_message(): Received new message [118,[3640.3,3,0.82111669]] at 1548205002.424685
DEBUG:btfxwss.connection:_data_handler(): Passing [118, [3640.3, 3, 0.82111669]] to client..
DEBUG:btfxwss.connection:_start_timers(): Resetting timers..
DEBUG:btfxwss.connection:_stop_timers(): Timers stopped.
DEBUG:btfxwss.queue_processor:_handle_book: book - [118, [3640.3, 3, 0.82111669]] - 1548205002.424685
DEBUG:btfxwss.queue_processor:ts: 1548205002.424685	chan_id: 118	data: [[3640.3, 3, 0.82111669]]
DEBUG:btfxwss.connection:_stop_timers(): Timers stopped.
DEBUG:btfxwss.connection:_on_message(): Received new message [351922,[21739077356,0,1]] at 1548205002.4482174
DEBUG:btfxwss.connection:_data_handler(): Passing [351922, [21739077356, 0, 1]] to client..
DEBUG:btfxwss.connection:_start_timers(): Resetting timers..
DEBUG:btfxwss.connection:_stop_timers(): Timers stopped.
DEBUG:btfxwss.queue_processor:_handle_raw_book: raw_book - [351922, [21739077356, 0, 1]] - 1548205002.4482174
DEBUG:btfxwss.connection:_stop_timers(): Timers stopped.
DEBUG:btfxwss.connection:_on_message(): Received new message [351922,[21739077438,3640.3,0.02084472]] at 1548205002.449709
DEBUG:btfxwss.connection:_data_handler(): Passing [351922, [21739077438, 3640.3, 0.02084472]] to client..
DEBUG:btfxwss.connection:_start_timers(): Resetting timers..
DEBUG:btfxwss.connection:_stop_timers(): Timers stopped.
DEBUG:btfxwss.queue_processor:_handle_raw_book: raw_book - [351922, [21739077438, 3640.3, 0.02084472]] - 1548205002.449709
DEBUG:btfxwss.connection:_stop_timers(): Timers stopped.
DEBUG:btfxwss.connection:_on_message(): Received new message [118,[3639.9,1,3.5]] at 1548205002.4595015
DEBUG:btfxwss.connection:_data_handler(): Passing [118, [3639.9, 1, 3.5]] to client..
DEBUG:btfxwss.connection:_start_timers(): Resetting timers..
DEBUG:btfxwss.connection:_stop_timers(): Timers stopped.
DEBUG:btfxwss.queue_processor:_handle_book: book - [118, [3639.9, 1, 3.5]] - 1548205002.4595015
DEBUG:btfxwss.queue_processor:ts: 1548205002.4595015	chan_id: 118	data: [[3639.9, 1, 3.5]]
DEBUG:btfxwss.connection:_stop_timers(): Timers stopped.
DEBUG:btfxwss.connection:_on_message(): Received new message [118,[3646.9,0,-1]] at 1548205002.512052
DEBUG:btfxwss.connection:_data_handler(): Passing [118, [3646.9, 0, -1]] to client..
DEBUG:btfxwss.connection:_start_timers(): Resetting timers..
DEBUG:btfxwss.connection:_stop_timers(): Timers stopped.
DEBUG:btfxwss.queue_processor:_handle_book: book - [118, [3646.9, 0, -1]] - 1548205002.512052
DEBUG:btfxwss.connection:_stop_timers(): Timers stopped.
DEBUG:btfxwss.queue_processor:ts: 1548205002.512052	chan_id: 118	data: [[3646.9, 0, -1]]
DEBUG:btfxwss.connection:_on_message(): Received new message [118,[3647.2,1,-5.45454545]] at 1548205002.5135543
DEBUG:btfxwss.connection:_data_handler(): Passing [118, [3647.2, 1, -5.45454545]] to client..
DEBUG:btfxwss.connection:_start_timers(): Resetting timers..
DEBUG:btfxwss.connection:_stop_timers(): Timers stopped.
DEBUG:btfxwss.queue_processor:_handle_book: book - [118, [3647.2, 1, -5.45454545]] - 1548205002.5135543
DEBUG:btfxwss.queue_processor:ts: 1548205002.5135543	chan_id: 118	data: [[3647.2, 1, -5.45454545]]
DEBUG:btfxwss.connection:_stop_timers(): Timers stopped.
DEBUG:btfxwss.connection:_on_message(): Received new message [118,[3640.3,2,0.80027197]] at 1548205002.6186547
DEBUG:btfxwss.connection:_data_handler(): Passing [118, [3640.3, 2, 0.80027197]] to client..
DEBUG:btfxwss.connection:_start_timers(): Resetting timers..
DEBUG:btfxwss.connection:_stop_timers(): Timers stopped.
DEBUG:btfxwss.queue_processor:_handle_book: book - [118, [3640.3, 2, 0.80027197]] - 1548205002.6186547
DEBUG:btfxwss.queue_processor:ts: 1548205002.6186547	chan_id: 118	data: [[3640.3, 2, 0.80027197]]
DEBUG:btfxwss.connection:_stop_timers(): Timers stopped.
DEBUG:btfxwss.connection:_on_message(): Received new message [118,[3639.7,1,0.41193513]] at 1548205002.6196554
DEBUG:btfxwss.connection:_data_handler(): Passing [118, [3639.7, 1, 0.41193513]] to client..
DEBUG:btfxwss.connection:_start_timers(): Resetting timers..
DEBUG:btfxwss.connection:_stop_timers(): Timers stopped.
DEBUG:btfxwss.queue_processor:_handle_book: book - [118, [3639.7, 1, 0.41193513]] - 1548205002.6196554
DEBUG:btfxwss.queue_processor:ts: 1548205002.6196554	chan_id: 118	data: [[3639.7, 1, 0.41193513]]
DEBUG:btfxwss.connection:_stop_timers(): Timers stopped.
DEBUG:btfxwss.connection:_on_message(): Received new message [351922,[21739077438,0,1]] at 1548205002.623169
DEBUG:btfxwss.connection:_data_handler(): Passing [351922, [21739077438, 0, 1]] to client..
DEBUG:btfxwss.connection:_start_timers(): Resetting timers..
DEBUG:btfxwss.connection:_stop_timers(): Timers stopped.
DEBUG:btfxwss.queue_processor:_handle_raw_book: raw_book - [351922, [21739077438, 0, 1]] - 1548205002.623169
DEBUG:btfxwss.connection:_stop_timers(): Timers stopped.
DEBUG:btfxwss.connection:_on_message(): Received new message [351922,[21739077063,0,1]] at 1548205002.624165
DEBUG:btfxwss.connection:_data_handler(): Passing [351922, [21739077063, 0, 1]] to client..
DEBUG:btfxwss.connection:_start_timers(): Resetting timers..
DEBUG:btfxwss.queue_processor:_handle_raw_book: raw_book - [351922, [21739077063, 0, 1]] - 1548205002.624165
DEBUG:btfxwss.connection:_stop_timers(): Timers stopped.
DEBUG:btfxwss.connection:_stop_timers(): Timers stopped.
DEBUG:btfxwss.connection:_on_message(): Received new message [351922,[21678041613,0,-1]] at 1548205002.625161
DEBUG:btfxwss.connection:_data_handler(): Passing [351922, [21678041613, 0, -1]] to client..
DEBUG:btfxwss.connection:_start_timers(): Resetting timers..
DEBUG:btfxwss.connection:_stop_timers(): Timers stopped.
DEBUG:btfxwss.queue_processor:_handle_raw_book: raw_book - [351922, [21678041613, 0, -1]] - 1548205002.625161
DEBUG:btfxwss.connection:_stop_timers(): Timers stopped.
DEBUG:btfxwss.connection:_on_message(): Received new message [351922,[21738966685,3638.3,0.8816264]] at 1548205002.6256618
DEBUG:btfxwss.connection:_data_handler(): Passing [351922, [21738966685, 3638.3, 0.8816264]] to client..
DEBUG:btfxwss.connection:_start_timers(): Resetting timers..
DEBUG:btfxwss.connection:_stop_timers(): Timers stopped.
DEBUG:btfxwss.queue_processor:_handle_raw_book: raw_book - [351922, [21738966685, 3638.3, 0.8816264]] - 1548205002.6256618
DEBUG:btfxwss.connection:_stop_timers(): Timers stopped.
DEBUG:btfxwss.connection:_on_message(): Received new message [351922,[21738928117,3638,3.5]] at 1548205002.6266632
DEBUG:btfxwss.connection:_data_handler(): Passing [351922, [21738928117, 3638, 3.5]] to client..
DEBUG:btfxwss.connection:_start_timers(): Resetting timers..
DEBUG:btfxwss.connection:_stop_timers(): Timers stopped.
DEBUG:btfxwss.queue_processor:_handle_raw_book: raw_book - [351922, [21738928117, 3638, 3.5]] - 1548205002.6266632
DEBUG:btfxwss.connection:_stop_timers(): Timers stopped.
DEBUG:btfxwss.connection:_on_message(): Received new message [351922,[21739077530,3643.4,-0.01389758]] at 1548205002.6496847
DEBUG:btfxwss.connection:_data_handler(): Passing [351922, [21739077530, 3643.4, -0.01389758]] to client..
DEBUG:btfxwss.connection:_start_timers(): Resetting timers..
DEBUG:btfxwss.connection:_stop_timers(): Timers stopped.
DEBUG:btfxwss.queue_processor:_handle_raw_book: raw_book - [351922, [21739077530, 3643.4, -0.01389758]] - 1548205002.6496847
DEBUG:btfxwss.connection:_stop_timers(): Timers stopped.
DEBUG:btfxwss.connection:_on_message(): Received new message [118,[3647.2,0,-1]] at 1548205002.670204
DEBUG:btfxwss.connection:_data_handler(): Passing [118, [3647.2, 0, -1]] to client..
DEBUG:btfxwss.connection:_start_timers(): Resetting timers..
DEBUG:btfxwss.connection:_stop_timers(): Timers stopped.
DEBUG:btfxwss.queue_processor:_handle_book: book - [118, [3647.2, 0, -1]] - 1548205002.670204
DEBUG:btfxwss.queue_processor:ts: 1548205002.670204	chan_id: 118	data: [[3647.2, 0, -1]]
DEBUG:btfxwss.connection:_stop_timers(): Timers stopped.
DEBUG:btfxwss.connection:_on_message(): Received new message [118,[3643.4,1,-0.01389758]] at 1548205002.6717062
DEBUG:btfxwss.connection:_data_handler(): Passing [118, [3643.4, 1, -0.01389758]] to client..
DEBUG:btfxwss.connection:_start_timers(): Resetting timers..
DEBUG:btfxwss.connection:_stop_timers(): Timers stopped.
DEBUG:btfxwss.queue_processor:_handle_book: book - [118, [3643.4, 1, -0.01389758]] - 1548205002.6717062
DEBUG:btfxwss.queue_processor:ts: 1548205002.6717062	chan_id: 118	data: [[3643.4, 1, -0.01389758]]
DEBUG:btfxwss.connection:_stop_timers(): Timers stopped.
DEBUG:btfxwss.connection:_on_message(): Received new message [351922,[21739077204,0,1]] at 1548205002.7457764
DEBUG:btfxwss.connection:_data_handler(): Passing [351922, [21739077204, 0, 1]] to client..
DEBUG:btfxwss.connection:_start_timers(): Resetting timers..
DEBUG:btfxwss.connection:_stop_timers(): Timers stopped.
DEBUG:btfxwss.queue_processor:_handle_raw_book: raw_book - [351922, [21739077204, 0, 1]] - 1548205002.7457764
DEBUG:btfxwss.connection:_stop_timers(): Timers stopped.
DEBUG:btfxwss.connection:_on_message(): Received new message [351922,[21738490833,3637.799491565,3]] at 1548205002.7472837
DEBUG:btfxwss.connection:_data_handler(): Passing [351922, [21738490833, 3637.799491565, 3]] to client..
DEBUG:btfxwss.connection:_start_timers(): Resetting timers..
DEBUG:btfxwss.connection:_stop_timers(): Timers stopped.
DEBUG:btfxwss.queue_processor:_handle_raw_book: raw_book - [351922, [21738490833, 3637.799491565, 3]] - 1548205002.7472837
DEBUG:btfxwss.connection:_stop_timers(): Timers stopped.
DEBUG:btfxwss.connection:_on_message(): Received new message [118,[3639.1,0,1]] at 1548205002.7477784
DEBUG:btfxwss.connection:_data_handler(): Passing [118, [3639.1, 0, 1]] to client..
DEBUG:btfxwss.connection:_start_timers(): Resetting timers..
DEBUG:btfxwss.connection:_stop_timers(): Timers stopped.
DEBUG:btfxwss.queue_processor:_handle_book: book - [118, [3639.1, 0, 1]] - 1548205002.7477784
DEBUG:btfxwss.queue_processor:ts: 1548205002.7477784	chan_id: 118	data: [[3639.1, 0, 1]]
DEBUG:btfxwss.connection:_stop_timers(): Timers stopped.
DEBUG:btfxwss.connection:_on_message(): Received new message [118,[3637.7,2,3.5]] at 1548205002.7487795
DEBUG:btfxwss.connection:_data_handler(): Passing [118, [3637.7, 2, 3.5]] to client..
DEBUG:btfxwss.connection:_start_timers(): Resetting timers..
DEBUG:btfxwss.connection:_stop_timers(): Timers stopped.
DEBUG:btfxwss.queue_processor:_handle_book: book - [118, [3637.7, 2, 3.5]] - 1548205002.7487795
DEBUG:btfxwss.queue_processor:ts: 1548205002.7487795	chan_id: 118	data: [[3637.7, 2, 3.5]]
DEBUG:btfxwss.connection:_stop_timers(): Timers stopped.
DEBUG:btfxwss.connection:_on_message(): Received new message [118,[3635.8,1,0.81526856]] at 1548205002.7497804
DEBUG:btfxwss.connection:_data_handler(): Passing [118, [3635.8, 1, 0.81526856]] to client..
DEBUG:btfxwss.connection:_start_timers(): Resetting timers..
DEBUG:btfxwss.connection:_stop_timers(): Timers stopped.
DEBUG:btfxwss.queue_processor:_handle_book: book - [118, [3635.8, 1, 0.81526856]] - 1548205002.7497804
DEBUG:btfxwss.queue_processor:ts: 1548205002.7497804	chan_id: 118	data: [[3635.8, 1, 0.81526856]]
DEBUG:btfxwss.connection:_stop_timers(): Timers stopped.
DEBUG:btfxwss.connection:_on_message(): Received new message [118,[3643.4,0,-1]] at 1548205002.8143425
DEBUG:btfxwss.connection:_data_handler(): Passing [118, [3643.4, 0, -1]] to client..
DEBUG:btfxwss.connection:_start_timers(): Resetting timers..
DEBUG:btfxwss.connection:_stop_timers(): Timers stopped.
DEBUG:btfxwss.queue_processor:_handle_book: book - [118, [3643.4, 0, -1]] - 1548205002.8143425
DEBUG:btfxwss.queue_processor:ts: 1548205002.8143425	chan_id: 118	data: [[3643.4, 0, -1]]
DEBUG:btfxwss.connection:_stop_timers(): Timers stopped.
DEBUG:btfxwss.connection:_on_message(): Received new message [118,[3639.7,2,0.43278105]] at 1548205002.8158462
DEBUG:btfxwss.connection:_data_handler(): Passing [118, [3639.7, 2, 0.43278105]] to client..
DEBUG:btfxwss.connection:_start_timers(): Resetting timers..
DEBUG:btfxwss.connection:_stop_timers(): Timers stopped.
DEBUG:btfxwss.queue_processor:_handle_book: book - [118, [3639.7, 2, 0.43278105]] - 1548205002.8158462
DEBUG:btfxwss.queue_processor:ts: 1548205002.8158462	chan_id: 118	data: [[3639.7, 2, 0.43278105]]
DEBUG:btfxwss.connection:_stop_timers(): Timers stopped.
DEBUG:btfxwss.connection:_on_message(): Received new message [118,[3647.2,1,-5.45454545]] at 1548205002.8178463
DEBUG:btfxwss.connection:_data_handler(): Passing [118, [3647.2, 1, -5.45454545]] to client..
DEBUG:btfxwss.connection:_start_timers(): Resetting timers..
DEBUG:btfxwss.connection:_stop_timers(): Timers stopped.
DEBUG:btfxwss.queue_processor:_handle_book: book - [118, [3647.2, 1, -5.45454545]] - 1548205002.8178463
DEBUG:btfxwss.queue_processor:ts: 1548205002.8178463	chan_id: 118	data: [[3647.2, 1, -5.45454545]]
DEBUG:btfxwss.connection:_stop_timers(): Timers stopped.
DEBUG:btfxwss.connection:_on_message(): Received new message [351922,[21738490833,0,1]] at 1548205002.825354
DEBUG:btfxwss.connection:_data_handler(): Passing [351922, [21738490833, 0, 1]] to client..
DEBUG:btfxwss.connection:_start_timers(): Resetting timers..
DEBUG:btfxwss.connection:_stop_timers(): Timers stopped.
DEBUG:btfxwss.queue_processor:_handle_raw_book: raw_book - [351922, [21738490833, 0, 1]] - 1548205002.825354
DEBUG:btfxwss.connection:_stop_timers(): Timers stopped.
DEBUG:btfxwss.connection:_on_message(): Received new message [351922,[21739077530,0,-1]] at 1548205002.8263552
DEBUG:btfxwss.connection:_data_handler(): Passing [351922, [21739077530, 0, -1]] to client..
DEBUG:btfxwss.connection:_start_timers(): Resetting timers..
DEBUG:btfxwss.connection:_stop_timers(): Timers stopped.
DEBUG:btfxwss.queue_processor:_handle_raw_book: raw_book - [351922, [21739077530, 0, -1]] - 1548205002.8263552
DEBUG:btfxwss.connection:_stop_timers(): Timers stopped.
DEBUG:btfxwss.connection:_on_message(): Received new message [351922,[21739077612,3639.7,0.02084592]] at 1548205002.8273551
DEBUG:btfxwss.connection:_data_handler(): Passing [351922, [21739077612, 3639.7, 0.02084592]] to client..
DEBUG:btfxwss.connection:_start_timers(): Resetting timers..
DEBUG:btfxwss.connection:_stop_timers(): Timers stopped.
DEBUG:btfxwss.queue_processor:_handle_raw_book: raw_book - [351922, [21739077612, 3639.7, 0.02084592]] - 1548205002.8273551
DEBUG:btfxwss.connection:_stop_timers(): Timers stopped.
DEBUG:btfxwss.connection:_on_message(): Received new message [351922,[21678041613,3645.071681709,-1.39773786]] at 1548205002.827856
DEBUG:btfxwss.connection:_data_handler(): Passing [351922, [21678041613, 3645.071681709, -1.39773786]] to client..
DEBUG:btfxwss.connection:_start_timers(): Resetting timers..
DEBUG:btfxwss.connection:_stop_timers(): Timers stopped.
DEBUG:btfxwss.queue_processor:_handle_raw_book: raw_book - [351922, [21678041613, 3645.071681709, -1.39773786]] - 1548205002.827856
DEBUG:btfxwss.connection:_stop_timers(): Timers stopped.
DEBUG:btfxwss.connection:_on_message(): Received new message [118,[3635.8,0,1]] at 1548205002.9514844
DEBUG:btfxwss.connection:_data_handler(): Passing [118, [3635.8, 0, 1]] to client..
DEBUG:btfxwss.connection:_start_timers(): Resetting timers..
DEBUG:btfxwss.connection:_stop_timers(): Timers stopped.
DEBUG:btfxwss.queue_processor:_handle_book: book - [118, [3635.8, 0, 1]] - 1548205002.9514844
DEBUG:btfxwss.queue_processor:ts: 1548205002.9514844	chan_id: 118	data: [[3635.8, 0, 1]]
DEBUG:btfxwss.connection:_stop_timers(): Timers stopped.
DEBUG:btfxwss.connection:_on_message(): Received new message [118,[3640.2,1,0.27963932]] at 1548205002.9529834
DEBUG:btfxwss.connection:_data_handler(): Passing [118, [3640.2, 1, 0.27963932]] to client..
DEBUG:btfxwss.connection:_start_timers(): Resetting timers..
DEBUG:btfxwss.connection:_stop_timers(): Timers stopped.
DEBUG:btfxwss.queue_processor:_handle_book: book - [118, [3640.2, 1, 0.27963932]] - 1548205002.9529834
DEBUG:btfxwss.queue_processor:ts: 1548205002.9529834	chan_id: 118	data: [[3640.2, 1, 0.27963932]]
DEBUG:btfxwss.connection:_stop_timers(): Timers stopped.
DEBUG:btfxwss.connection:_on_message(): Received new message [351922,[21738928117,0,1]] at 1548205002.98901
DEBUG:btfxwss.connection:_data_handler(): Passing [351922, [21738928117, 0, 1]] to client..
DEBUG:btfxwss.connection:_start_timers(): Resetting timers..
DEBUG:btfxwss.connection:_stop_timers(): Timers stopped.
DEBUG:btfxwss.queue_processor:_handle_raw_book: raw_book - [351922, [21738928117, 0, 1]] - 1548205002.98901
DEBUG:btfxwss.connection:_stop_timers(): Timers stopped.
DEBUG:btfxwss.connection:_on_message(): Received new message [351922,[21739077671,3640.2,0.27963932]] at 1548205002.9905114
DEBUG:btfxwss.connection:_data_handler(): Passing [351922, [21739077671, 3640.2, 0.27963932]] to client..
DEBUG:btfxwss.connection:_start_timers(): Resetting timers..
DEBUG:btfxwss.connection:_stop_timers(): Timers stopped.
DEBUG:btfxwss.queue_processor:_handle_raw_book: raw_book - [351922, [21739077671, 3640.2, 0.27963932]] - 1548205002.9905114
DEBUG:btfxwss.connection:_stop_timers(): Timers stopped.
DEBUG:btfxwss.connection:_on_message(): Received new message [351922,[21678041613,0,-1]] at 1548205003.242104
DEBUG:btfxwss.connection:_data_handler(): Passing [351922, [21678041613, 0, -1]] to client..
DEBUG:btfxwss.connection:_start_timers(): Resetting timers..
DEBUG:btfxwss.connection:_stop_timers(): Timers stopped.
DEBUG:btfxwss.queue_processor:_handle_raw_book: raw_book - [351922, [21678041613, 0, -1]] - 1548205003.242104
DEBUG:btfxwss.connection:_stop_timers(): Timers stopped.
DEBUG:btfxwss.connection:_on_message(): Received new message [351922,[21739077780,3641.4,-0.436691]] at 1548205003.2441058
DEBUG:btfxwss.connection:_data_handler(): Passing [351922, [21739077780, 3641.4, -0.436691]] to client..
DEBUG:btfxwss.connection:_start_timers(): Resetting timers..
DEBUG:btfxwss.connection:_stop_timers(): Timers stopped.
DEBUG:btfxwss.queue_processor:_handle_raw_book: raw_book - [351922, [21739077780, 3641.4, -0.436691]] - 1548205003.2441058
DEBUG:btfxwss.connection:_stop_timers(): Timers stopped.
DEBUG:btfxwss.connection:_on_message(): Received new message [118,[3641.4,3,-18.78732773]] at 1548205003.2511134
DEBUG:btfxwss.connection:_data_handler(): Passing [118, [3641.4, 3, -18.78732773]] to client..
DEBUG:btfxwss.connection:_start_timers(): Resetting timers..
DEBUG:btfxwss.connection:_stop_timers(): Timers stopped.
DEBUG:btfxwss.queue_processor:_handle_book: book - [118, [3641.4, 3, -18.78732773]] - 1548205003.2511134
DEBUG:btfxwss.queue_processor:ts: 1548205003.2511134	chan_id: 118	data: [[3641.4, 3, -18.78732773]]
DEBUG:btfxwss.connection:_stop_timers(): Timers stopped.
DEBUG:btfxwss.connection:_on_message(): Received new message [351922,[21738971116,0,-1]] at 1548205003.3081675
DEBUG:btfxwss.connection:_data_handler(): Passing [351922, [21738971116, 0, -1]] to client..
DEBUG:btfxwss.connection:_start_timers(): Resetting timers..
DEBUG:btfxwss.connection:_stop_timers(): Timers stopped.
DEBUG:btfxwss.queue_processor:_handle_raw_book: raw_book - [351922, [21738971116, 0, -1]] - 1548205003.3081675
DEBUG:btfxwss.connection:_stop_timers(): Timers stopped.
DEBUG:btfxwss.connection:_on_message(): Received new message [351922,[21739077803,3643.3,-0.01389702]] at 1548205003.309669
DEBUG:btfxwss.connection:_data_handler(): Passing [351922, [21739077803, 3643.3, -0.01389702]] to client..
DEBUG:btfxwss.connection:_start_timers(): Resetting timers..
DEBUG:btfxwss.connection:_stop_timers(): Timers stopped.
DEBUG:btfxwss.queue_processor:_handle_raw_book: raw_book - [351922, [21739077803, 3643.3, -0.01389702]] - 1548205003.309669
DEBUG:btfxwss.connection:_stop_timers(): Timers stopped.
DEBUG:btfxwss.connection:_on_message(): Received new message [118,[3647.2,0,-1]] at 1548205003.3211868
DEBUG:btfxwss.connection:_data_handler(): Passing [118, [3647.2, 0, -1]] to client..
DEBUG:btfxwss.connection:_start_timers(): Resetting timers..
DEBUG:btfxwss.connection:_stop_timers(): Timers stopped.
DEBUG:btfxwss.queue_processor:_handle_book: book - [118, [3647.2, 0, -1]] - 1548205003.3211868
DEBUG:btfxwss.queue_processor:ts: 1548205003.3211868	chan_id: 118	data: [[3647.2, 0, -1]]
DEBUG:btfxwss.connection:_stop_timers(): Timers stopped.
DEBUG:btfxwss.connection:_on_message(): Received new message [118,[3643.3,1,-0.01389702]] at 1548205003.3226829
DEBUG:btfxwss.connection:_data_handler(): Passing [118, [3643.3, 1, -0.01389702]] to client..
DEBUG:btfxwss.connection:_start_timers(): Resetting timers..
DEBUG:btfxwss.queue_processor:_handle_book: book - [118, [3643.3, 1, -0.01389702]] - 1548205003.3226829
DEBUG:btfxwss.connection:_stop_timers(): Timers stopped.
DEBUG:btfxwss.queue_processor:ts: 1548205003.3226829	chan_id: 118	data: [[3643.3, 1, -0.01389702]]
DEBUG:btfxwss.connection:_stop_timers(): Timers stopped.
DEBUG:btfxwss.connection:_on_message(): Received new message [88,"te",[334111189,1548205001167,0.0111268,3641.32195867]] at 1548205003.4026895
DEBUG:btfxwss.connection:_data_handler(): Passing [88, 'te', [334111189, 1548205001167, 0.0111268, 3641.32195867]] to client..
DEBUG:btfxwss.connection:_start_timers(): Resetting timers..
DEBUG:btfxwss.connection:_stop_timers(): Timers stopped.
DEBUG:btfxwss.queue_processor:_handle_trades: trades - [88, 'te', [334111189, 1548205001167, 0.0111268, 3641.32195867]] - 1548205003.4026895
DEBUG:btfxwss.connection:_stop_timers(): Timers stopped.
DEBUG:btfxwss.connection:_on_message(): Received new message [351922,[21739037649,3641.321958666,-9.34050993]] at 1548205003.5833454
DEBUG:btfxwss.connection:_data_handler(): Passing [351922, [21739037649, 3641.321958666, -9.34050993]] to client..
DEBUG:btfxwss.connection:_start_timers(): Resetting timers..
DEBUG:btfxwss.connection:_stop_timers(): Timers stopped.
DEBUG:btfxwss.queue_processor:_handle_raw_book: raw_book - [351922, [21739037649, 3641.321958666, -9.34050993]] - 1548205003.5833454
DEBUG:btfxwss.connection:_stop_timers(): Timers stopped.
DEBUG:btfxwss.connection:_on_message(): Received new message [118,[3641.4,3,-18.77620093]] at 1548205003.584846
DEBUG:btfxwss.connection:_data_handler(): Passing [118, [3641.4, 3, -18.77620093]] to client..
DEBUG:btfxwss.connection:_start_timers(): Resetting timers..
DEBUG:btfxwss.connection:_stop_timers(): Timers stopped.
DEBUG:btfxwss.queue_processor:_handle_book: book - [118, [3641.4, 3, -18.77620093]] - 1548205003.584846
DEBUG:btfxwss.queue_processor:ts: 1548205003.584846	chan_id: 118	data: [[3641.4, 3, -18.77620093]]
DEBUG:btfxwss.connection:_stop_timers(): Timers stopped.
DEBUG:btfxwss.connection:_on_message(): Received new message [88,"tu",[334111189,1548205001167,0.0111268,3641.32195867]] at 1548205003.5923533
DEBUG:btfxwss.connection:_data_handler(): Passing [88, 'tu', [334111189, 1548205001167, 0.0111268, 3641.32195867]] to client..
DEBUG:btfxwss.connection:_start_timers(): Resetting timers..
DEBUG:btfxwss.connection:_stop_timers(): Timers stopped.
DEBUG:btfxwss.queue_processor:_handle_trades: trades - [88, 'tu', [334111189, 1548205001167, 0.0111268, 3641.32195867]] - 1548205003.5923533
DEBUG:btfxwss.connection:_stop_timers(): Timers stopped.
DEBUG:btfxwss.connection:_on_message(): Received new message [118,[3640.2,0,1]] at 1548205003.59386
DEBUG:btfxwss.connection:_data_handler(): Passing [118, [3640.2, 0, 1]] to client..
DEBUG:btfxwss.connection:_start_timers(): Resetting timers..
DEBUG:btfxwss.connection:_stop_timers(): Timers stopped.
DEBUG:btfxwss.queue_processor:_handle_book: book - [118, [3640.2, 0, 1]] - 1548205003.59386
DEBUG:btfxwss.queue_processor:ts: 1548205003.59386	chan_id: 118	data: [[3640.2, 0, 1]]
DEBUG:btfxwss.connection:_stop_timers(): Timers stopped.
DEBUG:btfxwss.connection:_on_message(): Received new message [118,[3635.8,1,0.81526856]] at 1548205003.5948565
DEBUG:btfxwss.connection:_data_handler(): Passing [118, [3635.8, 1, 0.81526856]] to client..
DEBUG:btfxwss.connection:_start_timers(): Resetting timers..
DEBUG:btfxwss.connection:_stop_timers(): Timers stopped.
DEBUG:btfxwss.queue_processor:_handle_book: book - [118, [3635.8, 1, 0.81526856]] - 1548205003.5948565
DEBUG:btfxwss.queue_processor:ts: 1548205003.5948565	chan_id: 118	data: [[3635.8, 1, 0.81526856]]
DEBUG:btfxwss.connection:_stop_timers(): Timers stopped.
DEBUG:btfxwss.connection:_on_message(): Received new message [351922,[21739077671,0,1]] at 1548205003.5958574
DEBUG:btfxwss.connection:_data_handler(): Passing [351922, [21739077671, 0, 1]] to client..
DEBUG:btfxwss.connection:_start_timers(): Resetting timers..
DEBUG:btfxwss.connection:_stop_timers(): Timers stopped.
DEBUG:btfxwss.queue_processor:_handle_raw_book: raw_book - [351922, [21739077671, 0, 1]] - 1548205003.5958574
DEBUG:btfxwss.connection:_stop_timers(): Timers stopped.
DEBUG:btfxwss.connection:_on_message(): Received new message [351922,[21738928117,3638,3.5]] at 1548205003.5963583
DEBUG:btfxwss.connection:_data_handler(): Passing [351922, [21738928117, 3638, 3.5]] to client..
DEBUG:btfxwss.connection:_start_timers(): Resetting timers..
DEBUG:btfxwss.connection:_stop_timers(): Timers stopped.
DEBUG:btfxwss.queue_processor:_handle_raw_book: raw_book - [351922, [21738928117, 3638, 3.5]] - 1548205003.5963583
DEBUG:btfxwss.connection:_stop_timers(): Timers stopped.
DEBUG:btfxwss.connection:_on_message(): Received new message [118,[3643.3,0,-1]] at 1548205003.6409004
DEBUG:btfxwss.connection:_data_handler(): Passing [118, [3643.3, 0, -1]] to client..
DEBUG:btfxwss.connection:_start_timers(): Resetting timers..
DEBUG:btfxwss.connection:_stop_timers(): Timers stopped.
DEBUG:btfxwss.connection:_stop_timers(): Timers stopped.
DEBUG:btfxwss.queue_processor:_handle_book: book - [118, [3643.3, 0, -1]] - 1548205003.6409004
DEBUG:btfxwss.connection:_on_message(): Received new message [118,[3647.2,1,-5.45454545]] at 1548205003.64191
DEBUG:btfxwss.queue_processor:ts: 1548205003.6409004	chan_id: 118	data: [[3643.3, 0, -1]]
DEBUG:btfxwss.connection:_data_handler(): Passing [118, [3647.2, 1, -5.45454545]] to client..
DEBUG:btfxwss.connection:_start_timers(): Resetting timers..
DEBUG:btfxwss.connection:_stop_timers(): Timers stopped.
DEBUG:btfxwss.queue_processor:_handle_book: book - [118, [3647.2, 1, -5.45454545]] - 1548205003.64191
DEBUG:btfxwss.queue_processor:ts: 1548205003.64191	chan_id: 118	data: [[3647.2, 1, -5.45454545]]
DEBUG:btfxwss.connection:_stop_timers(): Timers stopped.
DEBUG:btfxwss.connection:_on_message(): Received new message [351922,[21738928117,0,1]] at 1548205003.6999571
DEBUG:btfxwss.connection:_data_handler(): Passing [351922, [21738928117, 0, 1]] to client..
DEBUG:btfxwss.connection:_start_timers(): Resetting timers..
DEBUG:btfxwss.connection:_stop_timers(): Timers stopped.
DEBUG:btfxwss.connection:_stop_timers(): Timers stopped.
DEBUG:btfxwss.queue_processor:_handle_raw_book: raw_book - [351922, [21738928117, 0, 1]] - 1548205003.6999571
DEBUG:btfxwss.connection:_on_message(): Received new message [351922,[21739077803,0,-1]] at 1548205003.7009583
DEBUG:btfxwss.connection:_data_handler(): Passing [351922, [21739077803, 0, -1]] to client..
DEBUG:btfxwss.connection:_start_timers(): Resetting timers..
DEBUG:btfxwss.connection:_stop_timers(): Timers stopped.
DEBUG:btfxwss.queue_processor:_handle_raw_book: raw_book - [351922, [21739077803, 0, -1]] - 1548205003.7009583
DEBUG:btfxwss.connection:_stop_timers(): Timers stopped.
DEBUG:btfxwss.connection:_on_message(): Received new message [351922,[21739077930,3639.4,0.0208461]] at 1548205003.7019587
DEBUG:btfxwss.connection:_data_handler(): Passing [351922, [21739077930, 3639.4, 0.0208461]] to client..
DEBUG:btfxwss.connection:_start_timers(): Resetting timers..
DEBUG:btfxwss.connection:_stop_timers(): Timers stopped.
DEBUG:btfxwss.queue_processor:_handle_raw_book: raw_book - [351922, [21739077930, 3639.4, 0.0208461]] - 1548205003.7019587
DEBUG:btfxwss.connection:_stop_timers(): Timers stopped.
DEBUG:btfxwss.connection:_on_message(): Received new message [351922,[21738971116,3645,-0.2]] at 1548205003.70296
DEBUG:btfxwss.connection:_data_handler(): Passing [351922, [21738971116, 3645, -0.2]] to client..
DEBUG:btfxwss.connection:_start_timers(): Resetting timers..
DEBUG:btfxwss.connection:_stop_timers(): Timers stopped.
DEBUG:btfxwss.queue_processor:_handle_raw_book: raw_book - [351922, [21738971116, 3645, -0.2]] - 1548205003.70296
DEBUG:btfxwss.connection:_stop_timers(): Timers stopped.
DEBUG:btfxwss.connection:_on_message(): Received new message [118,[3635.8,0,1]] at 1548205003.7475023
DEBUG:btfxwss.connection:_data_handler(): Passing [118, [3635.8, 0, 1]] to client..
DEBUG:btfxwss.connection:_start_timers(): Resetting timers..
DEBUG:btfxwss.connection:_stop_timers(): Timers stopped.
DEBUG:btfxwss.connection:_stop_timers(): Timers stopped.
DEBUG:btfxwss.queue_processor:_handle_book: book - [118, [3635.8, 0, 1]] - 1548205003.7475023
DEBUG:btfxwss.connection:_on_message(): Received new message [118,[3639.4,1,0.0208461]] at 1548205003.749008
DEBUG:btfxwss.queue_processor:ts: 1548205003.7475023	chan_id: 118	data: [[3635.8, 0, 1]]
DEBUG:btfxwss.connection:_data_handler(): Passing [118, [3639.4, 1, 0.0208461]] to client..
DEBUG:btfxwss.connection:_start_timers(): Resetting timers..
DEBUG:btfxwss.connection:_stop_timers(): Timers stopped.
DEBUG:btfxwss.queue_processor:_handle_book: book - [118, [3639.4, 1, 0.0208461]] - 1548205003.749008
DEBUG:btfxwss.queue_processor:ts: 1548205003.749008	chan_id: 118	data: [[3639.4, 1, 0.0208461]]
DEBUG:btfxwss.connection:_stop_timers(): Timers stopped.
DEBUG:btfxwss.connection:_on_message(): Received new message [118,[3637.5,0,1]] at 1548205003.7855396
DEBUG:btfxwss.connection:_data_handler(): Passing [118, [3637.5, 0, 1]] to client..
DEBUG:btfxwss.connection:_start_timers(): Resetting timers..
DEBUG:btfxwss.connection:_stop_timers(): Timers stopped.
DEBUG:btfxwss.queue_processor:_handle_book: book - [118, [3637.5, 0, 1]] - 1548205003.7855396
DEBUG:btfxwss.queue_processor:ts: 1548205003.7855396	chan_id: 118	data: [[3637.5, 0, 1]]
DEBUG:btfxwss.connection:_stop_timers(): Timers stopped.
DEBUG:btfxwss.connection:_on_message(): Received new message [118,[3637.3,0,1]] at 1548205003.7870407
DEBUG:btfxwss.connection:_data_handler(): Passing [118, [3637.3, 0, 1]] to client..
DEBUG:btfxwss.connection:_start_timers(): Resetting timers..
DEBUG:btfxwss.connection:_stop_timers(): Timers stopped.
DEBUG:btfxwss.queue_processor:_handle_book: book - [118, [3637.3, 0, 1]] - 1548205003.7870407
DEBUG:btfxwss.connection:_stop_timers(): Timers stopped.
DEBUG:btfxwss.queue_processor:ts: 1548205003.7870407	chan_id: 118	data: [[3637.3, 0, 1]]
DEBUG:btfxwss.connection:_on_message(): Received new message [118,[3637.1,1,0.39044304]] at 1548205003.788043
DEBUG:btfxwss.connection:_data_handler(): Passing [118, [3637.1, 1, 0.39044304]] to client..
DEBUG:btfxwss.connection:_start_timers(): Resetting timers..
DEBUG:btfxwss.connection:_stop_timers(): Timers stopped.
DEBUG:btfxwss.queue_processor:_handle_book: book - [118, [3637.1, 1, 0.39044304]] - 1548205003.788043
DEBUG:btfxwss.queue_processor:ts: 1548205003.788043	chan_id: 118	data: [[3637.1, 1, 0.39044304]]
DEBUG:btfxwss.connection:_stop_timers(): Timers stopped.
DEBUG:btfxwss.connection:_on_message(): Received new message [118,[3635.8,1,0.81526856]] at 1548205003.7890434
DEBUG:btfxwss.connection:_data_handler(): Passing [118, [3635.8, 1, 0.81526856]] to client..
DEBUG:btfxwss.connection:_start_timers(): Resetting timers..
DEBUG:btfxwss.connection:_stop_timers(): Timers stopped.
DEBUG:btfxwss.queue_processor:_handle_book: book - [118, [3635.8, 1, 0.81526856]] - 1548205003.7890434
DEBUG:btfxwss.queue_processor:ts: 1548205003.7890434	chan_id: 118	data: [[3635.8, 1, 0.81526856]]
DEBUG:btfxwss.connection:_stop_timers(): Timers stopped.
DEBUG:btfxwss.connection:_on_message(): Received new message [351922,[21739044304,0,1]] at 1548205003.8796394
DEBUG:btfxwss.connection:_data_handler(): Passing [351922, [21739044304, 0, 1]] to client..
DEBUG:btfxwss.connection:_start_timers(): Resetting timers..
DEBUG:btfxwss.connection:_stop_timers(): Timers stopped.
DEBUG:btfxwss.queue_processor:_handle_raw_book: raw_book - [351922, [21739044304, 0, 1]] - 1548205003.8796394
DEBUG:btfxwss.connection:_stop_timers(): Timers stopped.
DEBUG:btfxwss.connection:_on_message(): Received new message [351922,[21739054943,0,1]] at 1548205003.8811371
DEBUG:btfxwss.connection:_data_handler(): Passing [351922, [21739054943, 0, 1]] to client..
DEBUG:btfxwss.connection:_start_timers(): Resetting timers..
DEBUG:btfxwss.connection:_stop_timers(): Timers stopped.
DEBUG:btfxwss.queue_processor:_handle_raw_book: raw_book - [351922, [21739054943, 0, 1]] - 1548205003.8811371
DEBUG:btfxwss.connection:_stop_timers(): Timers stopped.
DEBUG:btfxwss.connection:_on_message(): Received new message [351922,[21739077930,0,1]] at 1548205003.8821323
DEBUG:btfxwss.connection:_data_handler(): Passing [351922, [21739077930, 0, 1]] to client..
DEBUG:btfxwss.connection:_start_timers(): Resetting timers..
DEBUG:btfxwss.connection:_stop_timers(): Timers stopped.
DEBUG:btfxwss.queue_processor:_handle_raw_book: raw_book - [351922, [21739077930, 0, 1]] - 1548205003.8821323
DEBUG:btfxwss.connection:_stop_timers(): Timers stopped.
DEBUG:btfxwss.connection:_on_message(): Received new message [351922,[21739077176,0,-1]] at 1548205003.8826332
DEBUG:btfxwss.connection:_data_handler(): Passing [351922, [21739077176, 0, -1]] to client..
DEBUG:btfxwss.connection:_start_timers(): Resetting timers..
DEBUG:btfxwss.connection:_stop_timers(): Timers stopped.
DEBUG:btfxwss.queue_processor:_handle_raw_book: raw_book - [351922, [21739077176, 0, -1]] - 1548205003.8826332
DEBUG:btfxwss.connection:_stop_timers(): Timers stopped.
DEBUG:btfxwss.connection:_on_message(): Received new message [351922,[21738928117,3638,3.5]] at 1548205003.911661
DEBUG:btfxwss.connection:_data_handler(): Passing [351922, [21738928117, 3638, 3.5]] to client..
DEBUG:btfxwss.connection:_start_timers(): Resetting timers..
DEBUG:btfxwss.connection:_stop_timers(): Timers stopped.
DEBUG:btfxwss.queue_processor:_handle_raw_book: raw_book - [351922, [21738928117, 3638, 3.5]] - 1548205003.911661
DEBUG:btfxwss.connection:_stop_timers(): Timers stopped.
DEBUG:btfxwss.connection:_on_message(): Received new message [351922,[21738490833,3637.799491565,3]] at 1548205003.9126618
DEBUG:btfxwss.connection:_data_handler(): Passing [351922, [21738490833, 3637.799491565, 3]] to client..
DEBUG:btfxwss.connection:_start_timers(): Resetting timers..
DEBUG:btfxwss.connection:_stop_timers(): Timers stopped.
DEBUG:btfxwss.queue_processor:_handle_raw_book: raw_book - [351922, [21738490833, 3637.799491565, 3]] - 1548205003.9126618
DEBUG:btfxwss.connection:_stop_timers(): Timers stopped.
DEBUG:btfxwss.connection:_on_message(): Received new message [351922,[21738629824,3637.7,0.5]] at 1548205003.9131618
DEBUG:btfxwss.connection:_data_handler(): Passing [351922, [21738629824, 3637.7, 0.5]] to client..
DEBUG:btfxwss.connection:_start_timers(): Resetting timers..
DEBUG:btfxwss.connection:_stop_timers(): Timers stopped.
DEBUG:btfxwss.queue_processor:_handle_raw_book: raw_book - [351922, [21738629824, 3637.7, 0.5]] - 1548205003.9131618
DEBUG:btfxwss.connection:_stop_timers(): Timers stopped.
DEBUG:btfxwss.connection:_on_message(): Received new message [351922,[21739078005,3643.9,-0.0138973]] at 1548205003.914163
DEBUG:btfxwss.connection:_data_handler(): Passing [351922, [21739078005, 3643.9, -0.0138973]] to client..
DEBUG:btfxwss.connection:_start_timers(): Resetting timers..
DEBUG:btfxwss.connection:_stop_timers(): Timers stopped.
DEBUG:btfxwss.queue_processor:_handle_raw_book: raw_book - [351922, [21739078005, 3643.9, -0.0138973]] - 1548205003.914163
DEBUG:btfxwss.connection:_stop_timers(): Timers stopped.
DEBUG:btfxwss.connection:_on_message(): Received new message [118,[3641.1,0,1]] at 1548205004.0082526
DEBUG:btfxwss.connection:_data_handler(): Passing [118, [3641.1, 0, 1]] to client..
DEBUG:btfxwss.connection:_start_timers(): Resetting timers..
DEBUG:btfxwss.connection:_stop_timers(): Timers stopped.
DEBUG:btfxwss.queue_processor:_handle_book: book - [118, [3641.1, 0, 1]] - 1548205004.0082526
DEBUG:btfxwss.connection:_stop_timers(): Timers stopped.
DEBUG:btfxwss.queue_processor:ts: 1548205004.0082526	chan_id: 118	data: [[3641.1, 0, 1]]
DEBUG:btfxwss.connection:_on_message(): Received new message [118,[3639.4,0,1]] at 1548205004.009755
DEBUG:btfxwss.connection:_data_handler(): Passing [118, [3639.4, 0, 1]] to client..
DEBUG:btfxwss.connection:_start_timers(): Resetting timers..
DEBUG:btfxwss.connection:_stop_timers(): Timers stopped.
DEBUG:btfxwss.queue_processor:_handle_book: book - [118, [3639.4, 0, 1]] - 1548205004.009755
DEBUG:btfxwss.queue_processor:ts: 1548205004.009755	chan_id: 118	data: [[3639.4, 0, 1]]
DEBUG:btfxwss.connection:_stop_timers(): Timers stopped.
DEBUG:btfxwss.connection:_on_message(): Received new message [118,[3643.1,0,-1]] at 1548205004.0107565
DEBUG:btfxwss.connection:_data_handler(): Passing [118, [3643.1, 0, -1]] to client..
DEBUG:btfxwss.connection:_start_timers(): Resetting timers..
DEBUG:btfxwss.connection:_stop_timers(): Timers stopped.
DEBUG:btfxwss.queue_processor:_handle_book: book - [118, [3643.1, 0, -1]] - 1548205004.0107565
DEBUG:btfxwss.queue_processor:ts: 1548205004.0107565	chan_id: 118	data: [[3643.1, 0, -1]]
DEBUG:btfxwss.connection:_stop_timers(): Timers stopped.
DEBUG:btfxwss.connection:_on_message(): Received new message [118,[3641,2,1.05]] at 1548205004.0117567
DEBUG:btfxwss.connection:_data_handler(): Passing [118, [3641, 2, 1.05]] to client..
DEBUG:btfxwss.connection:_start_timers(): Resetting timers..
DEBUG:btfxwss.connection:_stop_timers(): Timers stopped.
DEBUG:btfxwss.queue_processor:_handle_book: book - [118, [3641, 2, 1.05]] - 1548205004.0117567
DEBUG:btfxwss.queue_processor:ts: 1548205004.0117567	chan_id: 118	data: [[3641, 2, 1.05]]
DEBUG:btfxwss.connection:_stop_timers(): Timers stopped.
DEBUG:btfxwss.connection:_on_message(): Received new message [118,[3636.4,1,0.38772958]] at 1548205004.012258
DEBUG:btfxwss.connection:_data_handler(): Passing [118, [3636.4, 1, 0.38772958]] to client..
DEBUG:btfxwss.connection:_start_timers(): Resetting timers..
DEBUG:btfxwss.connection:_stop_timers(): Timers stopped.
DEBUG:btfxwss.queue_processor:_handle_book: book - [118, [3636.4, 1, 0.38772958]] - 1548205004.012258
DEBUG:btfxwss.queue_processor:ts: 1548205004.012258	chan_id: 118	data: [[3636.4, 1, 0.38772958]]
DEBUG:btfxwss.connection:_stop_timers(): Timers stopped.
DEBUG:btfxwss.connection:_on_message(): Received new message [118,[3635.3,1,2.4]] at 1548205004.013259
DEBUG:btfxwss.connection:_data_handler(): Passing [118, [3635.3, 1, 2.4]] to client..
DEBUG:btfxwss.connection:_start_timers(): Resetting timers..
DEBUG:btfxwss.connection:_stop_timers(): Timers stopped.
DEBUG:btfxwss.queue_processor:_handle_book: book - [118, [3635.3, 1, 2.4]] - 1548205004.013259
DEBUG:btfxwss.queue_processor:ts: 1548205004.013259	chan_id: 118	data: [[3635.3, 1, 2.4]]
DEBUG:btfxwss.connection:_stop_timers(): Timers stopped.
DEBUG:btfxwss.connection:_on_message(): Received new message [118,[3643.9,3,-16.29889967]] at 1548205004.0137582
DEBUG:btfxwss.connection:_data_handler(): Passing [118, [3643.9, 3, -16.29889967]] to client..
DEBUG:btfxwss.connection:_start_timers(): Resetting timers..
DEBUG:btfxwss.connection:_stop_timers(): Timers stopped.
DEBUG:btfxwss.queue_processor:_handle_book: book - [118, [3643.9, 3, -16.29889967]] - 1548205004.0137582
DEBUG:btfxwss.queue_processor:ts: 1548205004.0137582	chan_id: 118	data: [[3643.9, 3, -16.29889967]]
DEBUG:btfxwss.connection:_stop_timers(): Timers stopped.
DEBUG:btfxwss.connection:_on_message(): Received new message [118,[3647.3,2,-7.598122]] at 1548205004.014759
DEBUG:btfxwss.connection:_data_handler(): Passing [118, [3647.3, 2, -7.598122]] to client..
DEBUG:btfxwss.connection:_start_timers(): Resetting timers..
DEBUG:btfxwss.connection:_stop_timers(): Timers stopped.
DEBUG:btfxwss.queue_processor:_handle_book: book - [118, [3647.3, 2, -7.598122]] - 1548205004.014759
DEBUG:btfxwss.queue_processor:ts: 1548205004.014759	chan_id: 118	data: [[3647.3, 2, -7.598122]]
DEBUG:btfxwss.connection:_stop_timers(): Timers stopped.
DEBUG:btfxwss.connection:_on_message(): Received new message [118,[3636.4,0,1]] at 1548205004.0157604
DEBUG:btfxwss.connection:_data_handler(): Passing [118, [3636.4, 0, 1]] to client..
DEBUG:btfxwss.connection:_start_timers(): Resetting timers..
DEBUG:btfxwss.connection:_stop_timers(): Timers stopped.
DEBUG:btfxwss.queue_processor:_handle_book: book - [118, [3636.4, 0, 1]] - 1548205004.0157604
DEBUG:btfxwss.queue_processor:ts: 1548205004.0157604	chan_id: 118	data: [[3636.4, 0, 1]]
DEBUG:btfxwss.connection:_stop_timers(): Timers stopped.
DEBUG:btfxwss.connection:_on_message(): Received new message [118,[3634.8,1,0.80284393]] at 1548205004.016261
DEBUG:btfxwss.connection:_data_handler(): Passing [118, [3634.8, 1, 0.80284393]] to client..
DEBUG:btfxwss.connection:_start_timers(): Resetting timers..
DEBUG:btfxwss.connection:_stop_timers(): Timers stopped.
DEBUG:btfxwss.queue_processor:_handle_book: book - [118, [3634.8, 1, 0.80284393]] - 1548205004.016261
DEBUG:btfxwss.queue_processor:ts: 1548205004.016261	chan_id: 118	data: [[3634.8, 1, 0.80284393]]
DEBUG:btfxwss.connection:_stop_timers(): Timers stopped.
DEBUG:btfxwss.connection:_on_message(): Received new message [233,[1548204900000,3641.32195867,3641.32195867,3641.32195867,3641.32195867,1.20113493]] at 1548205004.017262
DEBUG:btfxwss.connection:_data_handler(): Passing [233, [1548204900000, 3641.32195867, 3641.32195867, 3641.32195867, 3641.32195867, 1.20113493]] to client..
DEBUG:btfxwss.connection:_start_timers(): Resetting timers..
DEBUG:btfxwss.connection:_stop_timers(): Timers stopped.
DEBUG:btfxwss.queue_processor:_handle_candles: candles - [233, [1548204900000, 3641.32195867, 3641.32195867, 3641.32195867, 3641.32195867, 1.20113493]] - 1548205004.017262
DEBUG:btfxwss.connection:_stop_timers(): Timers stopped.
DEBUG:btfxwss.connection:_on_message(): Received new message [233,[1548204960000,3641.32195867,3641.32195867,3641.32195867,3641.3,0.63625887]] at 1548205004.0182629
DEBUG:btfxwss.connection:_data_handler(): Passing [233, [1548204960000, 3641.32195867, 3641.32195867, 3641.32195867, 3641.3, 0.63625887]] to client..
DEBUG:btfxwss.connection:_start_timers(): Resetting timers..
DEBUG:btfxwss.connection:_stop_timers(): Timers stopped.
DEBUG:btfxwss.queue_processor:_handle_candles: candles - [233, [1548204960000, 3641.32195867, 3641.32195867, 3641.32195867, 3641.3, 0.63625887]] - 1548205004.0182629
DEBUG:btfxwss.connection:_stop_timers(): Timers stopped.
DEBUG:btfxwss.connection:_on_message(): Received new message [351922,[21738629824,0,1]] at 1548205004.0187635
DEBUG:btfxwss.connection:_data_handler(): Passing [351922, [21738629824, 0, 1]] to client..
DEBUG:btfxwss.connection:_start_timers(): Resetting timers..
DEBUG:btfxwss.connection:_stop_timers(): Timers stopped.
DEBUG:btfxwss.queue_processor:_handle_raw_book: raw_book - [351922, [21738629824, 0, 1]] - 1548205004.0187635
DEBUG:btfxwss.connection:_stop_timers(): Timers stopped.
DEBUG:btfxwss.connection:_on_message(): Received new message [351922,[21739078052,3639,0.27963932]] at 1548205004.019264
DEBUG:btfxwss.connection:_data_handler(): Passing [351922, [21739078052, 3639, 0.27963932]] to client..
DEBUG:btfxwss.connection:_start_timers(): Resetting timers..
DEBUG:btfxwss.connection:_stop_timers(): Timers stopped.
DEBUG:btfxwss.queue_processor:_handle_raw_book: raw_book - [351922, [21739078052, 3639, 0.27963932]] - 1548205004.019264
DEBUG:btfxwss.connection:_stop_timers(): Timers stopped.
DEBUG:btfxwss.connection:_on_message(): Received new message [118,[3635.8,0,1]] at 1548205004.0202649
DEBUG:btfxwss.connection:_data_handler(): Passing [118, [3635.8, 0, 1]] to client..
DEBUG:btfxwss.connection:_start_timers(): Resetting timers..
DEBUG:btfxwss.connection:_stop_timers(): Timers stopped.
DEBUG:btfxwss.queue_processor:_handle_book: book - [118, [3635.8, 0, 1]] - 1548205004.0202649
DEBUG:btfxwss.queue_processor:ts: 1548205004.0202649	chan_id: 118	data: [[3635.8, 0, 1]]
DEBUG:btfxwss.connection:_stop_timers(): Timers stopped.
DEBUG:btfxwss.connection:_on_message(): Received new message [118,[3635.3,0,1]] at 1548205004.021266
DEBUG:btfxwss.connection:_data_handler(): Passing [118, [3635.3, 0, 1]] to client..
DEBUG:btfxwss.connection:_start_timers(): Resetting timers..
DEBUG:btfxwss.connection:_stop_timers(): Timers stopped.
DEBUG:btfxwss.queue_processor:_handle_book: book - [118, [3635.3, 0, 1]] - 1548205004.021266
DEBUG:btfxwss.queue_processor:ts: 1548205004.021266	chan_id: 118	data: [[3635.3, 0, 1]]
DEBUG:btfxwss.connection:_stop_timers(): Timers stopped.
DEBUG:btfxwss.connection:_on_message(): Received new message [118,[3634.8,0,1]] at 1548205004.0217662
DEBUG:btfxwss.connection:_data_handler(): Passing [118, [3634.8, 0, 1]] to client..
DEBUG:btfxwss.connection:_start_timers(): Resetting timers..
DEBUG:btfxwss.connection:_stop_timers(): Timers stopped.
DEBUG:btfxwss.queue_processor:_handle_book: book - [118, [3634.8, 0, 1]] - 1548205004.0217662
DEBUG:btfxwss.queue_processor:ts: 1548205004.0217662	chan_id: 118	data: [[3634.8, 0, 1]]
DEBUG:btfxwss.connection:_stop_timers(): Timers stopped.
DEBUG:btfxwss.connection:_on_message(): Received new message [118,[3647.3,0,-1]] at 1548205004.022767
DEBUG:btfxwss.connection:_data_handler(): Passing [118, [3647.3, 0, -1]] to client..
DEBUG:btfxwss.connection:_start_timers(): Resetting timers..
DEBUG:btfxwss.connection:_stop_timers(): Timers stopped.
DEBUG:btfxwss.queue_processor:_handle_book: book - [118, [3647.3, 0, -1]] - 1548205004.022767
DEBUG:btfxwss.queue_processor:ts: 1548205004.022767	chan_id: 118	data: [[3647.3, 0, -1]]
DEBUG:btfxwss.connection:_stop_timers(): Timers stopped.
DEBUG:btfxwss.connection:_on_message(): Received new message [118,[3640.1,1,0.02084608]] at 1548205004.023768
DEBUG:btfxwss.connection:_data_handler(): Passing [118, [3640.1, 1, 0.02084608]] to client..
DEBUG:btfxwss.connection:_start_timers(): Resetting timers..
DEBUG:btfxwss.connection:_stop_timers(): Timers stopped.
DEBUG:btfxwss.queue_processor:_handle_book: book - [118, [3640.1, 1, 0.02084608]] - 1548205004.023768
DEBUG:btfxwss.queue_processor:ts: 1548205004.023768	chan_id: 118	data: [[3640.1, 1, 0.02084608]]
DEBUG:btfxwss.connection:_stop_timers(): Timers stopped.
DEBUG:btfxwss.connection:_on_message(): Received new message [118,[3639,1,0.27963932]] at 1548205004.0242686
DEBUG:btfxwss.connection:_data_handler(): Passing [118, [3639, 1, 0.27963932]] to client..
DEBUG:btfxwss.connection:_start_timers(): Resetting timers..
DEBUG:btfxwss.connection:_stop_timers(): Timers stopped.
DEBUG:btfxwss.queue_processor:_handle_book: book - [118, [3639, 1, 0.27963932]] - 1548205004.0242686
DEBUG:btfxwss.queue_processor:ts: 1548205004.0242686	chan_id: 118	data: [[3639, 1, 0.27963932]]
DEBUG:btfxwss.connection:_stop_timers(): Timers stopped.
DEBUG:btfxwss.connection:_on_message(): Received new message [118,[3636.4,1,0.38772958]] at 1548205004.02527
DEBUG:btfxwss.connection:_data_handler(): Passing [118, [3636.4, 1, 0.38772958]] to client..
DEBUG:btfxwss.connection:_start_timers(): Resetting timers..
DEBUG:btfxwss.connection:_stop_timers(): Timers stopped.
DEBUG:btfxwss.queue_processor:_handle_book: book - [118, [3636.4, 1, 0.38772958]] - 1548205004.02527
DEBUG:btfxwss.queue_processor:ts: 1548205004.02527	chan_id: 118	data: [[3636.4, 1, 0.38772958]]
DEBUG:btfxwss.connection:_stop_timers(): Timers stopped.
DEBUG:btfxwss.connection:_on_message(): Received new message [118,[3641.4,2,-18.33950993]] at 1548205004.02577
DEBUG:btfxwss.connection:_data_handler(): Passing [118, [3641.4, 2, -18.33950993]] to client..
DEBUG:btfxwss.connection:_start_timers(): Resetting timers..
DEBUG:btfxwss.connection:_stop_timers(): Timers stopped.
DEBUG:btfxwss.queue_processor:_handle_book: book - [118, [3641.4, 2, -18.33950993]] - 1548205004.02577
DEBUG:btfxwss.queue_processor:ts: 1548205004.02577	chan_id: 118	data: [[3641.4, 2, -18.33950993]]
DEBUG:btfxwss.connection:_stop_timers(): Timers stopped.
DEBUG:btfxwss.connection:_on_message(): Received new message [118,[3643.5,1,-0.01389779]] at 1548205004.0267713
DEBUG:btfxwss.connection:_data_handler(): Passing [118, [3643.5, 1, -0.01389779]] to client..
DEBUG:btfxwss.connection:_start_timers(): Resetting timers..
DEBUG:btfxwss.connection:_stop_timers(): Timers stopped.
DEBUG:btfxwss.queue_processor:_handle_book: book - [118, [3643.5, 1, -0.01389779]] - 1548205004.0267713
DEBUG:btfxwss.queue_processor:ts: 1548205004.0267713	chan_id: 118	data: [[3643.5, 1, -0.01389779]]
DEBUG:btfxwss.connection:_stop_timers(): Timers stopped.
DEBUG:btfxwss.connection:_on_message(): Received new message [351922,[21738490833,0,1]] at 1548205004.0993404
DEBUG:btfxwss.connection:_data_handler(): Passing [351922, [21738490833, 0, 1]] to client..
DEBUG:btfxwss.connection:_start_timers(): Resetting timers..
DEBUG:btfxwss.connection:_stop_timers(): Timers stopped.
DEBUG:btfxwss.queue_processor:_handle_raw_book: raw_book - [351922, [21738490833, 0, 1]] - 1548205004.0993404
DEBUG:btfxwss.connection:_stop_timers(): Timers stopped.
DEBUG:btfxwss.connection:_on_message(): Received new message [351922,[21739077780,0,-1]] at 1548205004.1008432
DEBUG:btfxwss.connection:_data_handler(): Passing [351922, [21739077780, 0, -1]] to client..
DEBUG:btfxwss.connection:_start_timers(): Resetting timers..
DEBUG:btfxwss.connection:_stop_timers(): Timers stopped.
DEBUG:btfxwss.queue_processor:_handle_raw_book: raw_book - [351922, [21739077780, 0, -1]] - 1548205004.1008432
DEBUG:btfxwss.connection:_stop_timers(): Timers stopped.
DEBUG:btfxwss.connection:_on_message(): Received new message [351922,[21739078061,3640.1,0.02084608]] at 1548205004.1018548
DEBUG:btfxwss.connection:_data_handler(): Passing [351922, [21739078061, 3640.1, 0.02084608]] to client..
DEBUG:btfxwss.connection:_start_timers(): Resetting timers..
DEBUG:btfxwss.connection:_stop_timers(): Timers stopped.
DEBUG:btfxwss.queue_processor:_handle_raw_book: raw_book - [351922, [21739078061, 3640.1, 0.02084608]] - 1548205004.1018548
DEBUG:btfxwss.connection:_stop_timers(): Timers stopped.
DEBUG:btfxwss.connection:_on_message(): Received new message [351922,[21739078060,3643.5,-0.01389779]] at 1548205004.1028447
DEBUG:btfxwss.connection:_data_handler(): Passing [351922, [21739078060, 3643.5, -0.01389779]] to client..
DEBUG:btfxwss.connection:_start_timers(): Resetting timers..
DEBUG:btfxwss.connection:_stop_timers(): Timers stopped.
DEBUG:btfxwss.queue_processor:_handle_raw_book: raw_book - [351922, [21739078060, 3643.5, -0.01389779]] - 1548205004.1028447
DEBUG:btfxwss.connection:_stop_timers(): Timers stopped.
DEBUG:btfxwss.connection:_on_message(): Received new message [118,[3636.4,0,1]] at 1548205004.1108527
DEBUG:btfxwss.connection:_data_handler(): Passing [118, [3636.4, 0, 1]] to client..
DEBUG:btfxwss.connection:_start_timers(): Resetting timers..
DEBUG:btfxwss.connection:_stop_timers(): Timers stopped.
DEBUG:btfxwss.queue_processor:_handle_book: book - [118, [3636.4, 0, 1]] - 1548205004.1108527
DEBUG:btfxwss.queue_processor:ts: 1548205004.1108527	chan_id: 118	data: [[3636.4, 0, 1]]
DEBUG:btfxwss.connection:_stop_timers(): Timers stopped.
DEBUG:btfxwss.connection:_on_message(): Received new message [118,[3637.2,1,4.14335038]] at 1548205004.1123528
DEBUG:btfxwss.connection:_data_handler(): Passing [118, [3637.2, 1, 4.14335038]] to client..
DEBUG:btfxwss.connection:_start_timers(): Resetting timers..
DEBUG:btfxwss.connection:_stop_timers(): Timers stopped.
DEBUG:btfxwss.queue_processor:_handle_book: book - [118, [3637.2, 1, 4.14335038]] - 1548205004.1123528
DEBUG:btfxwss.queue_processor:ts: 1548205004.1123528	chan_id: 118	data: [[3637.2, 1, 4.14335038]]
DEBUG:btfxwss.connection:_stop_timers(): Timers stopped.
DEBUG:btfxwss.connection:_on_message(): Received new message [351922,[21738928117,0,1]] at 1548205004.1128705
DEBUG:btfxwss.connection:_data_handler(): Passing [351922, [21738928117, 0, 1]] to client..
DEBUG:btfxwss.connection:_start_timers(): Resetting timers..
DEBUG:btfxwss.connection:_stop_timers(): Timers stopped.
DEBUG:btfxwss.queue_processor:_handle_raw_book: raw_book - [351922, [21738928117, 0, 1]] - 1548205004.1128705
DEBUG:btfxwss.connection:_stop_timers(): Timers stopped.
DEBUG:btfxwss.connection:_on_message(): Received new message [351922,[21739078116,3638.8,0.55919732]] at 1548205004.113855
DEBUG:btfxwss.connection:_data_handler(): Passing [351922, [21739078116, 3638.8, 0.55919732]] to client..
DEBUG:btfxwss.connection:_start_timers(): Resetting timers..
DEBUG:btfxwss.connection:_stop_timers(): Timers stopped.
DEBUG:btfxwss.queue_processor:_handle_raw_book: raw_book - [351922, [21739078116, 3638.8, 0.55919732]] - 1548205004.113855
DEBUG:btfxwss.connection:_stop_timers(): Timers stopped.
DEBUG:btfxwss.connection:_on_message(): Received new message [351922,[21738971116,0,-1]] at 1548205004.14088
DEBUG:btfxwss.connection:_data_handler(): Passing [351922, [21738971116, 0, -1]] to client..
DEBUG:btfxwss.connection:_start_timers(): Resetting timers..
DEBUG:btfxwss.connection:_stop_timers(): Timers stopped.
DEBUG:btfxwss.queue_processor:_handle_raw_book: raw_book - [351922, [21738971116, 0, -1]] - 1548205004.14088
DEBUG:btfxwss.connection:_stop_timers(): Timers stopped.
DEBUG:btfxwss.connection:_on_message(): Received new message [351922,[21739078129,3641.4,-0.436691]] at 1548205004.1418812
DEBUG:btfxwss.connection:_data_handler(): Passing [351922, [21739078129, 3641.4, -0.436691]] to client..
DEBUG:btfxwss.connection:_start_timers(): Resetting timers..
DEBUG:btfxwss.connection:_stop_timers(): Timers stopped.
DEBUG:btfxwss.queue_processor:_handle_raw_book: raw_book - [351922, [21739078129, 3641.4, -0.436691]] - 1548205004.1418812
DEBUG:btfxwss.connection:_stop_timers(): Timers stopped.
DEBUG:btfxwss.connection:_on_message(): Received new message [118,[3635.9,0,1]] at 1548205004.1428823
DEBUG:btfxwss.connection:_data_handler(): Passing [118, [3635.9, 0, 1]] to client..
DEBUG:btfxwss.connection:_start_timers(): Resetting timers..
DEBUG:btfxwss.connection:_stop_timers(): Timers stopped.
DEBUG:btfxwss.queue_processor:_handle_book: book - [118, [3635.9, 0, 1]] - 1548205004.1428823
DEBUG:btfxwss.queue_processor:ts: 1548205004.1428823	chan_id: 118	data: [[3635.9, 0, 1]]
DEBUG:btfxwss.connection:_stop_timers(): Timers stopped.
DEBUG:btfxwss.connection:_on_message(): Received new message [118,[3638.8,1,0.55919732]] at 1548205004.1443846
DEBUG:btfxwss.connection:_data_handler(): Passing [118, [3638.8, 1, 0.55919732]] to client..
DEBUG:btfxwss.connection:_start_timers(): Resetting timers..
DEBUG:btfxwss.connection:_stop_timers(): Timers stopped.
DEBUG:btfxwss.queue_processor:_handle_book: book - [118, [3638.8, 1, 0.55919732]] - 1548205004.1443846
DEBUG:btfxwss.queue_processor:ts: 1548205004.1443846	chan_id: 118	data: [[3638.8, 1, 0.55919732]]
DEBUG:btfxwss.connection:_stop_timers(): Timers stopped.
DEBUG:btfxwss.connection:_on_message(): Received new message [118,[3641.4,3,-18.77620093]] at 1548205004.1453853
DEBUG:btfxwss.connection:_data_handler(): Passing [118, [3641.4, 3, -18.77620093]] to client..
DEBUG:btfxwss.connection:_start_timers(): Resetting timers..
DEBUG:btfxwss.connection:_stop_timers(): Timers stopped.
DEBUG:btfxwss.queue_processor:_handle_book: book - [118, [3641.4, 3, -18.77620093]] - 1548205004.1453853
DEBUG:btfxwss.queue_processor:ts: 1548205004.1453853	chan_id: 118	data: [[3641.4, 3, -18.77620093]]
DEBUG:btfxwss.connection:_stop_timers(): Timers stopped.
DEBUG:btfxwss.connection:_on_message(): Received new message [118,[3637.1,0,1]] at 1548205004.1929314
DEBUG:btfxwss.connection:_data_handler(): Passing [118, [3637.1, 0, 1]] to client..
DEBUG:btfxwss.connection:_start_timers(): Resetting timers..
DEBUG:btfxwss.connection:_stop_timers(): Timers stopped.
DEBUG:btfxwss.queue_processor:_handle_book: book - [118, [3637.1, 0, 1]] - 1548205004.1929314
DEBUG:btfxwss.queue_processor:ts: 1548205004.1929314	chan_id: 118	data: [[3637.1, 0, 1]]
DEBUG:btfxwss.connection:_stop_timers(): Timers stopped.
DEBUG:btfxwss.connection:_on_message(): Received new message [118,[3637.5,1,0.39044304]] at 1548205004.1939323
DEBUG:btfxwss.connection:_data_handler(): Passing [118, [3637.5, 1, 0.39044304]] to client..
DEBUG:btfxwss.connection:_start_timers(): Resetting timers..
DEBUG:btfxwss.connection:_stop_timers(): Timers stopped.
DEBUG:btfxwss.queue_processor:_handle_book: book - [118, [3637.5, 1, 0.39044304]] - 1548205004.1939323
DEBUG:btfxwss.queue_processor:ts: 1548205004.1939323	chan_id: 118	data: [[3637.5, 1, 0.39044304]]
DEBUG:btfxwss.connection:_stop_timers(): Timers stopped.
DEBUG:btfxwss.connection:_on_message(): Received new message [351922,[21739077612,0,1]] at 1548205004.279514
DEBUG:btfxwss.connection:_data_handler(): Passing [351922, [21739077612, 0, 1]] to client..
DEBUG:btfxwss.connection:_start_timers(): Resetting timers..
DEBUG:btfxwss.connection:_stop_timers(): Timers stopped.
DEBUG:btfxwss.queue_processor:_handle_raw_book: raw_book - [351922, [21739077612, 0, 1]] - 1548205004.279514
DEBUG:btfxwss.connection:_stop_timers(): Timers stopped.
DEBUG:btfxwss.connection:_on_message(): Received new message [351922,[21739078005,0,-1]] at 1548205004.2805147
DEBUG:btfxwss.connection:_data_handler(): Passing [351922, [21739078005, 0, -1]] to client..
DEBUG:btfxwss.connection:_start_timers(): Resetting timers..
DEBUG:btfxwss.connection:_stop_timers(): Timers stopped.
DEBUG:btfxwss.queue_processor:_handle_raw_book: raw_book - [351922, [21739078005, 0, -1]] - 1548205004.2805147
DEBUG:btfxwss.connection:_stop_timers(): Timers stopped.
DEBUG:btfxwss.connection:_on_message(): Received new message [351922,[21738928117,3638,3.5]] at 1548205004.2810159
DEBUG:btfxwss.connection:_data_handler(): Passing [351922, [21738928117, 3638, 3.5]] to client..
DEBUG:btfxwss.connection:_start_timers(): Resetting timers..
DEBUG:btfxwss.connection:_stop_timers(): Timers stopped.
DEBUG:btfxwss.queue_processor:_handle_raw_book: raw_book - [351922, [21738928117, 3638, 3.5]] - 1548205004.2810159
DEBUG:btfxwss.connection:_stop_timers(): Timers stopped.
DEBUG:btfxwss.connection:_on_message(): Received new message [351922,[21738971116,3645,-0.2]] at 1548205004.2820165
DEBUG:btfxwss.connection:_data_handler(): Passing [351922, [21738971116, 3645, -0.2]] to client..
DEBUG:btfxwss.connection:_start_timers(): Resetting timers..
DEBUG:btfxwss.connection:_stop_timers(): Timers stopped.
DEBUG:btfxwss.queue_processor:_handle_raw_book: raw_book - [351922, [21738971116, 3645, -0.2]] - 1548205004.2820165
DEBUG:btfxwss.connection:_stop_timers(): Timers stopped.
DEBUG:btfxwss.connection:_on_message(): Received new message [118,[3639.7,1,0.41193513]] at 1548205004.2980313
DEBUG:btfxwss.connection:_data_handler(): Passing [118, [3639.7, 1, 0.41193513]] to client..
DEBUG:btfxwss.connection:_start_timers(): Resetting timers..
DEBUG:btfxwss.connection:_stop_timers(): Timers stopped.
DEBUG:btfxwss.queue_processor:_handle_book: book - [118, [3639.7, 1, 0.41193513]] - 1548205004.2980313
DEBUG:btfxwss.queue_processor:ts: 1548205004.2980313	chan_id: 118	data: [[3639.7, 1, 0.41193513]]
DEBUG:btfxwss.connection:_stop_timers(): Timers stopped.
DEBUG:btfxwss.connection:_on_message(): Received new message [118,[3643.9,2,-16.28500237]] at 1548205004.2990327
DEBUG:btfxwss.connection:_data_handler(): Passing [118, [3643.9, 2, -16.28500237]] to client..
DEBUG:btfxwss.connection:_start_timers(): Resetting timers..
DEBUG:btfxwss.connection:_stop_timers(): Timers stopped.
DEBUG:btfxwss.queue_processor:_handle_book: book - [118, [3643.9, 2, -16.28500237]] - 1548205004.2990327
DEBUG:btfxwss.queue_processor:ts: 1548205004.2990327	chan_id: 118	data: [[3643.9, 2, -16.28500237]]
DEBUG:btfxwss.connection:_stop_timers(): Timers stopped.
DEBUG:btfxwss.connection:_on_message(): Received new message [351922,[21739078129,0,-1]] at 1548205004.4186473
DEBUG:btfxwss.connection:_data_handler(): Passing [351922, [21739078129, 0, -1]] to client..
DEBUG:btfxwss.connection:_start_timers(): Resetting timers..
DEBUG:btfxwss.connection:_stop_timers(): Timers stopped.
DEBUG:btfxwss.queue_processor:_handle_raw_book: raw_book - [351922, [21739078129, 0, -1]] - 1548205004.4186473
DEBUG:btfxwss.connection:_stop_timers(): Timers stopped.
DEBUG:btfxwss.connection:_on_message(): Received new message [351922,[21678041613,3645.071681709,-1.39773786]] at 1548205004.4201488
DEBUG:btfxwss.connection:_data_handler(): Passing [351922, [21678041613, 3645.071681709, -1.39773786]] to client..
DEBUG:btfxwss.connection:_start_timers(): Resetting timers..
DEBUG:btfxwss.connection:_stop_timers(): Timers stopped.
DEBUG:btfxwss.queue_processor:_handle_raw_book: raw_book - [351922, [21678041613, 3645.071681709, -1.39773786]] - 1548205004.4201488
DEBUG:btfxwss.connection:_stop_timers(): Timers stopped.
DEBUG:btfxwss.connection:_on_message(): Received new message [118,[3641.4,2,-18.33950993]] at 1548205004.4431727
DEBUG:btfxwss.connection:_data_handler(): Passing [118, [3641.4, 2, -18.33950993]] to client..
DEBUG:btfxwss.connection:_start_timers(): Resetting timers..
DEBUG:btfxwss.connection:_stop_timers(): Timers stopped.
DEBUG:btfxwss.queue_processor:_handle_book: book - [118, [3641.4, 2, -18.33950993]] - 1548205004.4431727
DEBUG:btfxwss.queue_processor:ts: 1548205004.4431727	chan_id: 118	data: [[3641.4, 2, -18.33950993]]
DEBUG:btfxwss.connection:_stop_timers(): Timers stopped.
DEBUG:btfxwss.connection:_on_message(): Received new message [118,[3639,0,1]] at 1548205004.4907165
DEBUG:btfxwss.connection:_data_handler(): Passing [118, [3639, 0, 1]] to client..
DEBUG:btfxwss.connection:_start_timers(): Resetting timers..
DEBUG:btfxwss.connection:_stop_timers(): Timers stopped.
DEBUG:btfxwss.queue_processor:_handle_book: book - [118, [3639, 0, 1]] - 1548205004.4907165
DEBUG:btfxwss.queue_processor:ts: 1548205004.4907165	chan_id: 118	data: [[3639, 0, 1]]
DEBUG:btfxwss.connection:_stop_timers(): Timers stopped.
DEBUG:btfxwss.connection:_on_message(): Received new message [118,[3635.9,1,0.06868037]] at 1548205004.4922183
DEBUG:btfxwss.connection:_data_handler(): Passing [118, [3635.9, 1, 0.06868037]] to client..
DEBUG:btfxwss.connection:_start_timers(): Resetting timers..
DEBUG:btfxwss.connection:_stop_timers(): Timers stopped.
DEBUG:btfxwss.queue_processor:_handle_book: book - [118, [3635.9, 1, 0.06868037]] - 1548205004.4922183
DEBUG:btfxwss.queue_processor:ts: 1548205004.4922183	chan_id: 118	data: [[3635.9, 1, 0.06868037]]
DEBUG:btfxwss.connection:_stop_timers(): Timers stopped.
DEBUG:btfxwss.connection:_on_message(): Received new message [351922,[21739078052,0,1]] at 1548205004.5017269
DEBUG:btfxwss.connection:_data_handler(): Passing [351922, [21739078052, 0, 1]] to client..
DEBUG:btfxwss.connection:_start_timers(): Resetting timers..
DEBUG:btfxwss.connection:_stop_timers(): Timers stopped.
DEBUG:btfxwss.queue_processor:_handle_raw_book: raw_book - [351922, [21739078052, 0, 1]] - 1548205004.5017269
DEBUG:btfxwss.connection:_stop_timers(): Timers stopped.
DEBUG:btfxwss.connection:_on_message(): Received new message [351922,[21738490833,3637.799491565,3]] at 1548205004.5032287
DEBUG:btfxwss.connection:_data_handler(): Passing [351922, [21738490833, 3637.799491565, 3]] to client..
DEBUG:btfxwss.connection:_start_timers(): Resetting timers..
DEBUG:btfxwss.connection:_stop_timers(): Timers stopped.
DEBUG:btfxwss.queue_processor:_handle_raw_book: raw_book - [351922, [21738490833, 3637.799491565, 3]] - 1548205004.5032287
DEBUG:btfxwss.connection:_stop_timers(): Timers stopped.
DEBUG:btfxwss.connection:_on_message(): Received new message [118,[3637.2,0,1]] at 1548205004.584193
DEBUG:btfxwss.connection:_data_handler(): Passing [118, [3637.2, 0, 1]] to client..
DEBUG:btfxwss.connection:_start_timers(): Resetting timers..
DEBUG:btfxwss.connection:_stop_timers(): Timers stopped.
DEBUG:btfxwss.queue_processor:_handle_book: book - [118, [3637.2, 0, 1]] - 1548205004.584193
DEBUG:btfxwss.connection:_stop_timers(): Timers stopped.
DEBUG:btfxwss.queue_processor:ts: 1548205004.584193	chan_id: 118	data: [[3637.2, 0, 1]]
DEBUG:btfxwss.connection:_on_message(): Received new message [118,[3636.4,1,0.38772958]] at 1548205004.5856996
DEBUG:btfxwss.connection:_data_handler(): Passing [118, [3636.4, 1, 0.38772958]] to client..
DEBUG:btfxwss.connection:_start_timers(): Resetting timers..
DEBUG:btfxwss.connection:_stop_timers(): Timers stopped.
DEBUG:btfxwss.queue_processor:_handle_book: book - [118, [3636.4, 1, 0.38772958]] - 1548205004.5856996
DEBUG:btfxwss.queue_processor:ts: 1548205004.5856996	chan_id: 118	data: [[3636.4, 1, 0.38772958]]
DEBUG:btfxwss.connection:_stop_timers(): Timers stopped.
DEBUG:btfxwss.connection:_on_message(): Received new message [118,[3637.5,0,1]] at 1548205004.6772866
DEBUG:btfxwss.connection:_data_handler(): Passing [118, [3637.5, 0, 1]] to client..
DEBUG:btfxwss.connection:_start_timers(): Resetting timers..
DEBUG:btfxwss.connection:_stop_timers(): Timers stopped.
DEBUG:btfxwss.queue_processor:_handle_book: book - [118, [3637.5, 0, 1]] - 1548205004.6772866
DEBUG:btfxwss.queue_processor:ts: 1548205004.6772866	chan_id: 118	data: [[3637.5, 0, 1]]
DEBUG:btfxwss.connection:_stop_timers(): Timers stopped.
DEBUG:btfxwss.connection:_on_message(): Received new message [118,[3637.1,1,0.39044304]] at 1548205004.6782815
DEBUG:btfxwss.connection:_data_handler(): Passing [118, [3637.1, 1, 0.39044304]] to client..
DEBUG:btfxwss.connection:_start_timers(): Resetting timers..
DEBUG:btfxwss.connection:_stop_timers(): Timers stopped.
DEBUG:btfxwss.queue_processor:_handle_book: book - [118, [3637.1, 1, 0.39044304]] - 1548205004.6782815
DEBUG:btfxwss.queue_processor:ts: 1548205004.6782815	chan_id: 118	data: [[3637.1, 1, 0.39044304]]
DEBUG:btfxwss.connection:_stop_timers(): Timers stopped.
DEBUG:btfxwss.connection:_on_message(): Received new message [118,[3637.1,0,1]] at 1548205004.7213278
DEBUG:btfxwss.connection:_data_handler(): Passing [118, [3637.1, 0, 1]] to client..
DEBUG:btfxwss.connection:_start_timers(): Resetting timers..
DEBUG:btfxwss.connection:_stop_timers(): Timers stopped.
DEBUG:btfxwss.queue_processor:_handle_book: book - [118, [3637.1, 0, 1]] - 1548205004.7213278
DEBUG:btfxwss.queue_processor:ts: 1548205004.7213278	chan_id: 118	data: [[3637.1, 0, 1]]
DEBUG:btfxwss.connection:_stop_timers(): Timers stopped.
DEBUG:btfxwss.connection:_on_message(): Received new message [118,[3636.4,0,1]] at 1548205004.7223234
DEBUG:btfxwss.connection:_data_handler(): Passing [118, [3636.4, 0, 1]] to client..
DEBUG:btfxwss.connection:_start_timers(): Resetting timers..
DEBUG:btfxwss.connection:_stop_timers(): Timers stopped.
DEBUG:btfxwss.queue_processor:_handle_book: book - [118, [3636.4, 0, 1]] - 1548205004.7223234
DEBUG:btfxwss.queue_processor:ts: 1548205004.7223234	chan_id: 118	data: [[3636.4, 0, 1]]
DEBUG:btfxwss.connection:_stop_timers(): Timers stopped.
DEBUG:btfxwss.connection:_on_message(): Received new message [118,[3637.5,1,0.39044304]] at 1548205004.7228239
DEBUG:btfxwss.connection:_data_handler(): Passing [118, [3637.5, 1, 0.39044304]] to client..
DEBUG:btfxwss.connection:_start_timers(): Resetting timers..
DEBUG:btfxwss.connection:_stop_timers(): Timers stopped.
DEBUG:btfxwss.queue_processor:_handle_book: book - [118, [3637.5, 1, 0.39044304]] - 1548205004.7228239
DEBUG:btfxwss.queue_processor:ts: 1548205004.7228239	chan_id: 118	data: [[3637.5, 1, 0.39044304]]
DEBUG:btfxwss.connection:_stop_timers(): Timers stopped.
DEBUG:btfxwss.connection:_on_message(): Received new message [118,[3635.8,1,0.81526856]] at 1548205004.723825
DEBUG:btfxwss.connection:_data_handler(): Passing [118, [3635.8, 1, 0.81526856]] to client..
DEBUG:btfxwss.connection:_start_timers(): Resetting timers..
DEBUG:btfxwss.connection:_stop_timers(): Timers stopped.
DEBUG:btfxwss.queue_processor:_handle_book: book - [118, [3635.8, 1, 0.81526856]] - 1548205004.723825
DEBUG:btfxwss.queue_processor:ts: 1548205004.723825	chan_id: 118	data: [[3635.8, 1, 0.81526856]]
DEBUG:btfxwss.connection:_stop_timers(): Timers stopped.
DEBUG:btfxwss.connection:_on_message(): Received new message [351922,[21738490833,0,1]] at 1548205004.7723913
DEBUG:btfxwss.connection:_data_handler(): Passing [351922, [21738490833, 0, 1]] to client..
DEBUG:btfxwss.connection:_start_timers(): Resetting timers..
DEBUG:btfxwss.connection:_stop_timers(): Timers stopped.
DEBUG:btfxwss.queue_processor:_handle_raw_book: raw_book - [351922, [21738490833, 0, 1]] - 1548205004.7723913
DEBUG:btfxwss.connection:_stop_timers(): Timers stopped.
DEBUG:btfxwss.connection:_on_message(): Received new message [351922,[21678041613,0,-1]] at 1548205004.773393
DEBUG:btfxwss.connection:_data_handler(): Passing [351922, [21678041613, 0, -1]] to client..
DEBUG:btfxwss.connection:_start_timers(): Resetting timers..
DEBUG:btfxwss.connection:_stop_timers(): Timers stopped.
DEBUG:btfxwss.queue_processor:_handle_raw_book: raw_book - [351922, [21678041613, 0, -1]] - 1548205004.773393
DEBUG:btfxwss.connection:_stop_timers(): Timers stopped.
DEBUG:btfxwss.connection:_on_message(): Received new message [351922,[21739078384,3639.6,0.02084627]] at 1548205004.7743926
DEBUG:btfxwss.connection:_data_handler(): Passing [351922, [21739078384, 3639.6, 0.02084627]] to client..
DEBUG:btfxwss.connection:_start_timers(): Resetting timers..
DEBUG:btfxwss.connection:_stop_timers(): Timers stopped.
DEBUG:btfxwss.queue_processor:_handle_raw_book: raw_book - [351922, [21739078384, 3639.6, 0.02084627]] - 1548205004.7743926
DEBUG:btfxwss.connection:_stop_timers(): Timers stopped.
DEBUG:btfxwss.connection:_on_message(): Received new message [351922,[21739078388,3642.9,-0.01389756]] at 1548205004.7748933
DEBUG:btfxwss.connection:_data_handler(): Passing [351922, [21739078388, 3642.9, -0.01389756]] to client..
DEBUG:btfxwss.connection:_start_timers(): Resetting timers..
DEBUG:btfxwss.connection:_stop_timers(): Timers stopped.
DEBUG:btfxwss.queue_processor:_handle_raw_book: raw_book - [351922, [21739078388, 3642.9, -0.01389756]] - 1548205004.7748933
DEBUG:btfxwss.connection:_stop_timers(): Timers stopped.
DEBUG:btfxwss.connection:_on_message(): Received new message [118,[3637.5,0,1]] at 1548205004.7981796
DEBUG:btfxwss.connection:_data_handler(): Passing [118, [3637.5, 0, 1]] to client..
DEBUG:btfxwss.connection:_start_timers(): Resetting timers..
DEBUG:btfxwss.connection:_stop_timers(): Timers stopped.
DEBUG:btfxwss.queue_processor:_handle_book: book - [118, [3637.5, 0, 1]] - 1548205004.7981796
DEBUG:btfxwss.queue_processor:ts: 1548205004.7981796	chan_id: 118	data: [[3637.5, 0, 1]]
DEBUG:btfxwss.connection:_stop_timers(): Timers stopped.
DEBUG:btfxwss.connection:_on_message(): Received new message [118,[3635.8,0,1]] at 1548205004.798676
DEBUG:btfxwss.connection:_data_handler(): Passing [118, [3635.8, 0, 1]] to client..
DEBUG:btfxwss.connection:_start_timers(): Resetting timers..
DEBUG:btfxwss.connection:_stop_timers(): Timers stopped.
DEBUG:btfxwss.queue_processor:_handle_book: book - [118, [3635.8, 0, 1]] - 1548205004.798676
DEBUG:btfxwss.queue_processor:ts: 1548205004.798676	chan_id: 118	data: [[3635.8, 0, 1]]
DEBUG:btfxwss.connection:_stop_timers(): Timers stopped.
DEBUG:btfxwss.connection:_on_message(): Received new message [118,[3647.2,0,-1]] at 1548205004.799676
DEBUG:btfxwss.connection:_data_handler(): Passing [118, [3647.2, 0, -1]] to client..
DEBUG:btfxwss.connection:_start_timers(): Resetting timers..
DEBUG:btfxwss.connection:_stop_timers(): Timers stopped.
DEBUG:btfxwss.queue_processor:_handle_book: book - [118, [3647.2, 0, -1]] - 1548205004.799676
DEBUG:btfxwss.queue_processor:ts: 1548205004.799676	chan_id: 118	data: [[3647.2, 0, -1]]
DEBUG:btfxwss.connection:_stop_timers(): Timers stopped.
DEBUG:btfxwss.connection:_on_message(): Received new message [118,[3639.6,2,0.05784627]] at 1548205004.800177
DEBUG:btfxwss.connection:_data_handler(): Passing [118, [3639.6, 2, 0.05784627]] to client..
DEBUG:btfxwss.connection:_start_timers(): Resetting timers..
DEBUG:btfxwss.connection:_stop_timers(): Timers stopped.
DEBUG:btfxwss.queue_processor:_handle_book: book - [118, [3639.6, 2, 0.05784627]] - 1548205004.800177
DEBUG:btfxwss.queue_processor:ts: 1548205004.800177	chan_id: 118	data: [[3639.6, 2, 0.05784627]]
DEBUG:btfxwss.connection:_stop_timers(): Timers stopped.
DEBUG:btfxwss.connection:_on_message(): Received new message [118,[3637.1,1,0.39044304]] at 1548205004.8011785
DEBUG:btfxwss.connection:_data_handler(): Passing [118, [3637.1, 1, 0.39044304]] to client..
DEBUG:btfxwss.connection:_start_timers(): Resetting timers..
DEBUG:btfxwss.connection:_stop_timers(): Timers stopped.
DEBUG:btfxwss.queue_processor:_handle_book: book - [118, [3637.1, 1, 0.39044304]] - 1548205004.8011785
DEBUG:btfxwss.queue_processor:ts: 1548205004.8011785	chan_id: 118	data: [[3637.1, 1, 0.39044304]]
DEBUG:btfxwss.connection:_stop_timers(): Timers stopped.
DEBUG:btfxwss.connection:_on_message(): Received new message [118,[3636.4,1,0.38772958]] at 1548205004.8016782
DEBUG:btfxwss.connection:_data_handler(): Passing [118, [3636.4, 1, 0.38772958]] to client..
DEBUG:btfxwss.connection:_start_timers(): Resetting timers..
DEBUG:btfxwss.connection:_stop_timers(): Timers stopped.
DEBUG:btfxwss.queue_processor:_handle_book: book - [118, [3636.4, 1, 0.38772958]] - 1548205004.8016782
DEBUG:btfxwss.queue_processor:ts: 1548205004.8016782	chan_id: 118	data: [[3636.4, 1, 0.38772958]]
DEBUG:btfxwss.connection:_stop_timers(): Timers stopped.
DEBUG:btfxwss.connection:_on_message(): Received new message [118,[3642.9,1,-0.01389756]] at 1548205004.802179
DEBUG:btfxwss.connection:_data_handler(): Passing [118, [3642.9, 1, -0.01389756]] to client..
DEBUG:btfxwss.connection:_start_timers(): Resetting timers..
DEBUG:btfxwss.connection:_stop_timers(): Timers stopped.
DEBUG:btfxwss.queue_processor:_handle_book: book - [118, [3642.9, 1, -0.01389756]] - 1548205004.802179
DEBUG:btfxwss.queue_processor:ts: 1548205004.802179	chan_id: 118	data: [[3642.9, 1, -0.01389756]]
DEBUG:btfxwss.connection:_stop_timers(): Timers stopped.
DEBUG:btfxwss.connection:_on_message(): Received new message [118,[3637.1,0,1]] at 1548205004.8443491
DEBUG:btfxwss.connection:_data_handler(): Passing [118, [3637.1, 0, 1]] to client..
DEBUG:btfxwss.connection:_start_timers(): Resetting timers..
DEBUG:btfxwss.connection:_stop_timers(): Timers stopped.
DEBUG:btfxwss.queue_processor:_handle_book: book - [118, [3637.1, 0, 1]] - 1548205004.8443491
DEBUG:btfxwss.queue_processor:ts: 1548205004.8443491	chan_id: 118	data: [[3637.1, 0, 1]]
DEBUG:btfxwss.connection:_stop_timers(): Timers stopped.
DEBUG:btfxwss.connection:_on_message(): Received new message [118,[3635.9,0,1]] at 1548205004.8453438
DEBUG:btfxwss.connection:_data_handler(): Passing [118, [3635.9, 0, 1]] to client..
DEBUG:btfxwss.connection:_start_timers(): Resetting timers..
DEBUG:btfxwss.connection:_stop_timers(): Timers stopped.
DEBUG:btfxwss.queue_processor:_handle_book: book - [118, [3635.9, 0, 1]] - 1548205004.8453438
DEBUG:btfxwss.queue_processor:ts: 1548205004.8453438	chan_id: 118	data: [[3635.9, 0, 1]]
DEBUG:btfxwss.connection:_stop_timers(): Timers stopped.
DEBUG:btfxwss.connection:_on_message(): Received new message [118,[3640.2,1,0.27963932]] at 1548205004.8458445
DEBUG:btfxwss.connection:_data_handler(): Passing [118, [3640.2, 1, 0.27963932]] to client..
DEBUG:btfxwss.connection:_start_timers(): Resetting timers..
DEBUG:btfxwss.connection:_stop_timers(): Timers stopped.
DEBUG:btfxwss.queue_processor:_handle_book: book - [118, [3640.2, 1, 0.27963932]] - 1548205004.8458445
DEBUG:btfxwss.queue_processor:ts: 1548205004.8458445	chan_id: 118	data: [[3640.2, 1, 0.27963932]]
DEBUG:btfxwss.connection:_stop_timers(): Timers stopped.
DEBUG:btfxwss.connection:_on_message(): Received new message [118,[3637.5,1,0.39044304]] at 1548205004.8468456
DEBUG:btfxwss.connection:_data_handler(): Passing [118, [3637.5, 1, 0.39044304]] to client..
DEBUG:btfxwss.connection:_start_timers(): Resetting timers..
DEBUG:btfxwss.connection:_stop_timers(): Timers stopped.
DEBUG:btfxwss.queue_processor:_handle_book: book - [118, [3637.5, 1, 0.39044304]] - 1548205004.8468456
DEBUG:btfxwss.queue_processor:ts: 1548205004.8468456	chan_id: 118	data: [[3637.5, 1, 0.39044304]]
DEBUG:btfxwss.connection:_stop_timers(): Timers stopped.
DEBUG:btfxwss.connection:_on_message(): Received new message [118,[3636.4,0,1]] at 1548205004.8981624
DEBUG:btfxwss.connection:_data_handler(): Passing [118, [3636.4, 0, 1]] to client..
DEBUG:btfxwss.connection:_start_timers(): Resetting timers..
DEBUG:btfxwss.connection:_stop_timers(): Timers stopped.
DEBUG:btfxwss.queue_processor:_handle_book: book - [118, [3636.4, 0, 1]] - 1548205004.8981624
DEBUG:btfxwss.queue_processor:ts: 1548205004.8981624	chan_id: 118	data: [[3636.4, 0, 1]]
DEBUG:btfxwss.connection:_stop_timers(): Timers stopped.
DEBUG:btfxwss.connection:_on_message(): Received new message [118,[3635.9,1,0.06868037]] at 1548205004.8993561
DEBUG:btfxwss.connection:_data_handler(): Passing [118, [3635.9, 1, 0.06868037]] to client..
DEBUG:btfxwss.connection:_start_timers(): Resetting timers..
DEBUG:btfxwss.connection:_stop_timers(): Timers stopped.
DEBUG:btfxwss.queue_processor:_handle_book: book - [118, [3635.9, 1, 0.06868037]] - 1548205004.8993561
DEBUG:btfxwss.queue_processor:ts: 1548205004.8993561	chan_id: 118	data: [[3635.9, 1, 0.06868037]]
DEBUG:btfxwss.connection:_stop_timers(): Timers stopped.
DEBUG:btfxwss.connection:_on_message(): Received new message [351922,[21738928117,0,1]] at 1548205004.8998423
DEBUG:btfxwss.connection:_data_handler(): Passing [351922, [21738928117, 0, 1]] to client..
DEBUG:btfxwss.connection:_start_timers(): Resetting timers..
DEBUG:btfxwss.connection:_stop_timers(): Timers stopped.
DEBUG:btfxwss.queue_processor:_handle_raw_book: raw_book - [351922, [21738928117, 0, 1]] - 1548205004.8998423
DEBUG:btfxwss.connection:_stop_timers(): Timers stopped.
DEBUG:btfxwss.connection:_on_message(): Received new message [351922,[21739078402,3640.2,0.27963932]] at 1548205004.9008434
DEBUG:btfxwss.connection:_data_handler(): Passing [351922, [21739078402, 3640.2, 0.27963932]] to client..
DEBUG:btfxwss.connection:_start_timers(): Resetting timers..
DEBUG:btfxwss.connection:_stop_timers(): Timers stopped.
DEBUG:btfxwss.queue_processor:_handle_raw_book: raw_book - [351922, [21739078402, 3640.2, 0.27963932]] - 1548205004.9008434
DEBUG:btfxwss.connection:_stop_timers(): Timers stopped.
DEBUG:btfxwss.connection:_on_message(): Received new message [118,[3640.1,0,1]] at 1548205004.9364007
DEBUG:btfxwss.connection:_data_handler(): Passing [118, [3640.1, 0, 1]] to client..
DEBUG:btfxwss.connection:_start_timers(): Resetting timers..
DEBUG:btfxwss.queue_processor:_handle_book: book - [118, [3640.1, 0, 1]] - 1548205004.9364007
DEBUG:btfxwss.connection:_stop_timers(): Timers stopped.
DEBUG:btfxwss.queue_processor:ts: 1548205004.9364007	chan_id: 118	data: [[3640.1, 0, 1]]
DEBUG:btfxwss.connection:_stop_timers(): Timers stopped.
DEBUG:btfxwss.connection:_on_message(): Received new message [118,[3643.5,0,-1]] at 1548205004.9374013
DEBUG:btfxwss.connection:_data_handler(): Passing [118, [3643.5, 0, -1]] to client..
DEBUG:btfxwss.connection:_start_timers(): Resetting timers..
DEBUG:btfxwss.connection:_stop_timers(): Timers stopped.
DEBUG:btfxwss.queue_processor:_handle_book: book - [118, [3643.5, 0, -1]] - 1548205004.9374013
DEBUG:btfxwss.queue_processor:ts: 1548205004.9374013	chan_id: 118	data: [[3643.5, 0, -1]]
DEBUG:btfxwss.connection:_stop_timers(): Timers stopped.
DEBUG:btfxwss.connection:_on_message(): Received new message [118,[3636.4,1,0.38772958]] at 1548205004.9379017
DEBUG:btfxwss.connection:_data_handler(): Passing [118, [3636.4, 1, 0.38772958]] to client..
DEBUG:btfxwss.connection:_start_timers(): Resetting timers..
DEBUG:btfxwss.connection:_stop_timers(): Timers stopped.
DEBUG:btfxwss.queue_processor:_handle_book: book - [118, [3636.4, 1, 0.38772958]] - 1548205004.9379017
DEBUG:btfxwss.queue_processor:ts: 1548205004.9379017	chan_id: 118	data: [[3636.4, 1, 0.38772958]]
DEBUG:btfxwss.connection:_stop_timers(): Timers stopped.
DEBUG:btfxwss.connection:_on_message(): Received new message [118,[3647.2,1,-5.45454545]] at 1548205004.9389029
DEBUG:btfxwss.connection:_data_handler(): Passing [118, [3647.2, 1, -5.45454545]] to client..
DEBUG:btfxwss.connection:_start_timers(): Resetting timers..
DEBUG:btfxwss.connection:_stop_timers(): Timers stopped.
DEBUG:btfxwss.queue_processor:_handle_book: book - [118, [3647.2, 1, -5.45454545]] - 1548205004.9389029
DEBUG:btfxwss.queue_processor:ts: 1548205004.9389029	chan_id: 118	data: [[3647.2, 1, -5.45454545]]
DEBUG:btfxwss.connection:_stop_timers(): Timers stopped.
DEBUG:btfxwss.connection:_on_message(): Received new message [351922,[21739078061,0,1]] at 1548205004.9464102
DEBUG:btfxwss.connection:_data_handler(): Passing [351922, [21739078061, 0, 1]] to client..
DEBUG:btfxwss.connection:_start_timers(): Resetting timers..
DEBUG:btfxwss.connection:_stop_timers(): Timers stopped.
DEBUG:btfxwss.queue_processor:_handle_raw_book: raw_book - [351922, [21739078061, 0, 1]] - 1548205004.9464102
DEBUG:btfxwss.connection:_stop_timers(): Timers stopped.
DEBUG:btfxwss.connection:_on_message(): Received new message [351922,[21739078060,0,-1]] at 1548205004.9469106
DEBUG:btfxwss.connection:_data_handler(): Passing [351922, [21739078060, 0, -1]] to client..
DEBUG:btfxwss.connection:_start_timers(): Resetting timers..
DEBUG:btfxwss.connection:_stop_timers(): Timers stopped.
DEBUG:btfxwss.queue_processor:_handle_raw_book: raw_book - [351922, [21739078060, 0, -1]] - 1548205004.9469106
DEBUG:btfxwss.connection:_stop_timers(): Timers stopped.
DEBUG:btfxwss.connection:_on_message(): Received new message [351922,[21739078450,3641.1,0.04070661]] at 1548205004.9479122
DEBUG:btfxwss.connection:_data_handler(): Passing [351922, [21739078450, 3641.1, 0.04070661]] to client..
DEBUG:btfxwss.connection:_start_timers(): Resetting timers..
DEBUG:btfxwss.connection:_stop_timers(): Timers stopped.
DEBUG:btfxwss.queue_processor:_handle_raw_book: raw_book - [351922, [21739078450, 3641.1, 0.04070661]] - 1548205004.9479122
DEBUG:btfxwss.connection:_stop_timers(): Timers stopped.
DEBUG:btfxwss.connection:_on_message(): Received new message [351922,[21678041613,3645.071681709,-1.39773786]] at 1548205004.9484124
DEBUG:btfxwss.connection:_data_handler(): Passing [351922, [21678041613, 3645.071681709, -1.39773786]] to client..
DEBUG:btfxwss.connection:_start_timers(): Resetting timers..
DEBUG:btfxwss.connection:_stop_timers(): Timers stopped.
DEBUG:btfxwss.queue_processor:_handle_raw_book: raw_book - [351922, [21678041613, 3645.071681709, -1.39773786]] - 1548205004.9484124
DEBUG:btfxwss.connection:_stop_timers(): Timers stopped.
DEBUG:btfxwss.connection:_on_message(): Received new message [118,[3637.5,0,1]] at 1548205004.9921088
DEBUG:btfxwss.connection:_data_handler(): Passing [118, [3637.5, 0, 1]] to client..
DEBUG:btfxwss.connection:_start_timers(): Resetting timers..
DEBUG:btfxwss.connection:_stop_timers(): Timers stopped.
DEBUG:btfxwss.queue_processor:_handle_book: book - [118, [3637.5, 0, 1]] - 1548205004.9921088
DEBUG:btfxwss.queue_processor:ts: 1548205004.9921088	chan_id: 118	data: [[3637.5, 0, 1]]
DEBUG:btfxwss.connection:_stop_timers(): Timers stopped.
DEBUG:btfxwss.connection:_on_message(): Received new message [118,[3636.4,0,1]] at 1548205004.9936156
DEBUG:btfxwss.connection:_data_handler(): Passing [118, [3636.4, 0, 1]] to client..
DEBUG:btfxwss.connection:_start_timers(): Resetting timers..
DEBUG:btfxwss.connection:_stop_timers(): Timers stopped.
DEBUG:btfxwss.queue_processor:_handle_book: book - [118, [3636.4, 0, 1]] - 1548205004.9936156
DEBUG:btfxwss.connection:_stop_timers(): Timers stopped.
DEBUG:btfxwss.queue_processor:ts: 1548205004.9936156	chan_id: 118	data: [[3636.4, 0, 1]]
DEBUG:btfxwss.connection:_on_message(): Received new message [118,[3641.1,1,0.04070661]] at 1548205004.994119
DEBUG:btfxwss.connection:_data_handler(): Passing [118, [3641.1, 1, 0.04070661]] to client..
DEBUG:btfxwss.connection:_start_timers(): Resetting timers..
DEBUG:btfxwss.connection:_stop_timers(): Timers stopped.
DEBUG:btfxwss.queue_processor:_handle_book: book - [118, [3641.1, 1, 0.04070661]] - 1548205004.994119
DEBUG:btfxwss.queue_processor:ts: 1548205004.994119	chan_id: 118	data: [[3641.1, 1, 0.04070661]]
DEBUG:btfxwss.connection:_stop_timers(): Timers stopped.
DEBUG:btfxwss.connection:_on_message(): Received new message [118,[3641,3,1.13141322]] at 1548205004.995113
DEBUG:btfxwss.connection:_data_handler(): Passing [118, [3641, 3, 1.13141322]] to client..
DEBUG:btfxwss.connection:_start_timers(): Resetting timers..
DEBUG:btfxwss.connection:_stop_timers(): Timers stopped.
DEBUG:btfxwss.queue_processor:_handle_book: book - [118, [3641, 3, 1.13141322]] - 1548205004.995113
DEBUG:btfxwss.queue_processor:ts: 1548205004.995113	chan_id: 118	data: [[3641, 3, 1.13141322]]
DEBUG:btfxwss.connection:_stop_timers(): Timers stopped.
DEBUG:btfxwss.connection:_on_message(): Received new message [118,[3637.1,1,0.39044304]] at 1548205004.9956133
DEBUG:btfxwss.connection:_data_handler(): Passing [118, [3637.1, 1, 0.39044304]] to client..
DEBUG:btfxwss.connection:_start_timers(): Resetting timers..
DEBUG:btfxwss.connection:_stop_timers(): Timers stopped.
DEBUG:btfxwss.queue_processor:_handle_book: book - [118, [3637.1, 1, 0.39044304]] - 1548205004.9956133
DEBUG:btfxwss.queue_processor:ts: 1548205004.9956133	chan_id: 118	data: [[3637.1, 1, 0.39044304]]
DEBUG:btfxwss.connection:_stop_timers(): Timers stopped.
DEBUG:btfxwss.connection:_on_message(): Received new message [351922,[21738966685,0,1]] at 1548205005.0013294
DEBUG:btfxwss.connection:_data_handler(): Passing [351922, [21738966685, 0, 1]] to client..
DEBUG:btfxwss.connection:_start_timers(): Resetting timers..
DEBUG:btfxwss.connection:_stop_timers(): Timers stopped.
DEBUG:btfxwss.queue_processor:_handle_raw_book: raw_book - [351922, [21738966685, 0, 1]] - 1548205005.0013294
DEBUG:btfxwss.connection:_stop_timers(): Timers stopped.
DEBUG:btfxwss.connection:_on_message(): Received new message [351922,[21739078460,3641,0.08141322]] at 1548205005.0023305
DEBUG:btfxwss.connection:_data_handler(): Passing [351922, [21739078460, 3641, 0.08141322]] to client..
DEBUG:btfxwss.connection:_start_timers(): Resetting timers..
DEBUG:btfxwss.connection:_stop_timers(): Timers stopped.
DEBUG:btfxwss.queue_processor:_handle_raw_book: raw_book - [351922, [21739078460, 3641, 0.08141322]] - 1548205005.0023305
DEBUG:btfxwss.connection:_stop_timers(): Timers stopped.
DEBUG:btfxwss.connection:_on_message(): Received new message [351922,[21739078388,0,-1]] at 1548205005.0517528
DEBUG:btfxwss.connection:_data_handler(): Passing [351922, [21739078388, 0, -1]] to client..
DEBUG:btfxwss.connection:_start_timers(): Resetting timers..
DEBUG:btfxwss.connection:_stop_timers(): Timers stopped.
DEBUG:btfxwss.queue_processor:_handle_raw_book: raw_book - [351922, [21739078388, 0, -1]] - 1548205005.0517528
DEBUG:btfxwss.connection:_stop_timers(): Timers stopped.
DEBUG:btfxwss.connection:_on_message(): Received new message [351922,[21736629340,3645.217728,-0.004]] at 1548205005.0527546
DEBUG:btfxwss.connection:_data_handler(): Passing [351922, [21736629340, 3645.217728, -0.004]] to client..
DEBUG:btfxwss.connection:_start_timers(): Resetting timers..
DEBUG:btfxwss.connection:_stop_timers(): Timers stopped.
DEBUG:btfxwss.queue_processor:_handle_raw_book: raw_book - [351922, [21736629340, 3645.217728, -0.004]] - 1548205005.0527546
DEBUG:btfxwss.connection:_stop_timers(): Timers stopped.
DEBUG:btfxwss.connection:_on_message(): Received new message [118,[3637.1,0,1]] at 1548205005.0652525
DEBUG:btfxwss.connection:_data_handler(): Passing [118, [3637.1, 0, 1]] to client..
DEBUG:btfxwss.connection:_start_timers(): Resetting timers..
DEBUG:btfxwss.connection:_stop_timers(): Timers stopped.
DEBUG:btfxwss.queue_processor:_handle_book: book - [118, [3637.1, 0, 1]] - 1548205005.0652525
DEBUG:btfxwss.connection:_stop_timers(): Timers stopped.
DEBUG:btfxwss.queue_processor:ts: 1548205005.0652525	chan_id: 118	data: [[3637.1, 0, 1]]
DEBUG:btfxwss.connection:_on_message(): Received new message [118,[3642.9,0,-1]] at 1548205005.0667508
DEBUG:btfxwss.connection:_data_handler(): Passing [118, [3642.9, 0, -1]] to client..
DEBUG:btfxwss.connection:_start_timers(): Resetting timers..
DEBUG:btfxwss.connection:_stop_timers(): Timers stopped.
DEBUG:btfxwss.queue_processor:_handle_book: book - [118, [3642.9, 0, -1]] - 1548205005.0667508
DEBUG:btfxwss.queue_processor:ts: 1548205005.0667508	chan_id: 118	data: [[3642.9, 0, -1]]
DEBUG:btfxwss.connection:_stop_timers(): Timers stopped.
DEBUG:btfxwss.connection:_on_message(): Received new message [118,[3637.5,1,0.39044304]] at 1548205005.0677516
DEBUG:btfxwss.connection:_data_handler(): Passing [118, [3637.5, 1, 0.39044304]] to client..
DEBUG:btfxwss.connection:_start_timers(): Resetting timers..
DEBUG:btfxwss.queue_processor:_handle_book: book - [118, [3637.5, 1, 0.39044304]] - 1548205005.0677516
DEBUG:btfxwss.connection:_stop_timers(): Timers stopped.
DEBUG:btfxwss.queue_processor:ts: 1548205005.0677516	chan_id: 118	data: [[3637.5, 1, 0.39044304]]
DEBUG:btfxwss.connection:_stop_timers(): Timers stopped.
DEBUG:btfxwss.connection:_on_message(): Received new message [118,[3647.3,2,-7.598122]] at 1548205005.0682542
DEBUG:btfxwss.connection:_data_handler(): Passing [118, [3647.3, 2, -7.598122]] to client..
DEBUG:btfxwss.connection:_start_timers(): Resetting timers..
DEBUG:btfxwss.connection:_stop_timers(): Timers stopped.
DEBUG:btfxwss.queue_processor:_handle_book: book - [118, [3647.3, 2, -7.598122]] - 1548205005.0682542
DEBUG:btfxwss.queue_processor:ts: 1548205005.0682542	chan_id: 118	data: [[3647.3, 2, -7.598122]]
DEBUG:btfxwss.connection:_stop_timers(): Timers stopped.
DEBUG:btfxwss.connection:_on_message(): Received new message [118,[3639.3,2,0.30045946]] at 1548205005.1678476
DEBUG:btfxwss.connection:_data_handler(): Passing [118, [3639.3, 2, 0.30045946]] to client..
DEBUG:btfxwss.connection:_start_timers(): Resetting timers..
DEBUG:btfxwss.connection:_stop_timers(): Timers stopped.
DEBUG:btfxwss.queue_processor:_handle_book: book - [118, [3639.3, 2, 0.30045946]] - 1548205005.1678476
DEBUG:btfxwss.queue_processor:ts: 1548205005.1678476	chan_id: 118	data: [[3639.3, 2, 0.30045946]]
DEBUG:btfxwss.connection:_stop_timers(): Timers stopped.
DEBUG:btfxwss.connection:_on_message(): Received new message [351922,[21739070975,0,1]] at 1548205005.209391
DEBUG:btfxwss.connection:_data_handler(): Passing [351922, [21739070975, 0, 1]] to client..
DEBUG:btfxwss.connection:_start_timers(): Resetting timers..
DEBUG:btfxwss.connection:_stop_timers(): Timers stopped.
DEBUG:btfxwss.queue_processor:_handle_raw_book: raw_book - [351922, [21739070975, 0, 1]] - 1548205005.209391
DEBUG:btfxwss.connection:_stop_timers(): Timers stopped.
DEBUG:btfxwss.connection:_on_message(): Received new message [351922,[21739078548,3639.3,0.02084637]] at 1548205005.21089
DEBUG:btfxwss.connection:_data_handler(): Passing [351922, [21739078548, 3639.3, 0.02084637]] to client..
DEBUG:btfxwss.connection:_start_timers(): Resetting timers..
DEBUG:btfxwss.connection:_stop_timers(): Timers stopped.
DEBUG:btfxwss.queue_processor:_handle_raw_book: raw_book - [351922, [21739078548, 3639.3, 0.02084637]] - 1548205005.21089
DEBUG:btfxwss.connection:_stop_timers(): Timers stopped.
DEBUG:btfxwss.connection:_on_message(): Received new message [118,[3647.3,0,-1]] at 1548205005.222913
DEBUG:btfxwss.connection:_data_handler(): Passing [118, [3647.3, 0, -1]] to client..
DEBUG:btfxwss.connection:_start_timers(): Resetting timers..
DEBUG:btfxwss.connection:_stop_timers(): Timers stopped.
DEBUG:btfxwss.queue_processor:_handle_book: book - [118, [3647.3, 0, -1]] - 1548205005.222913
DEBUG:btfxwss.queue_processor:ts: 1548205005.222913	chan_id: 118	data: [[3647.3, 0, -1]]
DEBUG:btfxwss.connection:_stop_timers(): Timers stopped.
DEBUG:btfxwss.connection:_on_message(): Received new message [118,[3643.4,1,-0.02084638]] at 1548205005.2244022
DEBUG:btfxwss.connection:_data_handler(): Passing [118, [3643.4, 1, -0.02084638]] to client..
DEBUG:btfxwss.connection:_start_timers(): Resetting timers..
DEBUG:btfxwss.connection:_stop_timers(): Timers stopped.
DEBUG:btfxwss.queue_processor:_handle_book: book - [118, [3643.4, 1, -0.02084638]] - 1548205005.2244022
DEBUG:btfxwss.queue_processor:ts: 1548205005.2244022	chan_id: 118	data: [[3643.4, 1, -0.02084638]]
DEBUG:btfxwss.connection:_stop_timers(): Timers stopped.
DEBUG:btfxwss.connection:_on_message(): Received new message [351922,[21736629340,0,-1]] at 1548205005.2723677
DEBUG:btfxwss.connection:_data_handler(): Passing [351922, [21736629340, 0, -1]] to client..
DEBUG:btfxwss.connection:_start_timers(): Resetting timers..
DEBUG:btfxwss.connection:_stop_timers(): Timers stopped.
DEBUG:btfxwss.queue_processor:_handle_raw_book: raw_book - [351922, [21736629340, 0, -1]] - 1548205005.2723677
DEBUG:btfxwss.connection:_stop_timers(): Timers stopped.
DEBUG:btfxwss.connection:_on_message(): Received new message [351922,[21739078563,3643.4,-0.02084638]] at 1548205005.273369
DEBUG:btfxwss.connection:_data_handler(): Passing [351922, [21739078563, 3643.4, -0.02084638]] to client..
DEBUG:btfxwss.connection:_start_timers(): Resetting timers..
DEBUG:btfxwss.connection:_stop_timers(): Timers stopped.
DEBUG:btfxwss.queue_processor:_handle_raw_book: raw_book - [351922, [21739078563, 3643.4, -0.02084638]] - 1548205005.273369
DEBUG:btfxwss.connection:_stop_timers(): Timers stopped.
DEBUG:btfxwss.connection:_on_message(): Received new message [118,[3645.6,0,-1]] at 1548205005.5294352
DEBUG:btfxwss.connection:_data_handler(): Passing [118, [3645.6, 0, -1]] to client..
DEBUG:btfxwss.connection:_start_timers(): Resetting timers..
DEBUG:btfxwss.connection:_stop_timers(): Timers stopped.
DEBUG:btfxwss.queue_processor:_handle_book: book - [118, [3645.6, 0, -1]] - 1548205005.5294352
DEBUG:btfxwss.queue_processor:ts: 1548205005.5294352	chan_id: 118	data: [[3645.6, 0, -1]]
DEBUG:btfxwss.connection:_stop_timers(): Timers stopped.
DEBUG:btfxwss.connection:_on_message(): Received new message [118,[3645.5,1,-0.75]] at 1548205005.5304363
DEBUG:btfxwss.connection:_data_handler(): Passing [118, [3645.5, 1, -0.75]] to client..
DEBUG:btfxwss.connection:_start_timers(): Resetting timers..
DEBUG:btfxwss.connection:_stop_timers(): Timers stopped.
DEBUG:btfxwss.queue_processor:_handle_book: book - [118, [3645.5, 1, -0.75]] - 1548205005.5304363
DEBUG:btfxwss.queue_processor:ts: 1548205005.5304363	chan_id: 118	data: [[3645.5, 1, -0.75]]
DEBUG:btfxwss.connection:_stop_timers(): Timers stopped.
DEBUG:btfxwss.connection:_on_message(): Received new message [118,[3647.2,0,-1]] at 1548205005.57627
DEBUG:btfxwss.connection:_data_handler(): Passing [118, [3647.2, 0, -1]] to client..
DEBUG:btfxwss.connection:_start_timers(): Resetting timers..
DEBUG:btfxwss.connection:_stop_timers(): Timers stopped.
DEBUG:btfxwss.queue_processor:_handle_book: book - [118, [3647.2, 0, -1]] - 1548205005.57627
DEBUG:btfxwss.connection:_stop_timers(): Timers stopped.
DEBUG:btfxwss.queue_processor:ts: 1548205005.57627	chan_id: 118	data: [[3647.2, 0, -1]]
DEBUG:btfxwss.connection:_on_message(): Received new message [118,[3642.9,1,-0.01389749]] at 1548205005.577755
DEBUG:btfxwss.connection:_data_handler(): Passing [118, [3642.9, 1, -0.01389749]] to client..
DEBUG:btfxwss.connection:_start_timers(): Resetting timers..
DEBUG:btfxwss.connection:_stop_timers(): Timers stopped.
DEBUG:btfxwss.queue_processor:_handle_book: book - [118, [3642.9, 1, -0.01389749]] - 1548205005.577755
DEBUG:btfxwss.queue_processor:ts: 1548205005.577755	chan_id: 118	data: [[3642.9, 1, -0.01389749]]
DEBUG:btfxwss.connection:_stop_timers(): Timers stopped.
DEBUG:btfxwss.connection:_on_message(): Received new message [351922,[21739078563,0,-1]] at 1548205005.5792658
DEBUG:btfxwss.connection:_data_handler(): Passing [351922, [21739078563, 0, -1]] to client..
DEBUG:btfxwss.connection:_start_timers(): Resetting timers..
DEBUG:btfxwss.connection:_stop_timers(): Timers stopped.
DEBUG:btfxwss.queue_processor:_handle_raw_book: raw_book - [351922, [21739078563, 0, -1]] - 1548205005.5792658
DEBUG:btfxwss.connection:_stop_timers(): Timers stopped.
DEBUG:btfxwss.connection:_on_message(): Received new message [351922,[21739078680,3642.9,-0.01389749]] at 1548205005.5802572
DEBUG:btfxwss.connection:_data_handler(): Passing [351922, [21739078680, 3642.9, -0.01389749]] to client..
DEBUG:btfxwss.connection:_start_timers(): Resetting timers..
DEBUG:btfxwss.connection:_stop_timers(): Timers stopped.
DEBUG:btfxwss.queue_processor:_handle_raw_book: raw_book - [351922, [21739078680, 3642.9, -0.01389749]] - 1548205005.5802572
DEBUG:btfxwss.connection:_stop_timers(): Timers stopped.
DEBUG:btfxwss.connection:_on_message(): Received new message [118,[3643.4,0,-1]] at 1548205005.626819
DEBUG:btfxwss.connection:_data_handler(): Passing [118, [3643.4, 0, -1]] to client..
DEBUG:btfxwss.connection:_start_timers(): Resetting timers..
DEBUG:btfxwss.connection:_stop_timers(): Timers stopped.
DEBUG:btfxwss.queue_processor:_handle_book: book - [118, [3643.4, 0, -1]] - 1548205005.626819
DEBUG:btfxwss.queue_processor:ts: 1548205005.626819	chan_id: 118	data: [[3643.4, 0, -1]]
DEBUG:btfxwss.connection:_stop_timers(): Timers stopped.
DEBUG:btfxwss.connection:_on_message(): Received new message [118,[3639.3,1,0.27961309]] at 1548205005.6278024
DEBUG:btfxwss.connection:_data_handler(): Passing [118, [3639.3, 1, 0.27961309]] to client..
DEBUG:btfxwss.connection:_start_timers(): Resetting timers..
DEBUG:btfxwss.connection:_stop_timers(): Timers stopped.
DEBUG:btfxwss.queue_processor:_handle_book: book - [118, [3639.3, 1, 0.27961309]] - 1548205005.6278024
DEBUG:btfxwss.queue_processor:ts: 1548205005.6278024	chan_id: 118	data: [[3639.3, 1, 0.27961309]]
DEBUG:btfxwss.connection:_stop_timers(): Timers stopped.
DEBUG:btfxwss.connection:_on_message(): Received new message [118,[3647.2,1,-5.45454545]] at 1548205005.6288047
DEBUG:btfxwss.connection:_data_handler(): Passing [118, [3647.2, 1, -5.45454545]] to client..
DEBUG:btfxwss.connection:_start_timers(): Resetting timers..
DEBUG:btfxwss.connection:_stop_timers(): Timers stopped.
DEBUG:btfxwss.queue_processor:_handle_book: book - [118, [3647.2, 1, -5.45454545]] - 1548205005.6288047
DEBUG:btfxwss.queue_processor:ts: 1548205005.6288047	chan_id: 118	data: [[3647.2, 1, -5.45454545]]
DEBUG:btfxwss.connection:_stop_timers(): Timers stopped.
DEBUG:btfxwss.connection:_on_message(): Received new message [351922,[21739078548,0,1]] at 1548205005.6298053
DEBUG:btfxwss.connection:_data_handler(): Passing [351922, [21739078548, 0, 1]] to client..
DEBUG:btfxwss.connection:_start_timers(): Resetting timers..
DEBUG:btfxwss.connection:_stop_timers(): Timers stopped.
DEBUG:btfxwss.queue_processor:_handle_raw_book: raw_book - [351922, [21739078548, 0, 1]] - 1548205005.6298053
DEBUG:btfxwss.connection:_stop_timers(): Timers stopped.
DEBUG:btfxwss.connection:_on_message(): Received new message [351922,[21739070975,3638.4,0.47812344]] at 1548205005.6303053
DEBUG:btfxwss.connection:_data_handler(): Passing [351922, [21739070975, 3638.4, 0.47812344]] to client..
DEBUG:btfxwss.connection:_start_timers(): Resetting timers..
DEBUG:btfxwss.connection:_stop_timers(): Timers stopped.
DEBUG:btfxwss.queue_processor:_handle_raw_book: raw_book - [351922, [21739070975, 3638.4, 0.47812344]] - 1548205005.6303053
DEBUG:btfxwss.connection:_stop_timers(): Timers stopped.
DEBUG:btfxwss.connection:_on_message(): Received new message [118,[3635.9,0,1]] at 1548205005.7960386
DEBUG:btfxwss.connection:_data_handler(): Passing [118, [3635.9, 0, 1]] to client..
DEBUG:btfxwss.connection:_start_timers(): Resetting timers..
DEBUG:btfxwss.connection:_stop_timers(): Timers stopped.
DEBUG:btfxwss.queue_processor:_handle_book: book - [118, [3635.9, 0, 1]] - 1548205005.7960386
DEBUG:btfxwss.queue_processor:ts: 1548205005.7960386	chan_id: 118	data: [[3635.9, 0, 1]]
DEBUG:btfxwss.connection:_stop_timers(): Timers stopped.
DEBUG:btfxwss.connection:_on_message(): Received new message [118,[3639.4,1,0.02084633]] at 1548205005.7970417
DEBUG:btfxwss.connection:_data_handler(): Passing [118, [3639.4, 1, 0.02084633]] to client..
DEBUG:btfxwss.connection:_start_timers(): Resetting timers..
DEBUG:btfxwss.connection:_stop_timers(): Timers stopped.
DEBUG:btfxwss.queue_processor:_handle_book: book - [118, [3639.4, 1, 0.02084633]] - 1548205005.7970417
DEBUG:btfxwss.queue_processor:ts: 1548205005.7970417	chan_id: 118	data: [[3639.4, 1, 0.02084633]]
DEBUG:btfxwss.connection:_stop_timers(): Timers stopped.
DEBUG:btfxwss.connection:_on_message(): Received new message [351922,[21739070975,0,1]] at 1548205005.807704
DEBUG:btfxwss.connection:_data_handler(): Passing [351922, [21739070975, 0, 1]] to client..
DEBUG:btfxwss.connection:_start_timers(): Resetting timers..
DEBUG:btfxwss.connection:_stop_timers(): Timers stopped.
DEBUG:btfxwss.queue_processor:_handle_raw_book: raw_book - [351922, [21739070975, 0, 1]] - 1548205005.807704
DEBUG:btfxwss.connection:_stop_timers(): Timers stopped.
DEBUG:btfxwss.connection:_on_message(): Received new message [351922,[21739078758,3639.4,0.02084633]] at 1548205005.8087034
DEBUG:btfxwss.connection:_data_handler(): Passing [351922, [21739078758, 3639.4, 0.02084633]] to client..
DEBUG:btfxwss.connection:_start_timers(): Resetting timers..
DEBUG:btfxwss.connection:_stop_timers(): Timers stopped.
DEBUG:btfxwss.queue_processor:_handle_raw_book: raw_book - [351922, [21739078758, 3639.4, 0.02084633]] - 1548205005.8087034
DEBUG:btfxwss.connection:_stop_timers(): Timers stopped.
DEBUG:btfxwss.connection:_on_message(): Received new message [118,[3637.5,0,1]] at 1548205005.8457403
DEBUG:btfxwss.connection:_data_handler(): Passing [118, [3637.5, 0, 1]] to client..
DEBUG:btfxwss.connection:_start_timers(): Resetting timers..
DEBUG:btfxwss.connection:_stop_timers(): Timers stopped.
DEBUG:btfxwss.queue_processor:_handle_book: book - [118, [3637.5, 0, 1]] - 1548205005.8457403
DEBUG:btfxwss.connection:_stop_timers(): Timers stopped.
DEBUG:btfxwss.queue_processor:ts: 1548205005.8457403	chan_id: 118	data: [[3637.5, 0, 1]]
DEBUG:btfxwss.connection:_on_message(): Received new message [118,[3635.9,1,0.06868037]] at 1548205005.8467374
DEBUG:btfxwss.connection:_data_handler(): Passing [118, [3635.9, 1, 0.06868037]] to client..
DEBUG:btfxwss.connection:_start_timers(): Resetting timers..
DEBUG:btfxwss.connection:_stop_timers(): Timers stopped.
DEBUG:btfxwss.queue_processor:_handle_book: book - [118, [3635.9, 1, 0.06868037]] - 1548205005.8467374
DEBUG:btfxwss.queue_processor:ts: 1548205005.8467374	chan_id: 118	data: [[3635.9, 1, 0.06868037]]
DEBUG:btfxwss.connection:_stop_timers(): Timers stopped.
DEBUG:btfxwss.connection:_on_message(): Received new message [118,[3639.6,1,0.037]] at 1548205005.907014
DEBUG:btfxwss.connection:_data_handler(): Passing [118, [3639.6, 1, 0.037]] to client..
DEBUG:btfxwss.connection:_start_timers(): Resetting timers..
DEBUG:btfxwss.connection:_stop_timers(): Timers stopped.
DEBUG:btfxwss.queue_processor:_handle_book: book - [118, [3639.6, 1, 0.037]] - 1548205005.907014
DEBUG:btfxwss.queue_processor:ts: 1548205005.907014	chan_id: 118	data: [[3639.6, 1, 0.037]]
DEBUG:btfxwss.connection:_stop_timers(): Timers stopped.
DEBUG:btfxwss.connection:_on_message(): Received new message [351922,[21739078384,0,1]] at 1548205005.930838
DEBUG:btfxwss.connection:_data_handler(): Passing [351922, [21739078384, 0, 1]] to client..
DEBUG:btfxwss.connection:_start_timers(): Resetting timers..
DEBUG:btfxwss.connection:_stop_timers(): Timers stopped.
DEBUG:btfxwss.queue_processor:_handle_raw_book: raw_book - [351922, [21739078384, 0, 1]] - 1548205005.930838
DEBUG:btfxwss.connection:_stop_timers(): Timers stopped.
DEBUG:btfxwss.connection:_on_message(): Received new message [351922,[21739070975,3638.4,0.47812344]] at 1548205005.9318454
DEBUG:btfxwss.connection:_data_handler(): Passing [351922, [21739070975, 3638.4, 0.47812344]] to client..
DEBUG:btfxwss.connection:_start_timers(): Resetting timers..
DEBUG:btfxwss.connection:_stop_timers(): Timers stopped.
DEBUG:btfxwss.queue_processor:_handle_raw_book: raw_book - [351922, [21739070975, 3638.4, 0.47812344]] - 1548205005.9318454
DEBUG:btfxwss.connection:_stop_timers(): Timers stopped.
DEBUG:btfxwss.connection:_on_message(): Received new message [118,[3639.4,0,1]] at 1548205005.9539337
DEBUG:btfxwss.connection:_data_handler(): Passing [118, [3639.4, 0, 1]] to client..
DEBUG:btfxwss.connection:_start_timers(): Resetting timers..
DEBUG:btfxwss.connection:_stop_timers(): Timers stopped.
DEBUG:btfxwss.queue_processor:_handle_book: book - [118, [3639.4, 0, 1]] - 1548205005.9539337
DEBUG:btfxwss.queue_processor:ts: 1548205005.9539337	chan_id: 118	data: [[3639.4, 0, 1]]
DEBUG:btfxwss.connection:_stop_timers(): Timers stopped.
DEBUG:btfxwss.connection:_on_message(): Received new message [118,[3635.8,1,0.81526856]] at 1548205005.9553838
DEBUG:btfxwss.connection:_data_handler(): Passing [118, [3635.8, 1, 0.81526856]] to client..
DEBUG:btfxwss.connection:_start_timers(): Resetting timers..
DEBUG:btfxwss.connection:_stop_timers(): Timers stopped.
DEBUG:btfxwss.queue_processor:_handle_book: book - [118, [3635.8, 1, 0.81526856]] - 1548205005.9553838
DEBUG:btfxwss.queue_processor:ts: 1548205005.9553838	chan_id: 118	data: [[3635.8, 1, 0.81526856]]
DEBUG:btfxwss.connection:_stop_timers(): Timers stopped.
DEBUG:btfxwss.connection:_on_message(): Received new message [351922,[21739078758,0,1]] at 1548205005.956383
DEBUG:btfxwss.connection:_data_handler(): Passing [351922, [21739078758, 0, 1]] to client..
DEBUG:btfxwss.connection:_start_timers(): Resetting timers..
DEBUG:btfxwss.connection:_stop_timers(): Timers stopped.
DEBUG:btfxwss.queue_processor:_handle_raw_book: raw_book - [351922, [21739078758, 0, 1]] - 1548205005.956383
DEBUG:btfxwss.connection:_stop_timers(): Timers stopped.
DEBUG:btfxwss.connection:_on_message(): Received new message [351922,[21738966685,3638.3,0.8816264]] at 1548205005.9573834
DEBUG:btfxwss.connection:_data_handler(): Passing [351922, [21738966685, 3638.3, 0.8816264]] to client..
DEBUG:btfxwss.connection:_start_timers(): Resetting timers..
DEBUG:btfxwss.connection:_stop_timers(): Timers stopped.
DEBUG:btfxwss.queue_processor:_handle_raw_book: raw_book - [351922, [21738966685, 3638.3, 0.8816264]] - 1548205005.9573834
DEBUG:btfxwss.connection:_stop_timers(): Timers stopped.
DEBUG:btfxwss.connection:_on_message(): Received new message [118,[3635.8,0,1]] at 1548205006.081384
DEBUG:btfxwss.connection:_data_handler(): Passing [118, [3635.8, 0, 1]] to client..
DEBUG:btfxwss.connection:_start_timers(): Resetting timers..
DEBUG:btfxwss.connection:_stop_timers(): Timers stopped.
DEBUG:btfxwss.queue_processor:_handle_book: book - [118, [3635.8, 0, 1]] - 1548205006.081384
DEBUG:btfxwss.queue_processor:ts: 1548205006.081384	chan_id: 118	data: [[3635.8, 0, 1]]
DEBUG:btfxwss.connection:_stop_timers(): Timers stopped.
DEBUG:btfxwss.connection:_on_message(): Received new message [118,[3637.5,1,0.39044304]] at 1548205006.0823843
DEBUG:btfxwss.connection:_data_handler(): Passing [118, [3637.5, 1, 0.39044304]] to client..
DEBUG:btfxwss.connection:_start_timers(): Resetting timers..
DEBUG:btfxwss.queue_processor:_handle_book: book - [118, [3637.5, 1, 0.39044304]] - 1548205006.0823843
DEBUG:btfxwss.connection:_stop_timers(): Timers stopped.
DEBUG:btfxwss.queue_processor:ts: 1548205006.0823843	chan_id: 118	data: [[3637.5, 1, 0.39044304]]
DEBUG:btfxwss.connection:_stop_timers(): Timers stopped.
DEBUG:btfxwss.connection:_on_message(): Received new message [351922,[21738966685,0,1]] at 1548205006.0836222
DEBUG:btfxwss.connection:_data_handler(): Passing [351922, [21738966685, 0, 1]] to client..
DEBUG:btfxwss.connection:_start_timers(): Resetting timers..
DEBUG:btfxwss.connection:_stop_timers(): Timers stopped.
DEBUG:btfxwss.queue_processor:_handle_raw_book: raw_book - [351922, [21738966685, 0, 1]] - 1548205006.0836222
DEBUG:btfxwss.connection:_stop_timers(): Timers stopped.
DEBUG:btfxwss.connection:_on_message(): Received new message [351922,[21739078868,3639.9,0.01389754]] at 1548205006.0841227
DEBUG:btfxwss.connection:_data_handler(): Passing [351922, [21739078868, 3639.9, 0.01389754]] to client..
DEBUG:btfxwss.connection:_start_timers(): Resetting timers..
DEBUG:btfxwss.connection:_stop_timers(): Timers stopped.
DEBUG:btfxwss.queue_processor:_handle_raw_book: raw_book - [351922, [21739078868, 3639.9, 0.01389754]] - 1548205006.0841227
DEBUG:btfxwss.connection:_stop_timers(): Timers stopped.
DEBUG:btfxwss.connection:_on_message(): Received new message [118,[3639.9,2,3.51389754]] at 1548205006.09889
DEBUG:btfxwss.connection:_data_handler(): Passing [118, [3639.9, 2, 3.51389754]] to client..
DEBUG:btfxwss.connection:_start_timers(): Resetting timers..
DEBUG:btfxwss.connection:_stop_timers(): Timers stopped.
DEBUG:btfxwss.queue_processor:_handle_book: book - [118, [3639.9, 2, 3.51389754]] - 1548205006.09889
DEBUG:btfxwss.queue_processor:ts: 1548205006.09889	chan_id: 118	data: [[3639.9, 2, 3.51389754]]
DEBUG:btfxwss.connection:_stop_timers(): Timers stopped.
DEBUG:btfxwss.connection:_on_message(): Received new message [351922,[21739070975,0,1]] at 1548205006.1324964
DEBUG:btfxwss.connection:_data_handler(): Passing [351922, [21739070975, 0, 1]] to client..
DEBUG:btfxwss.connection:_start_timers(): Resetting timers..
DEBUG:btfxwss.connection:_stop_timers(): Timers stopped.
DEBUG:btfxwss.queue_processor:_handle_raw_book: raw_book - [351922, [21739070975, 0, 1]] - 1548205006.1324964
DEBUG:btfxwss.connection:_stop_timers(): Timers stopped.
DEBUG:btfxwss.connection:_on_message(): Received new message [351922,[21739078885,3639.2,0.02084617]] at 1548205006.1339154
DEBUG:btfxwss.connection:_data_handler(): Passing [351922, [21739078885, 3639.2, 0.02084617]] to client..
DEBUG:btfxwss.connection:_start_timers(): Resetting timers..
DEBUG:btfxwss.connection:_stop_timers(): Timers stopped.
DEBUG:btfxwss.queue_processor:_handle_raw_book: raw_book - [351922, [21739078885, 3639.2, 0.02084617]] - 1548205006.1339154
DEBUG:btfxwss.connection:_stop_timers(): Timers stopped.
DEBUG:btfxwss.connection:_on_message(): Received new message [118,[3637.5,0,1]] at 1548205006.1509037
DEBUG:btfxwss.connection:_data_handler(): Passing [118, [3637.5, 0, 1]] to client..
DEBUG:btfxwss.connection:_start_timers(): Resetting timers..
DEBUG:btfxwss.connection:_stop_timers(): Timers stopped.
DEBUG:btfxwss.queue_processor:_handle_book: book - [118, [3637.5, 0, 1]] - 1548205006.1509037
DEBUG:btfxwss.queue_processor:ts: 1548205006.1509037	chan_id: 118	data: [[3637.5, 0, 1]]
DEBUG:btfxwss.connection:_stop_timers(): Timers stopped.
DEBUG:btfxwss.connection:_on_message(): Received new message [118,[3639.2,1,0.02084617]] at 1548205006.1519325
DEBUG:btfxwss.connection:_data_handler(): Passing [118, [3639.2, 1, 0.02084617]] to client..
DEBUG:btfxwss.connection:_start_timers(): Resetting timers..
DEBUG:btfxwss.connection:_stop_timers(): Timers stopped.
DEBUG:btfxwss.queue_processor:_handle_book: book - [118, [3639.2, 1, 0.02084617]] - 1548205006.1519325
DEBUG:btfxwss.queue_processor:ts: 1548205006.1519325	chan_id: 118	data: [[3639.2, 1, 0.02084617]]
DEBUG:btfxwss.connection:_stop_timers(): Timers stopped.
DEBUG:btfxwss.connection:_on_message(): Received new message [351922,[21739078868,0,1]] at 1548205006.2545044
DEBUG:btfxwss.connection:_data_handler(): Passing [351922, [21739078868, 0, 1]] to client..
DEBUG:btfxwss.connection:_start_timers(): Resetting timers..
DEBUG:btfxwss.connection:_stop_timers(): Timers stopped.
DEBUG:btfxwss.queue_processor:_handle_raw_book: raw_book - [351922, [21739078868, 0, 1]] - 1548205006.2545044
DEBUG:btfxwss.connection:_stop_timers(): Timers stopped.
DEBUG:btfxwss.connection:_on_message(): Received new message [351922,[21739078885,0,1]] at 1548205006.2555046
DEBUG:btfxwss.connection:_data_handler(): Passing [351922, [21739078885, 0, 1]] to client..
DEBUG:btfxwss.connection:_start_timers(): Resetting timers..
DEBUG:btfxwss.connection:_stop_timers(): Timers stopped.
DEBUG:btfxwss.queue_processor:_handle_raw_book: raw_book - [351922, [21739078885, 0, 1]] - 1548205006.2555046
DEBUG:btfxwss.connection:_stop_timers(): Timers stopped.
DEBUG:btfxwss.connection:_on_message(): Received new message [351922,[21739070975,3638.4,0.47812344]] at 1548205006.2570155
DEBUG:btfxwss.connection:_data_handler(): Passing [351922, [21739070975, 3638.4, 0.47812344]] to client..
DEBUG:btfxwss.connection:_start_timers(): Resetting timers..
DEBUG:btfxwss.connection:_stop_timers(): Timers stopped.
DEBUG:btfxwss.queue_processor:_handle_raw_book: raw_book - [351922, [21739070975, 3638.4, 0.47812344]] - 1548205006.2570155
DEBUG:btfxwss.connection:_stop_timers(): Timers stopped.
DEBUG:btfxwss.connection:_on_message(): Received new message [351922,[21738966685,3638.3,0.8816264]] at 1548205006.2580075
DEBUG:btfxwss.connection:_data_handler(): Passing [351922, [21738966685, 3638.3, 0.8816264]] to client..
DEBUG:btfxwss.connection:_start_timers(): Resetting timers..
DEBUG:btfxwss.connection:_stop_timers(): Timers stopped.
DEBUG:btfxwss.queue_processor:_handle_raw_book: raw_book - [351922, [21738966685, 3638.3, 0.8816264]] - 1548205006.2580075
DEBUG:btfxwss.connection:_stop_timers(): Timers stopped.
DEBUG:btfxwss.connection:_on_message(): Received new message [118,[3639.2,0,1]] at 1548205006.277532
DEBUG:btfxwss.connection:_data_handler(): Passing [118, [3639.2, 0, 1]] to client..
DEBUG:btfxwss.connection:_start_timers(): Resetting timers..
DEBUG:btfxwss.connection:_stop_timers(): Timers stopped.
DEBUG:btfxwss.queue_processor:_handle_book: book - [118, [3639.2, 0, 1]] - 1548205006.277532
DEBUG:btfxwss.connection:_stop_timers(): Timers stopped.
DEBUG:btfxwss.queue_processor:ts: 1548205006.277532	chan_id: 118	data: [[3639.2, 0, 1]]
DEBUG:btfxwss.connection:_on_message(): Received new message [118,[3639.9,1,3.5]] at 1548205006.2790275
DEBUG:btfxwss.connection:_data_handler(): Passing [118, [3639.9, 1, 3.5]] to client..
DEBUG:btfxwss.connection:_start_timers(): Resetting timers..
DEBUG:btfxwss.connection:_stop_timers(): Timers stopped.
DEBUG:btfxwss.queue_processor:_handle_book: book - [118, [3639.9, 1, 3.5]] - 1548205006.2790275
DEBUG:btfxwss.connection:_stop_timers(): Timers stopped.
DEBUG:btfxwss.queue_processor:ts: 1548205006.2790275	chan_id: 118	data: [[3639.9, 1, 3.5]]
DEBUG:btfxwss.connection:_on_message(): Received new message [118,[3635.8,1,0.81526856]] at 1548205006.280028
DEBUG:btfxwss.connection:_data_handler(): Passing [118, [3635.8, 1, 0.81526856]] to client..
DEBUG:btfxwss.connection:_start_timers(): Resetting timers..
DEBUG:btfxwss.connection:_stop_timers(): Timers stopped.
DEBUG:btfxwss.queue_processor:_handle_book: book - [118, [3635.8, 1, 0.81526856]] - 1548205006.280028
DEBUG:btfxwss.queue_processor:ts: 1548205006.280028	chan_id: 118	data: [[3635.8, 1, 0.81526856]]
DEBUG:btfxwss.connection:_stop_timers(): Timers stopped.
DEBUG:btfxwss.connection:_on_message(): Received new message [118,[3635.8,0,1]] at 1548205006.3215823
DEBUG:btfxwss.connection:_data_handler(): Passing [118, [3635.8, 0, 1]] to client..
DEBUG:btfxwss.connection:_start_timers(): Resetting timers..
DEBUG:btfxwss.connection:_stop_timers(): Timers stopped.
DEBUG:btfxwss.queue_processor:_handle_book: book - [118, [3635.8, 0, 1]] - 1548205006.3215823
DEBUG:btfxwss.queue_processor:ts: 1548205006.3215823	chan_id: 118	data: [[3635.8, 0, 1]]
DEBUG:btfxwss.connection:_stop_timers(): Timers stopped.
DEBUG:btfxwss.connection:_on_message(): Received new message [118,[3637.5,1,0.39044304]] at 1548205006.3230698
DEBUG:btfxwss.connection:_data_handler(): Passing [118, [3637.5, 1, 0.39044304]] to client..
DEBUG:btfxwss.connection:_start_timers(): Resetting timers..
DEBUG:btfxwss.connection:_stop_timers(): Timers stopped.
DEBUG:btfxwss.queue_processor:_handle_book: book - [118, [3637.5, 1, 0.39044304]] - 1548205006.3230698
DEBUG:btfxwss.queue_processor:ts: 1548205006.3230698	chan_id: 118	data: [[3637.5, 1, 0.39044304]]
DEBUG:btfxwss.connection:_stop_timers(): Timers stopped.
DEBUG:btfxwss.connection:_on_message(): Received new message [118,[3638.4,0,1]] at 1548205006.405149
DEBUG:btfxwss.connection:_data_handler(): Passing [118, [3638.4, 0, 1]] to client..
DEBUG:btfxwss.connection:_start_timers(): Resetting timers..
DEBUG:btfxwss.connection:_stop_timers(): Timers stopped.
DEBUG:btfxwss.queue_processor:_handle_book: book - [118, [3638.4, 0, 1]] - 1548205006.405149
DEBUG:btfxwss.queue_processor:ts: 1548205006.405149	chan_id: 118	data: [[3638.4, 0, 1]]
DEBUG:btfxwss.connection:_stop_timers(): Timers stopped.
DEBUG:btfxwss.connection:_on_message(): Received new message [118,[3635.8,1,0.81526856]] at 1548205006.4066498
DEBUG:btfxwss.connection:_data_handler(): Passing [118, [3635.8, 1, 0.81526856]] to client..
DEBUG:btfxwss.connection:_start_timers(): Resetting timers..
DEBUG:btfxwss.connection:_stop_timers(): Timers stopped.
DEBUG:btfxwss.queue_processor:_handle_book: book - [118, [3635.8, 1, 0.81526856]] - 1548205006.4066498
DEBUG:btfxwss.queue_processor:ts: 1548205006.4066498	chan_id: 118	data: [[3635.8, 1, 0.81526856]]
DEBUG:btfxwss.connection:_stop_timers(): Timers stopped.
DEBUG:btfxwss.connection:_on_message(): Received new message [351922,[21739070975,0,1]] at 1548205006.4076512
DEBUG:btfxwss.connection:_data_handler(): Passing [351922, [21739070975, 0, 1]] to client..
DEBUG:btfxwss.connection:_start_timers(): Resetting timers..
DEBUG:btfxwss.connection:_stop_timers(): Timers stopped.
DEBUG:btfxwss.queue_processor:_handle_raw_book: raw_book - [351922, [21739070975, 0, 1]] - 1548205006.4076512
DEBUG:btfxwss.connection:_stop_timers(): Timers stopped.
DEBUG:btfxwss.connection:_on_message(): Received new message [351922,[21738928117,3638,3.5]] at 1548205006.4081523
DEBUG:btfxwss.connection:_data_handler(): Passing [351922, [21738928117, 3638, 3.5]] to client..
DEBUG:btfxwss.connection:_start_timers(): Resetting timers..
DEBUG:btfxwss.connection:_stop_timers(): Timers stopped.
DEBUG:btfxwss.queue_processor:_handle_raw_book: raw_book - [351922, [21738928117, 3638, 3.5]] - 1548205006.4081523
DEBUG:btfxwss.connection:_stop_timers(): Timers stopped.
DEBUG:btfxwss.connection:_on_message(): Received new message [118,[3637.5,0,1]] at 1548205006.4447026
DEBUG:btfxwss.connection:_data_handler(): Passing [118, [3637.5, 0, 1]] to client..
DEBUG:btfxwss.connection:_start_timers(): Resetting timers..
DEBUG:btfxwss.connection:_stop_timers(): Timers stopped.
DEBUG:btfxwss.queue_processor:_handle_book: book - [118, [3637.5, 0, 1]] - 1548205006.4447026
DEBUG:btfxwss.connection:_stop_timers(): Timers stopped.
DEBUG:btfxwss.queue_processor:ts: 1548205006.4447026	chan_id: 118	data: [[3637.5, 0, 1]]
DEBUG:btfxwss.connection:_on_message(): Received new message [118,[3635.8,0,1]] at 1548205006.446193
DEBUG:btfxwss.connection:_data_handler(): Passing [118, [3635.8, 0, 1]] to client..
DEBUG:btfxwss.connection:_start_timers(): Resetting timers..
DEBUG:btfxwss.queue_processor:_handle_book: book - [118, [3635.8, 0, 1]] - 1548205006.446193
DEBUG:btfxwss.connection:_stop_timers(): Timers stopped.
DEBUG:btfxwss.queue_processor:ts: 1548205006.446193	chan_id: 118	data: [[3635.8, 0, 1]]
DEBUG:btfxwss.connection:_stop_timers(): Timers stopped.
DEBUG:btfxwss.connection:_on_message(): Received new message [118,[3637.1,1,0.39044304]] at 1548205006.447189
DEBUG:btfxwss.connection:_data_handler(): Passing [118, [3637.1, 1, 0.39044304]] to client..
DEBUG:btfxwss.connection:_start_timers(): Resetting timers..
DEBUG:btfxwss.connection:_stop_timers(): Timers stopped.
DEBUG:btfxwss.queue_processor:_handle_book: book - [118, [3637.1, 1, 0.39044304]] - 1548205006.447189
DEBUG:btfxwss.queue_processor:ts: 1548205006.447189	chan_id: 118	data: [[3637.1, 1, 0.39044304]]
DEBUG:btfxwss.connection:_stop_timers(): Timers stopped.
DEBUG:btfxwss.connection:_on_message(): Received new message [118,[3636.4,1,0.38772958]] at 1548205006.4476945
DEBUG:btfxwss.connection:_data_handler(): Passing [118, [3636.4, 1, 0.38772958]] to client..
DEBUG:btfxwss.connection:_start_timers(): Resetting timers..
DEBUG:btfxwss.queue_processor:_handle_book: book - [118, [3636.4, 1, 0.38772958]] - 1548205006.4476945
DEBUG:btfxwss.connection:_stop_timers(): Timers stopped.
DEBUG:btfxwss.queue_processor:ts: 1548205006.4476945	chan_id: 118	data: [[3636.4, 1, 0.38772958]]
DEBUG:btfxwss.connection:_stop_timers(): Timers stopped.
DEBUG:btfxwss.connection:_on_message(): Received new message [118,[3637.1,0,1]] at 1548205006.6263614
DEBUG:btfxwss.connection:_data_handler(): Passing [118, [3637.1, 0, 1]] to client..
DEBUG:btfxwss.connection:_start_timers(): Resetting timers..
DEBUG:btfxwss.queue_processor:_handle_book: book - [118, [3637.1, 0, 1]] - 1548205006.6263614
DEBUG:btfxwss.connection:_stop_timers(): Timers stopped.
DEBUG:btfxwss.queue_processor:ts: 1548205006.6263614	chan_id: 118	data: [[3637.1, 0, 1]]
DEBUG:btfxwss.connection:_stop_timers(): Timers stopped.
DEBUG:btfxwss.connection:_on_message(): Received new message [118,[3636.4,0,1]] at 1548205006.6278844
DEBUG:btfxwss.connection:_data_handler(): Passing [118, [3636.4, 0, 1]] to client..
DEBUG:btfxwss.connection:_start_timers(): Resetting timers..
DEBUG:btfxwss.connection:_stop_timers(): Timers stopped.
DEBUG:btfxwss.queue_processor:_handle_book: book - [118, [3636.4, 0, 1]] - 1548205006.6278844
DEBUG:btfxwss.queue_processor:ts: 1548205006.6278844	chan_id: 118	data: [[3636.4, 0, 1]]
DEBUG:btfxwss.connection:_stop_timers(): Timers stopped.
DEBUG:btfxwss.connection:_on_message(): Received new message [118,[3637.5,1,0.39044304]] at 1548205006.6288629
DEBUG:btfxwss.connection:_data_handler(): Passing [118, [3637.5, 1, 0.39044304]] to client..
DEBUG:btfxwss.connection:_start_timers(): Resetting timers..
DEBUG:btfxwss.connection:_stop_timers(): Timers stopped.
DEBUG:btfxwss.queue_processor:_handle_book: book - [118, [3637.5, 1, 0.39044304]] - 1548205006.6288629
DEBUG:btfxwss.queue_processor:ts: 1548205006.6288629	chan_id: 118	data: [[3637.5, 1, 0.39044304]]
DEBUG:btfxwss.connection:_stop_timers(): Timers stopped.
DEBUG:btfxwss.connection:_on_message(): Received new message [118,[3635.8,1,0.81526856]] at 1548205006.629364
DEBUG:btfxwss.connection:_data_handler(): Passing [118, [3635.8, 1, 0.81526856]] to client..
DEBUG:btfxwss.connection:_start_timers(): Resetting timers..
DEBUG:btfxwss.connection:_stop_timers(): Timers stopped.
DEBUG:btfxwss.queue_processor:_handle_book: book - [118, [3635.8, 1, 0.81526856]] - 1548205006.629364
DEBUG:btfxwss.queue_processor:ts: 1548205006.629364	chan_id: 118	data: [[3635.8, 1, 0.81526856]]
DEBUG:btfxwss.connection:_stop_timers(): Timers stopped.
DEBUG:btfxwss.connection:_on_message(): Received new message [118,[3637.5,0,1]] at 1548205006.630365
DEBUG:btfxwss.connection:_data_handler(): Passing [118, [3637.5, 0, 1]] to client..
DEBUG:btfxwss.connection:_start_timers(): Resetting timers..
DEBUG:btfxwss.connection:_stop_timers(): Timers stopped.
DEBUG:btfxwss.queue_processor:_handle_book: book - [118, [3637.5, 0, 1]] - 1548205006.630365
DEBUG:btfxwss.queue_processor:ts: 1548205006.630365	chan_id: 118	data: [[3637.5, 0, 1]]
DEBUG:btfxwss.connection:_stop_timers(): Timers stopped.
DEBUG:btfxwss.connection:_on_message(): Received new message [118,[3635.8,0,1]] at 1548205006.6308656
DEBUG:btfxwss.connection:_data_handler(): Passing [118, [3635.8, 0, 1]] to client..
DEBUG:btfxwss.connection:_start_timers(): Resetting timers..
DEBUG:btfxwss.connection:_stop_timers(): Timers stopped.
DEBUG:btfxwss.queue_processor:_handle_book: book - [118, [3635.8, 0, 1]] - 1548205006.6308656
DEBUG:btfxwss.queue_processor:ts: 1548205006.6308656	chan_id: 118	data: [[3635.8, 0, 1]]
DEBUG:btfxwss.connection:_stop_timers(): Timers stopped.
DEBUG:btfxwss.connection:_on_message(): Received new message [118,[3645.5,0,-1]] at 1548205006.6313658
DEBUG:btfxwss.connection:_data_handler(): Passing [118, [3645.5, 0, -1]] to client..
DEBUG:btfxwss.connection:_start_timers(): Resetting timers..
DEBUG:btfxwss.connection:_stop_timers(): Timers stopped.
DEBUG:btfxwss.queue_processor:_handle_book: book - [118, [3645.5, 0, -1]] - 1548205006.6313658
DEBUG:btfxwss.queue_processor:ts: 1548205006.6313658	chan_id: 118	data: [[3645.5, 0, -1]]
DEBUG:btfxwss.connection:_stop_timers(): Timers stopped.
DEBUG:btfxwss.connection:_on_message(): Received new message [118,[3637.1,1,0.39044304]] at 1548205006.632367
DEBUG:btfxwss.connection:_data_handler(): Passing [118, [3637.1, 1, 0.39044304]] to client..
DEBUG:btfxwss.connection:_start_timers(): Resetting timers..
DEBUG:btfxwss.connection:_stop_timers(): Timers stopped.
DEBUG:btfxwss.queue_processor:_handle_book: book - [118, [3637.1, 1, 0.39044304]] - 1548205006.632367
DEBUG:btfxwss.queue_processor:ts: 1548205006.632367	chan_id: 118	data: [[3637.1, 1, 0.39044304]]
DEBUG:btfxwss.connection:_stop_timers(): Timers stopped.
DEBUG:btfxwss.connection:_on_message(): Received new message [118,[3636.4,1,0.38772958]] at 1548205006.6328669
DEBUG:btfxwss.connection:_data_handler(): Passing [118, [3636.4, 1, 0.38772958]] to client..
DEBUG:btfxwss.connection:_start_timers(): Resetting timers..
DEBUG:btfxwss.connection:_stop_timers(): Timers stopped.
DEBUG:btfxwss.queue_processor:_handle_book: book - [118, [3636.4, 1, 0.38772958]] - 1548205006.6328669
DEBUG:btfxwss.queue_processor:ts: 1548205006.6328669	chan_id: 118	data: [[3636.4, 1, 0.38772958]]
DEBUG:btfxwss.connection:_stop_timers(): Timers stopped.
DEBUG:btfxwss.connection:_on_message(): Received new message [118,[3645.6,1,-0.75]] at 1548205006.633368
DEBUG:btfxwss.connection:_data_handler(): Passing [118, [3645.6, 1, -0.75]] to client..
DEBUG:btfxwss.connection:_start_timers(): Resetting timers..
DEBUG:btfxwss.connection:_stop_timers(): Timers stopped.
DEBUG:btfxwss.queue_processor:_handle_book: book - [118, [3645.6, 1, -0.75]] - 1548205006.633368
DEBUG:btfxwss.queue_processor:ts: 1548205006.633368	chan_id: 118	data: [[3645.6, 1, -0.75]]
DEBUG:btfxwss.connection:_stop_timers(): Timers stopped.
DEBUG:btfxwss.connection:_on_message(): Received new message [118,[3637.1,0,1]] at 1548205006.6338682
DEBUG:btfxwss.connection:_data_handler(): Passing [118, [3637.1, 0, 1]] to client..
DEBUG:btfxwss.connection:_start_timers(): Resetting timers..
DEBUG:btfxwss.connection:_stop_timers(): Timers stopped.
DEBUG:btfxwss.queue_processor:_handle_book: book - [118, [3637.1, 0, 1]] - 1548205006.6338682
DEBUG:btfxwss.queue_processor:ts: 1548205006.6338682	chan_id: 118	data: [[3637.1, 0, 1]]
DEBUG:btfxwss.connection:_stop_timers(): Timers stopped.
DEBUG:btfxwss.connection:_on_message(): Received new message [118,[3636.4,0,1]] at 1548205006.6343682
DEBUG:btfxwss.connection:_data_handler(): Passing [118, [3636.4, 0, 1]] to client..
DEBUG:btfxwss.connection:_start_timers(): Resetting timers..
DEBUG:btfxwss.connection:_stop_timers(): Timers stopped.
DEBUG:btfxwss.queue_processor:_handle_book: book - [118, [3636.4, 0, 1]] - 1548205006.6343682
DEBUG:btfxwss.queue_processor:ts: 1548205006.6343682	chan_id: 118	data: [[3636.4, 0, 1]]
DEBUG:btfxwss.connection:_stop_timers(): Timers stopped.
DEBUG:btfxwss.connection:_on_message(): Received new message [118,[3637.5,1,0.39044304]] at 1548205006.63537
DEBUG:btfxwss.connection:_data_handler(): Passing [118, [3637.5, 1, 0.39044304]] to client..
DEBUG:btfxwss.connection:_start_timers(): Resetting timers..
DEBUG:btfxwss.connection:_stop_timers(): Timers stopped.
DEBUG:btfxwss.queue_processor:_handle_book: book - [118, [3637.5, 1, 0.39044304]] - 1548205006.63537
DEBUG:btfxwss.queue_processor:ts: 1548205006.63537	chan_id: 118	data: [[3637.5, 1, 0.39044304]]
DEBUG:btfxwss.connection:_stop_timers(): Timers stopped.
DEBUG:btfxwss.connection:_on_message(): Received new message [118,[3635.8,1,0.81526856]] at 1548205006.6358702
DEBUG:btfxwss.connection:_data_handler(): Passing [118, [3635.8, 1, 0.81526856]] to client..
DEBUG:btfxwss.connection:_start_timers(): Resetting timers..
DEBUG:btfxwss.connection:_stop_timers(): Timers stopped.
DEBUG:btfxwss.queue_processor:_handle_book: book - [118, [3635.8, 1, 0.81526856]] - 1548205006.6358702
DEBUG:btfxwss.queue_processor:ts: 1548205006.6358702	chan_id: 118	data: [[3635.8, 1, 0.81526856]]
DEBUG:btfxwss.connection:_stop_timers(): Timers stopped.
DEBUG:btfxwss.connection:_on_message(): Received new message [118,[3637.5,0,1]] at 1548205006.6493826
DEBUG:btfxwss.connection:_data_handler(): Passing [118, [3637.5, 0, 1]] to client..
DEBUG:btfxwss.connection:_start_timers(): Resetting timers..
DEBUG:btfxwss.connection:_stop_timers(): Timers stopped.
DEBUG:btfxwss.queue_processor:_handle_book: book - [118, [3637.5, 0, 1]] - 1548205006.6493826
DEBUG:btfxwss.queue_processor:ts: 1548205006.6493826	chan_id: 118	data: [[3637.5, 0, 1]]
DEBUG:btfxwss.connection:_stop_timers(): Timers stopped.
DEBUG:btfxwss.connection:_on_message(): Received new message [118,[3635.8,0,1]] at 1548205006.6508913
DEBUG:btfxwss.connection:_data_handler(): Passing [118, [3635.8, 0, 1]] to client..
DEBUG:btfxwss.connection:_start_timers(): Resetting timers..
DEBUG:btfxwss.connection:_stop_timers(): Timers stopped.
DEBUG:btfxwss.queue_processor:_handle_book: book - [118, [3635.8, 0, 1]] - 1548205006.6508913
DEBUG:btfxwss.connection:_stop_timers(): Timers stopped.
DEBUG:btfxwss.queue_processor:ts: 1548205006.6508913	chan_id: 118	data: [[3635.8, 0, 1]]
DEBUG:btfxwss.connection:_on_message(): Received new message [118,[3637.1,1,0.39044304]] at 1548205006.6518857
DEBUG:btfxwss.connection:_data_handler(): Passing [118, [3637.1, 1, 0.39044304]] to client..
DEBUG:btfxwss.connection:_start_timers(): Resetting timers..
DEBUG:btfxwss.connection:_stop_timers(): Timers stopped.
DEBUG:btfxwss.queue_processor:_handle_book: book - [118, [3637.1, 1, 0.39044304]] - 1548205006.6518857
DEBUG:btfxwss.queue_processor:ts: 1548205006.6518857	chan_id: 118	data: [[3637.1, 1, 0.39044304]]
DEBUG:btfxwss.connection:_stop_timers(): Timers stopped.
DEBUG:btfxwss.connection:_on_message(): Received new message [118,[3636.4,1,0.38772958]] at 1548205006.652886
DEBUG:btfxwss.connection:_data_handler(): Passing [118, [3636.4, 1, 0.38772958]] to client..
DEBUG:btfxwss.connection:_start_timers(): Resetting timers..
DEBUG:btfxwss.connection:_stop_timers(): Timers stopped.
DEBUG:btfxwss.queue_processor:_handle_book: book - [118, [3636.4, 1, 0.38772958]] - 1548205006.652886
DEBUG:btfxwss.queue_processor:ts: 1548205006.652886	chan_id: 118	data: [[3636.4, 1, 0.38772958]]
DEBUG:btfxwss.connection:_stop_timers(): Timers stopped.
DEBUG:btfxwss.connection:_on_message(): Received new message [118,[3644,1,-3.5]] at 1548205006.6533866
DEBUG:btfxwss.connection:_data_handler(): Passing [118, [3644, 1, -3.5]] to client..
DEBUG:btfxwss.connection:_start_timers(): Resetting timers..
DEBUG:btfxwss.connection:_stop_timers(): Timers stopped.
DEBUG:btfxwss.queue_processor:_handle_book: book - [118, [3644, 1, -3.5]] - 1548205006.6533866
DEBUG:btfxwss.queue_processor:ts: 1548205006.6533866	chan_id: 118	data: [[3644, 1, -3.5]]
DEBUG:btfxwss.connection:_stop_timers(): Timers stopped.
DEBUG:btfxwss.connection:_on_message(): Received new message [351922,[21739075003,0,-1]] at 1548205006.660894
DEBUG:btfxwss.connection:_data_handler(): Passing [351922, [21739075003, 0, -1]] to client..
DEBUG:btfxwss.connection:_start_timers(): Resetting timers..
DEBUG:btfxwss.connection:_stop_timers(): Timers stopped.
DEBUG:btfxwss.queue_processor:_handle_raw_book: raw_book - [351922, [21739075003, 0, -1]] - 1548205006.660894
DEBUG:btfxwss.connection:_stop_timers(): Timers stopped.
DEBUG:btfxwss.connection:_on_message(): Received new message [351922,[21736629340,3645.217728,-0.004]] at 1548205006.6624029
DEBUG:btfxwss.connection:_data_handler(): Passing [351922, [21736629340, 3645.217728, -0.004]] to client..
DEBUG:btfxwss.connection:_start_timers(): Resetting timers..
DEBUG:btfxwss.connection:_stop_timers(): Timers stopped.
DEBUG:btfxwss.queue_processor:_handle_raw_book: raw_book - [351922, [21736629340, 3645.217728, -0.004]] - 1548205006.6624029
DEBUG:btfxwss.connection:_stop_timers(): Timers stopped.
DEBUG:btfxwss.connection:_on_message(): Received new message [118,[3637.1,0,1]] at 1548205006.8057194
DEBUG:btfxwss.connection:_data_handler(): Passing [118, [3637.1, 0, 1]] to client..
DEBUG:btfxwss.connection:_start_timers(): Resetting timers..
DEBUG:btfxwss.connection:_stop_timers(): Timers stopped.
DEBUG:btfxwss.queue_processor:_handle_book: book - [118, [3637.1, 0, 1]] - 1548205006.8057194
DEBUG:btfxwss.queue_processor:ts: 1548205006.8057194	chan_id: 118	data: [[3637.1, 0, 1]]
DEBUG:btfxwss.connection:_stop_timers(): Timers stopped.
DEBUG:btfxwss.connection:_on_message(): Received new message [118,[3636.4,0,1]] at 1548205006.8067195
DEBUG:btfxwss.connection:_data_handler(): Passing [118, [3636.4, 0, 1]] to client..
DEBUG:btfxwss.connection:_start_timers(): Resetting timers..
DEBUG:btfxwss.connection:_stop_timers(): Timers stopped.
DEBUG:btfxwss.queue_processor:_handle_book: book - [118, [3636.4, 0, 1]] - 1548205006.8067195
DEBUG:btfxwss.queue_processor:ts: 1548205006.8067195	chan_id: 118	data: [[3636.4, 0, 1]]
DEBUG:btfxwss.connection:_stop_timers(): Timers stopped.
DEBUG:btfxwss.connection:_on_message(): Received new message [118,[3647.2,0,-1]] at 1548205006.807724
DEBUG:btfxwss.connection:_data_handler(): Passing [118, [3647.2, 0, -1]] to client..
DEBUG:btfxwss.connection:_start_timers(): Resetting timers..
DEBUG:btfxwss.connection:_stop_timers(): Timers stopped.
DEBUG:btfxwss.queue_processor:_handle_book: book - [118, [3647.2, 0, -1]] - 1548205006.807724
DEBUG:btfxwss.queue_processor:ts: 1548205006.807724	chan_id: 118	data: [[3647.2, 0, -1]]
DEBUG:btfxwss.connection:_stop_timers(): Timers stopped.
DEBUG:btfxwss.connection:_on_message(): Received new message [118,[3637.5,1,0.39044304]] at 1548205006.8082204
DEBUG:btfxwss.connection:_data_handler(): Passing [118, [3637.5, 1, 0.39044304]] to client..
DEBUG:btfxwss.connection:_start_timers(): Resetting timers..
DEBUG:btfxwss.connection:_stop_timers(): Timers stopped.
DEBUG:btfxwss.queue_processor:_handle_book: book - [118, [3637.5, 1, 0.39044304]] - 1548205006.8082204
DEBUG:btfxwss.queue_processor:ts: 1548205006.8082204	chan_id: 118	data: [[3637.5, 1, 0.39044304]]
DEBUG:btfxwss.connection:_stop_timers(): Timers stopped.
DEBUG:btfxwss.connection:_on_message(): Received new message [118,[3635.8,1,0.81526856]] at 1548205006.8092217
DEBUG:btfxwss.connection:_data_handler(): Passing [118, [3635.8, 1, 0.81526856]] to client..
DEBUG:btfxwss.connection:_start_timers(): Resetting timers..
DEBUG:btfxwss.connection:_stop_timers(): Timers stopped.
DEBUG:btfxwss.queue_processor:_handle_book: book - [118, [3635.8, 1, 0.81526856]] - 1548205006.8092217
DEBUG:btfxwss.queue_processor:ts: 1548205006.8092217	chan_id: 118	data: [[3635.8, 1, 0.81526856]]
DEBUG:btfxwss.connection:_stop_timers(): Timers stopped.
DEBUG:btfxwss.connection:_on_message(): Received new message [118,[3644.4,1,-1]] at 1548205006.809722
DEBUG:btfxwss.connection:_data_handler(): Passing [118, [3644.4, 1, -1]] to client..
DEBUG:btfxwss.connection:_start_timers(): Resetting timers..
DEBUG:btfxwss.connection:_stop_timers(): Timers stopped.
DEBUG:btfxwss.queue_processor:_handle_book: book - [118, [3644.4, 1, -1]] - 1548205006.809722
DEBUG:btfxwss.queue_processor:ts: 1548205006.809722	chan_id: 118	data: [[3644.4, 1, -1]]
DEBUG:btfxwss.connection:_stop_timers(): Timers stopped.
DEBUG:btfxwss.connection:_on_message(): Received new message [351922,[21736629340,0,-1]] at 1548205006.8102224
DEBUG:btfxwss.connection:_data_handler(): Passing [351922, [21736629340, 0, -1]] to client..
DEBUG:btfxwss.connection:_start_timers(): Resetting timers..
DEBUG:btfxwss.connection:_stop_timers(): Timers stopped.
DEBUG:btfxwss.queue_processor:_handle_raw_book: raw_book - [351922, [21736629340, 0, -1]] - 1548205006.8102224
DEBUG:btfxwss.connection:_stop_timers(): Timers stopped.
DEBUG:btfxwss.connection:_on_message(): Received new message [351922,[21739079084,3644.4,-1]] at 1548205006.8107228
DEBUG:btfxwss.connection:_data_handler(): Passing [351922, [21739079084, 3644.4, -1]] to client..
DEBUG:btfxwss.connection:_start_timers(): Resetting timers..
DEBUG:btfxwss.connection:_stop_timers(): Timers stopped.
DEBUG:btfxwss.queue_processor:_handle_raw_book: raw_book - [351922, [21739079084, 3644.4, -1]] - 1548205006.8107228
DEBUG:btfxwss.connection:_stop_timers(): Timers stopped.
DEBUG:btfxwss.connection:_on_message(): Received new message [118,[3637.5,0,1]] at 1548205006.8117237
DEBUG:btfxwss.connection:_data_handler(): Passing [118, [3637.5, 0, 1]] to client..
DEBUG:btfxwss.connection:_start_timers(): Resetting timers..
DEBUG:btfxwss.connection:_stop_timers(): Timers stopped.
DEBUG:btfxwss.queue_processor:_handle_book: book - [118, [3637.5, 0, 1]] - 1548205006.8117237
DEBUG:btfxwss.queue_processor:ts: 1548205006.8117237	chan_id: 118	data: [[3637.5, 0, 1]]
DEBUG:btfxwss.connection:_stop_timers(): Timers stopped.
DEBUG:btfxwss.connection:_on_message(): Received new message [118,[3635.8,0,1]] at 1548205006.8122256
DEBUG:btfxwss.connection:_data_handler(): Passing [118, [3635.8, 0, 1]] to client..
DEBUG:btfxwss.connection:_start_timers(): Resetting timers..
DEBUG:btfxwss.connection:_stop_timers(): Timers stopped.
DEBUG:btfxwss.queue_processor:_handle_book: book - [118, [3635.8, 0, 1]] - 1548205006.8122256
DEBUG:btfxwss.queue_processor:ts: 1548205006.8122256	chan_id: 118	data: [[3635.8, 0, 1]]
DEBUG:btfxwss.connection:_stop_timers(): Timers stopped.
DEBUG:btfxwss.connection:_on_message(): Received new message [118,[3637.1,1,0.39044304]] at 1548205006.8132265
DEBUG:btfxwss.connection:_data_handler(): Passing [118, [3637.1, 1, 0.39044304]] to client..
DEBUG:btfxwss.connection:_start_timers(): Resetting timers..
DEBUG:btfxwss.connection:_stop_timers(): Timers stopped.
DEBUG:btfxwss.queue_processor:_handle_book: book - [118, [3637.1, 1, 0.39044304]] - 1548205006.8132265
DEBUG:btfxwss.queue_processor:ts: 1548205006.8132265	chan_id: 118	data: [[3637.1, 1, 0.39044304]]
DEBUG:btfxwss.connection:_stop_timers(): Timers stopped.
DEBUG:btfxwss.connection:_on_message(): Received new message [118,[3636.4,1,0.38772958]] at 1548205006.813727
DEBUG:btfxwss.connection:_data_handler(): Passing [118, [3636.4, 1, 0.38772958]] to client..
DEBUG:btfxwss.connection:_start_timers(): Resetting timers..
DEBUG:btfxwss.connection:_stop_timers(): Timers stopped.
DEBUG:btfxwss.queue_processor:_handle_book: book - [118, [3636.4, 1, 0.38772958]] - 1548205006.813727
DEBUG:btfxwss.queue_processor:ts: 1548205006.813727	chan_id: 118	data: [[3636.4, 1, 0.38772958]]
DEBUG:btfxwss.connection:_stop_timers(): Timers stopped.
DEBUG:btfxwss.connection:_on_message(): Received new message [118,[3637.1,0,1]] at 1548205006.8572686
DEBUG:btfxwss.connection:_data_handler(): Passing [118, [3637.1, 0, 1]] to client..
DEBUG:btfxwss.connection:_start_timers(): Resetting timers..
DEBUG:btfxwss.connection:_stop_timers(): Timers stopped.
DEBUG:btfxwss.queue_processor:_handle_book: book - [118, [3637.1, 0, 1]] - 1548205006.8572686
DEBUG:btfxwss.queue_processor:ts: 1548205006.8572686	chan_id: 118	data: [[3637.1, 0, 1]]
DEBUG:btfxwss.connection:_stop_timers(): Timers stopped.
DEBUG:btfxwss.connection:_on_message(): Received new message [118,[3635.8,1,0.81526856]] at 1548205006.8582697
DEBUG:btfxwss.connection:_data_handler(): Passing [118, [3635.8, 1, 0.81526856]] to client..
DEBUG:btfxwss.connection:_start_timers(): Resetting timers..
DEBUG:btfxwss.connection:_stop_timers(): Timers stopped.
DEBUG:btfxwss.queue_processor:_handle_book: book - [118, [3635.8, 1, 0.81526856]] - 1548205006.8582697
DEBUG:btfxwss.queue_processor:ts: 1548205006.8582697	chan_id: 118	data: [[3635.8, 1, 0.81526856]]
DEBUG:btfxwss.connection:_stop_timers(): Timers stopped.
DEBUG:btfxwss.connection:_on_message(): Received new message [118,[3635.9,0,1]] at 1548205006.9103281
DEBUG:btfxwss.connection:_data_handler(): Passing [118, [3635.9, 0, 1]] to client..
DEBUG:btfxwss.connection:_start_timers(): Resetting timers..
DEBUG:btfxwss.connection:_stop_timers(): Timers stopped.
DEBUG:btfxwss.queue_processor:_handle_book: book - [118, [3635.9, 0, 1]] - 1548205006.9103281
DEBUG:btfxwss.queue_processor:ts: 1548205006.9103281	chan_id: 118	data: [[3635.9, 0, 1]]
DEBUG:btfxwss.connection:_stop_timers(): Timers stopped.
DEBUG:btfxwss.connection:_on_message(): Received new message [118,[3635.8,0,1]] at 1548205006.9113207
DEBUG:btfxwss.connection:_data_handler(): Passing [118, [3635.8, 0, 1]] to client..
DEBUG:btfxwss.connection:_start_timers(): Resetting timers..
DEBUG:btfxwss.connection:_stop_timers(): Timers stopped.
DEBUG:btfxwss.queue_processor:_handle_book: book - [118, [3635.8, 0, 1]] - 1548205006.9113207
DEBUG:btfxwss.connection:_stop_timers(): Timers stopped.
DEBUG:btfxwss.queue_processor:ts: 1548205006.9113207	chan_id: 118	data: [[3635.8, 0, 1]]
DEBUG:btfxwss.connection:_on_message(): Received new message [118,[3639.4,1,0.47966491]] at 1548205006.9123216
DEBUG:btfxwss.connection:_data_handler(): Passing [118, [3639.4, 1, 0.47966491]] to client..
DEBUG:btfxwss.connection:_start_timers(): Resetting timers..
DEBUG:btfxwss.connection:_stop_timers(): Timers stopped.
DEBUG:btfxwss.queue_processor:_handle_book: book - [118, [3639.4, 1, 0.47966491]] - 1548205006.9123216
DEBUG:btfxwss.queue_processor:ts: 1548205006.9123216	chan_id: 118	data: [[3639.4, 1, 0.47966491]]
DEBUG:btfxwss.connection:_stop_timers(): Timers stopped.
DEBUG:btfxwss.connection:_on_message(): Received new message [118,[3637.1,1,0.39044304]] at 1548205006.9133234
DEBUG:btfxwss.connection:_data_handler(): Passing [118, [3637.1, 1, 0.39044304]] to client..
DEBUG:btfxwss.connection:_start_timers(): Resetting timers..
DEBUG:btfxwss.connection:_stop_timers(): Timers stopped.
DEBUG:btfxwss.queue_processor:_handle_book: book - [118, [3637.1, 1, 0.39044304]] - 1548205006.9133234
DEBUG:btfxwss.queue_processor:ts: 1548205006.9133234	chan_id: 118	data: [[3637.1, 1, 0.39044304]]
DEBUG:btfxwss.connection:_stop_timers(): Timers stopped.
DEBUG:btfxwss.connection:_on_message(): Received new message [351922,[21738928117,0,1]] at 1548205006.9143221
DEBUG:btfxwss.connection:_data_handler(): Passing [351922, [21738928117, 0, 1]] to client..
DEBUG:btfxwss.connection:_start_timers(): Resetting timers..
DEBUG:btfxwss.connection:_stop_timers(): Timers stopped.
DEBUG:btfxwss.queue_processor:_handle_raw_book: raw_book - [351922, [21738928117, 0, 1]] - 1548205006.9143221
DEBUG:btfxwss.connection:_stop_timers(): Timers stopped.
DEBUG:btfxwss.connection:_on_message(): Received new message [351922,[21739079182,3639.4,0.47966491]] at 1548205006.9148226
DEBUG:btfxwss.connection:_data_handler(): Passing [351922, [21739079182, 3639.4, 0.47966491]] to client..
DEBUG:btfxwss.connection:_start_timers(): Resetting timers..
DEBUG:btfxwss.connection:_stop_timers(): Timers stopped.
DEBUG:btfxwss.queue_processor:_handle_raw_book: raw_book - [351922, [21739079182, 3639.4, 0.47966491]] - 1548205006.9148226
DEBUG:btfxwss.connection:_stop_timers(): Timers stopped.
DEBUG:btfxwss.connection:_on_message(): Received new message [118,[3637.1,0,1]] at 1548205006.9573724
DEBUG:btfxwss.connection:_data_handler(): Passing [118, [3637.1, 0, 1]] to client..
DEBUG:btfxwss.connection:_start_timers(): Resetting timers..
DEBUG:btfxwss.connection:_stop_timers(): Timers stopped.
DEBUG:btfxwss.queue_processor:_handle_book: book - [118, [3637.1, 0, 1]] - 1548205006.9573724
DEBUG:btfxwss.queue_processor:ts: 1548205006.9573724	chan_id: 118	data: [[3637.1, 0, 1]]
DEBUG:btfxwss.connection:_stop_timers(): Timers stopped.
DEBUG:btfxwss.connection:_on_message(): Received new message [118,[3636.4,0,1]] at 1548205006.9583757
DEBUG:btfxwss.connection:_data_handler(): Passing [118, [3636.4, 0, 1]] to client..
DEBUG:btfxwss.connection:_start_timers(): Resetting timers..
DEBUG:btfxwss.connection:_stop_timers(): Timers stopped.
DEBUG:btfxwss.connection:_stop_timers(): Timers stopped.
DEBUG:btfxwss.queue_processor:_handle_book: book - [118, [3636.4, 0, 1]] - 1548205006.9583757
DEBUG:btfxwss.connection:_on_message(): Received new message [118,[3647,0,-1]] at 1548205006.958879
DEBUG:btfxwss.queue_processor:ts: 1548205006.9583757	chan_id: 118	data: [[3636.4, 0, 1]]
DEBUG:btfxwss.connection:_data_handler(): Passing [118, [3647, 0, -1]] to client..
DEBUG:btfxwss.connection:_start_timers(): Resetting timers..
DEBUG:btfxwss.connection:_stop_timers(): Timers stopped.
DEBUG:btfxwss.queue_processor:_handle_book: book - [118, [3647, 0, -1]] - 1548205006.958879
DEBUG:btfxwss.queue_processor:ts: 1548205006.958879	chan_id: 118	data: [[3647, 0, -1]]
DEBUG:btfxwss.connection:_stop_timers(): Timers stopped.
DEBUG:btfxwss.connection:_on_message(): Received new message [118,[3647.1,0,-1]] at 1548205006.9598794
DEBUG:btfxwss.connection:_data_handler(): Passing [118, [3647.1, 0, -1]] to client..
DEBUG:btfxwss.connection:_start_timers(): Resetting timers..
DEBUG:btfxwss.connection:_stop_timers(): Timers stopped.
DEBUG:btfxwss.queue_processor:_handle_book: book - [118, [3647.1, 0, -1]] - 1548205006.9598794
DEBUG:btfxwss.queue_processor:ts: 1548205006.9598794	chan_id: 118	data: [[3647.1, 0, -1]]
DEBUG:btfxwss.connection:_stop_timers(): Timers stopped.
DEBUG:btfxwss.connection:_on_message(): Received new message [118,[3635.9,1,0.06868037]] at 1548205006.9603786
DEBUG:btfxwss.connection:_data_handler(): Passing [118, [3635.9, 1, 0.06868037]] to client..
DEBUG:btfxwss.connection:_start_timers(): Resetting timers..
DEBUG:btfxwss.connection:_stop_timers(): Timers stopped.
DEBUG:btfxwss.queue_processor:_handle_book: book - [118, [3635.9, 1, 0.06868037]] - 1548205006.9603786
DEBUG:btfxwss.queue_processor:ts: 1548205006.9603786	chan_id: 118	data: [[3635.9, 1, 0.06868037]]
DEBUG:btfxwss.connection:_stop_timers(): Timers stopped.
DEBUG:btfxwss.connection:_on_message(): Received new message [118,[3635.8,1,0.81526856]] at 1548205006.9613812
DEBUG:btfxwss.connection:_data_handler(): Passing [118, [3635.8, 1, 0.81526856]] to client..
DEBUG:btfxwss.connection:_start_timers(): Resetting timers..
DEBUG:btfxwss.connection:_stop_timers(): Timers stopped.
DEBUG:btfxwss.queue_processor:_handle_book: book - [118, [3635.8, 1, 0.81526856]] - 1548205006.9613812
DEBUG:btfxwss.queue_processor:ts: 1548205006.9613812	chan_id: 118	data: [[3635.8, 1, 0.81526856]]
DEBUG:btfxwss.connection:_stop_timers(): Timers stopped.
DEBUG:btfxwss.connection:_on_message(): Received new message [118,[3643.3,1,-0.02084644]] at 1548205006.962391
DEBUG:btfxwss.connection:_data_handler(): Passing [118, [3643.3, 1, -0.02084644]] to client..
DEBUG:btfxwss.connection:_start_timers(): Resetting timers..
DEBUG:btfxwss.connection:_stop_timers(): Timers stopped.
DEBUG:btfxwss.queue_processor:_handle_book: book - [118, [3643.3, 1, -0.02084644]] - 1548205006.962391
DEBUG:btfxwss.queue_processor:ts: 1548205006.962391	chan_id: 118	data: [[3643.3, 1, -0.02084644]]
DEBUG:btfxwss.connection:_stop_timers(): Timers stopped.
DEBUG:btfxwss.connection:_on_message(): Received new message [118,[3644.5,1,-1]] at 1548205006.9628818
DEBUG:btfxwss.connection:_data_handler(): Passing [118, [3644.5, 1, -1]] to client..
DEBUG:btfxwss.connection:_start_timers(): Resetting timers..
DEBUG:btfxwss.connection:_stop_timers(): Timers stopped.
DEBUG:btfxwss.queue_processor:_handle_book: book - [118, [3644.5, 1, -1]] - 1548205006.9628818
DEBUG:btfxwss.queue_processor:ts: 1548205006.9628818	chan_id: 118	data: [[3644.5, 1, -1]]
DEBUG:btfxwss.connection:_stop_timers(): Timers stopped.
DEBUG:btfxwss.connection:_on_message(): Received new message [351922,[21738971116,0,-1]] at 1548205006.9633827
DEBUG:btfxwss.connection:_data_handler(): Passing [351922, [21738971116, 0, -1]] to client..
DEBUG:btfxwss.connection:_start_timers(): Resetting timers..
DEBUG:btfxwss.connection:_stop_timers(): Timers stopped.
DEBUG:btfxwss.queue_processor:_handle_raw_book: raw_book - [351922, [21738971116, 0, -1]] - 1548205006.9633827
DEBUG:btfxwss.connection:_stop_timers(): Timers stopped.
DEBUG:btfxwss.connection:_on_message(): Received new message [351922,[21678041613,0,-1]] at 1548205006.9643836
DEBUG:btfxwss.connection:_data_handler(): Passing [351922, [21678041613, 0, -1]] to client..
DEBUG:btfxwss.connection:_start_timers(): Resetting timers..
DEBUG:btfxwss.connection:_stop_timers(): Timers stopped.
DEBUG:btfxwss.queue_processor:_handle_raw_book: raw_book - [351922, [21678041613, 0, -1]] - 1548205006.9643836
DEBUG:btfxwss.connection:_stop_timers(): Timers stopped.
DEBUG:btfxwss.connection:_on_message(): Received new message [351922,[21739079203,3643.3,-0.02084644]] at 1548205006.9648838
DEBUG:btfxwss.connection:_data_handler(): Passing [351922, [21739079203, 3643.3, -0.02084644]] to client..
DEBUG:btfxwss.connection:_start_timers(): Resetting timers..
DEBUG:btfxwss.connection:_stop_timers(): Timers stopped.
DEBUG:btfxwss.queue_processor:_handle_raw_book: raw_book - [351922, [21739079203, 3643.3, -0.02084644]] - 1548205006.9648838
DEBUG:btfxwss.connection:_stop_timers(): Timers stopped.
DEBUG:btfxwss.connection:_on_message(): Received new message [351922,[21739079199,3644.5,-1]] at 1548205006.9658844
DEBUG:btfxwss.connection:_data_handler(): Passing [351922, [21739079199, 3644.5, -1]] to client..
DEBUG:btfxwss.connection:_start_timers(): Resetting timers..
DEBUG:btfxwss.connection:_stop_timers(): Timers stopped.
DEBUG:btfxwss.queue_processor:_handle_raw_book: raw_book - [351922, [21739079199, 3644.5, -1]] - 1548205006.9658844
DEBUG:btfxwss.connection:_stop_timers(): Timers stopped.
DEBUG:btfxwss.connection:_on_message(): Received new message [118,[3636.3,0,1]] at 1548205007.1185462
DEBUG:btfxwss.connection:_data_handler(): Passing [118, [3636.3, 0, 1]] to client..
DEBUG:btfxwss.connection:_start_timers(): Resetting timers..
DEBUG:btfxwss.connection:_stop_timers(): Timers stopped.
DEBUG:btfxwss.queue_processor:_handle_book: book - [118, [3636.3, 0, 1]] - 1548205007.1185462
DEBUG:btfxwss.queue_processor:ts: 1548205007.1185462	chan_id: 118	data: [[3636.3, 0, 1]]
DEBUG:btfxwss.connection:_stop_timers(): Timers stopped.
DEBUG:btfxwss.connection:_on_message(): Received new message [118,[3644.4,0,-1]] at 1548205007.1200411
DEBUG:btfxwss.connection:_data_handler(): Passing [118, [3644.4, 0, -1]] to client..
DEBUG:btfxwss.connection:_start_timers(): Resetting timers..
DEBUG:btfxwss.connection:_stop_timers(): Timers stopped.
DEBUG:btfxwss.queue_processor:_handle_book: book - [118, [3644.4, 0, -1]] - 1548205007.1200411
DEBUG:btfxwss.queue_processor:ts: 1548205007.1200411	chan_id: 118	data: [[3644.4, 0, -1]]
DEBUG:btfxwss.connection:_stop_timers(): Timers stopped.
DEBUG:btfxwss.connection:_on_message(): Received new message [118,[3644.5,0,-1]] at 1548205007.1205323
DEBUG:btfxwss.connection:_data_handler(): Passing [118, [3644.5, 0, -1]] to client..
DEBUG:btfxwss.connection:_start_timers(): Resetting timers..
DEBUG:btfxwss.connection:_stop_timers(): Timers stopped.
DEBUG:btfxwss.queue_processor:_handle_book: book - [118, [3644.5, 0, -1]] - 1548205007.1205323
DEBUG:btfxwss.queue_processor:ts: 1548205007.1205323	chan_id: 118	data: [[3644.5, 0, -1]]
DEBUG:btfxwss.connection:_stop_timers(): Timers stopped.
DEBUG:btfxwss.connection:_on_message(): Received new message [118,[3645.6,0,-1]] at 1548205007.1215339
DEBUG:btfxwss.connection:_data_handler(): Passing [118, [3645.6, 0, -1]] to client..
DEBUG:btfxwss.connection:_start_timers(): Resetting timers..
DEBUG:btfxwss.connection:_stop_timers(): Timers stopped.
DEBUG:btfxwss.queue_processor:_handle_book: book - [118, [3645.6, 0, -1]] - 1548205007.1215339
DEBUG:btfxwss.queue_processor:ts: 1548205007.1215339	chan_id: 118	data: [[3645.6, 0, -1]]
DEBUG:btfxwss.connection:_stop_timers(): Timers stopped.
DEBUG:btfxwss.connection:_on_message(): Received new message [118,[3635.3,1,2.4]] at 1548205007.1220338
DEBUG:btfxwss.connection:_data_handler(): Passing [118, [3635.3, 1, 2.4]] to client..
DEBUG:btfxwss.connection:_start_timers(): Resetting timers..
DEBUG:btfxwss.connection:_stop_timers(): Timers stopped.
DEBUG:btfxwss.queue_processor:_handle_book: book - [118, [3635.3, 1, 2.4]] - 1548205007.1220338
DEBUG:btfxwss.queue_processor:ts: 1548205007.1220338	chan_id: 118	data: [[3635.3, 1, 2.4]]
DEBUG:btfxwss.connection:_stop_timers(): Timers stopped.
DEBUG:btfxwss.connection:_on_message(): Received new message [118,[3647,1,-5.45454545]] at 1548205007.122535
DEBUG:btfxwss.connection:_data_handler(): Passing [118, [3647, 1, -5.45454545]] to client..
DEBUG:btfxwss.connection:_start_timers(): Resetting timers..
DEBUG:btfxwss.connection:_stop_timers(): Timers stopped.
DEBUG:btfxwss.queue_processor:_handle_book: book - [118, [3647, 1, -5.45454545]] - 1548205007.122535
DEBUG:btfxwss.queue_processor:ts: 1548205007.122535	chan_id: 118	data: [[3647, 1, -5.45454545]]
DEBUG:btfxwss.connection:_stop_timers(): Timers stopped.
DEBUG:btfxwss.connection:_on_message(): Received new message [118,[3647.1,2,-0.506]] at 1548205007.1230352
DEBUG:btfxwss.connection:_data_handler(): Passing [118, [3647.1, 2, -0.506]] to client..
DEBUG:btfxwss.connection:_start_timers(): Resetting timers..
DEBUG:btfxwss.connection:_stop_timers(): Timers stopped.
DEBUG:btfxwss.queue_processor:_handle_book: book - [118, [3647.1, 2, -0.506]] - 1548205007.1230352
DEBUG:btfxwss.queue_processor:ts: 1548205007.1230352	chan_id: 118	data: [[3647.1, 2, -0.506]]
DEBUG:btfxwss.connection:_stop_timers(): Timers stopped.
DEBUG:btfxwss.connection:_on_message(): Received new message [118,[3647.2,1,-5.45454545]] at 1548205007.124036
DEBUG:btfxwss.connection:_data_handler(): Passing [118, [3647.2, 1, -5.45454545]] to client..
DEBUG:btfxwss.connection:_start_timers(): Resetting timers..
DEBUG:btfxwss.connection:_stop_timers(): Timers stopped.
DEBUG:btfxwss.queue_processor:_handle_book: book - [118, [3647.2, 1, -5.45454545]] - 1548205007.124036
DEBUG:btfxwss.queue_processor:ts: 1548205007.124036	chan_id: 118	data: [[3647.2, 1, -5.45454545]]
DEBUG:btfxwss.connection:_stop_timers(): Timers stopped.
DEBUG:btfxwss.connection:_on_message(): Received new message [351922,[21739079084,0,-1]] at 1548205007.1245368
DEBUG:btfxwss.connection:_data_handler(): Passing [351922, [21739079084, 0, -1]] to client..
DEBUG:btfxwss.connection:_start_timers(): Resetting timers..
DEBUG:btfxwss.connection:_stop_timers(): Timers stopped.
DEBUG:btfxwss.queue_processor:_handle_raw_book: raw_book - [351922, [21739079084, 0, -1]] - 1548205007.1245368
DEBUG:btfxwss.connection:_stop_timers(): Timers stopped.
DEBUG:btfxwss.connection:_on_message(): Received new message [351922,[21739079199,0,-1]] at 1548205007.1250365
DEBUG:btfxwss.connection:_data_handler(): Passing [351922, [21739079199, 0, -1]] to client..
DEBUG:btfxwss.connection:_start_timers(): Resetting timers..
DEBUG:btfxwss.connection:_stop_timers(): Timers stopped.
DEBUG:btfxwss.queue_processor:_handle_raw_book: raw_book - [351922, [21739079199, 0, -1]] - 1548205007.1250365
DEBUG:btfxwss.connection:_stop_timers(): Timers stopped.
DEBUG:btfxwss.connection:_on_message(): Received new message [351922,[21738971116,3645,-0.2]] at 1548205007.1255376
DEBUG:btfxwss.connection:_data_handler(): Passing [351922, [21738971116, 3645, -0.2]] to client..
DEBUG:btfxwss.connection:_start_timers(): Resetting timers..
DEBUG:btfxwss.connection:_stop_timers(): Timers stopped.
DEBUG:btfxwss.queue_processor:_handle_raw_book: raw_book - [351922, [21738971116, 3645, -0.2]] - 1548205007.1255376
DEBUG:btfxwss.connection:_stop_timers(): Timers stopped.
DEBUG:btfxwss.connection:_on_message(): Received new message [351922,[21678041613,3645.071681709,-1.39773786]] at 1548205007.1265383
DEBUG:btfxwss.connection:_data_handler(): Passing [351922, [21678041613, 3645.071681709, -1.39773786]] to client..
DEBUG:btfxwss.connection:_start_timers(): Resetting timers..
DEBUG:btfxwss.connection:_stop_timers(): Timers stopped.
DEBUG:btfxwss.queue_processor:_handle_raw_book: raw_book - [351922, [21678041613, 3645.071681709, -1.39773786]] - 1548205007.1265383
DEBUG:btfxwss.connection:_stop_timers(): Timers stopped.
DEBUG:btfxwss.connection:_on_message(): Received new message [118,[3642.9,0,-1]] at 1548205007.1290417
DEBUG:btfxwss.connection:_data_handler(): Passing [118, [3642.9, 0, -1]] to client..
DEBUG:btfxwss.connection:_start_timers(): Resetting timers..
DEBUG:btfxwss.connection:_stop_timers(): Timers stopped.
DEBUG:btfxwss.queue_processor:_handle_book: book - [118, [3642.9, 0, -1]] - 1548205007.1290417
DEBUG:btfxwss.queue_processor:ts: 1548205007.1290417	chan_id: 118	data: [[3642.9, 0, -1]]
DEBUG:btfxwss.connection:_stop_timers(): Timers stopped.
DEBUG:btfxwss.connection:_on_message(): Received new message [118,[3647.3,3,-10.378122]] at 1548205007.130042
DEBUG:btfxwss.connection:_data_handler(): Passing [118, [3647.3, 3, -10.378122]] to client..
DEBUG:btfxwss.connection:_start_timers(): Resetting timers..
DEBUG:btfxwss.connection:_stop_timers(): Timers stopped.
DEBUG:btfxwss.queue_processor:_handle_book: book - [118, [3647.3, 3, -10.378122]] - 1548205007.130042
DEBUG:btfxwss.queue_processor:ts: 1548205007.130042	chan_id: 118	data: [[3647.3, 3, -10.378122]]
DEBUG:btfxwss.connection:_stop_timers(): Timers stopped.
DEBUG:btfxwss.connection:_on_message(): Received new message [351922,[21739078680,0,-1]] at 1548205007.1620772
DEBUG:btfxwss.connection:_data_handler(): Passing [351922, [21739078680, 0, -1]] to client..
DEBUG:btfxwss.connection:_start_timers(): Resetting timers..
DEBUG:btfxwss.connection:_stop_timers(): Timers stopped.
DEBUG:btfxwss.connection:_stop_timers(): Timers stopped.
DEBUG:btfxwss.queue_processor:_handle_raw_book: raw_book - [351922, [21739078680, 0, -1]] - 1548205007.1620772
DEBUG:btfxwss.connection:_on_message(): Received new message [351922,[21739079203,0,-1]] at 1548205007.1630733
DEBUG:btfxwss.connection:_data_handler(): Passing [351922, [21739079203, 0, -1]] to client..
DEBUG:btfxwss.connection:_start_timers(): Resetting timers..
DEBUG:btfxwss.connection:_stop_timers(): Timers stopped.
DEBUG:btfxwss.queue_processor:_handle_raw_book: raw_book - [351922, [21739079203, 0, -1]] - 1548205007.1630733
DEBUG:btfxwss.connection:_stop_timers(): Timers stopped.
DEBUG:btfxwss.connection:_on_message(): Received new message [351922,[21736629340,3645.217728,-0.004]] at 1548205007.1635735
DEBUG:btfxwss.connection:_data_handler(): Passing [351922, [21736629340, 3645.217728, -0.004]] to client..
DEBUG:btfxwss.connection:_start_timers(): Resetting timers..
DEBUG:btfxwss.connection:_stop_timers(): Timers stopped.
DEBUG:btfxwss.queue_processor:_handle_raw_book: raw_book - [351922, [21736629340, 3645.217728, -0.004]] - 1548205007.1635735
DEBUG:btfxwss.connection:_stop_timers(): Timers stopped.
DEBUG:btfxwss.connection:_on_message(): Received new message [351922,[21736617840,3645.639821564,-0.005]] at 1548205007.164074
DEBUG:btfxwss.connection:_data_handler(): Passing [351922, [21736617840, 3645.639821564, -0.005]] to client..
DEBUG:btfxwss.connection:_start_timers(): Resetting timers..
DEBUG:btfxwss.connection:_stop_timers(): Timers stopped.
DEBUG:btfxwss.queue_processor:_handle_raw_book: raw_book - [351922, [21736617840, 3645.639821564, -0.005]] - 1548205007.164074
DEBUG:btfxwss.connection:_stop_timers(): Timers stopped.
DEBUG:btfxwss.connection:_on_message(): Received new message [118,[3643.3,0,-1]] at 1548205007.1826088
DEBUG:btfxwss.connection:_data_handler(): Passing [118, [3643.3, 0, -1]] to client..
DEBUG:btfxwss.connection:_start_timers(): Resetting timers..
DEBUG:btfxwss.connection:_stop_timers(): Timers stopped.
DEBUG:btfxwss.queue_processor:_handle_book: book - [118, [3643.3, 0, -1]] - 1548205007.1826088
DEBUG:btfxwss.connection:_stop_timers(): Timers stopped.
DEBUG:btfxwss.queue_processor:ts: 1548205007.1826088	chan_id: 118	data: [[3643.3, 0, -1]]
DEBUG:btfxwss.connection:_on_message(): Received new message [118,[3647.4,1,-5.45454545]] at 1548205007.1835933
DEBUG:btfxwss.connection:_data_handler(): Passing [118, [3647.4, 1, -5.45454545]] to client..
DEBUG:btfxwss.connection:_start_timers(): Resetting timers..
DEBUG:btfxwss.connection:_stop_timers(): Timers stopped.
DEBUG:btfxwss.queue_processor:_handle_book: book - [118, [3647.4, 1, -5.45454545]] - 1548205007.1835933
DEBUG:btfxwss.queue_processor:ts: 1548205007.1835933	chan_id: 118	data: [[3647.4, 1, -5.45454545]]
DEBUG:btfxwss.connection:_stop_timers(): Timers stopped.
DEBUG:btfxwss.connection:_on_message(): Received new message [118,[3641.3,5,1.16663732]] at 1548205007.2311535
DEBUG:btfxwss.connection:_data_handler(): Passing [118, [3641.3, 5, 1.16663732]] to client..
DEBUG:btfxwss.connection:_start_timers(): Resetting timers..
DEBUG:btfxwss.connection:_stop_timers(): Timers stopped.
DEBUG:btfxwss.queue_processor:_handle_book: book - [118, [3641.3, 5, 1.16663732]] - 1548205007.2311535
DEBUG:btfxwss.queue_processor:ts: 1548205007.2311535	chan_id: 118	data: [[3641.3, 5, 1.16663732]]
DEBUG:btfxwss.connection:_stop_timers(): Timers stopped.
DEBUG:btfxwss.connection:_on_message(): Received new message [351922,[21738966685,0,1]] at 1548205007.2326405
DEBUG:btfxwss.connection:_data_handler(): Passing [351922, [21738966685, 0, 1]] to client..
DEBUG:btfxwss.connection:_start_timers(): Resetting timers..
DEBUG:btfxwss.connection:_stop_timers(): Timers stopped.
DEBUG:btfxwss.queue_processor:_handle_raw_book: raw_book - [351922, [21738966685, 0, 1]] - 1548205007.2326405
DEBUG:btfxwss.connection:_stop_timers(): Timers stopped.
DEBUG:btfxwss.connection:_on_message(): Received new message [351922,[21739079286,3641.3,0.12506244]] at 1548205007.2336411
DEBUG:btfxwss.connection:_data_handler(): Passing [351922, [21739079286, 3641.3, 0.12506244]] to client..
DEBUG:btfxwss.connection:_start_timers(): Resetting timers..
DEBUG:btfxwss.connection:_stop_timers(): Timers stopped.
DEBUG:btfxwss.queue_processor:_handle_raw_book: raw_book - [351922, [21739079286, 3641.3, 0.12506244]] - 1548205007.2336411
DEBUG:btfxwss.connection:_stop_timers(): Timers stopped.
DEBUG:btfxwss.connection:_on_message(): Received new message [118,[3635.3,0,1]] at 1548205007.287209
DEBUG:btfxwss.connection:_data_handler(): Passing [118, [3635.3, 0, 1]] to client..
DEBUG:btfxwss.connection:_start_timers(): Resetting timers..
DEBUG:btfxwss.connection:_stop_timers(): Timers stopped.
DEBUG:btfxwss.queue_processor:_handle_book: book - [118, [3635.3, 0, 1]] - 1548205007.287209
DEBUG:btfxwss.queue_processor:ts: 1548205007.287209	chan_id: 118	data: [[3635.3, 0, 1]]
DEBUG:btfxwss.connection:_stop_timers(): Timers stopped.
DEBUG:btfxwss.connection:_on_message(): Received new message [118,[3639.2,1,0.02084657]] at 1548205007.2886949
DEBUG:btfxwss.connection:_data_handler(): Passing [118, [3639.2, 1, 0.02084657]] to client..
DEBUG:btfxwss.connection:_start_timers(): Resetting timers..
DEBUG:btfxwss.connection:_stop_timers(): Timers stopped.
DEBUG:btfxwss.queue_processor:_handle_book: book - [118, [3639.2, 1, 0.02084657]] - 1548205007.2886949
DEBUG:btfxwss.queue_processor:ts: 1548205007.2886949	chan_id: 118	data: [[3639.2, 1, 0.02084657]]
DEBUG:btfxwss.connection:_stop_timers(): Timers stopped.
DEBUG:btfxwss.connection:_on_message(): Received new message [351922,[21738682296,0,1]] at 1548205007.2896955
DEBUG:btfxwss.connection:_data_handler(): Passing [351922, [21738682296, 0, 1]] to client..
DEBUG:btfxwss.connection:_start_timers(): Resetting timers..
DEBUG:btfxwss.connection:_stop_timers(): Timers stopped.
DEBUG:btfxwss.queue_processor:_handle_raw_book: raw_book - [351922, [21738682296, 0, 1]] - 1548205007.2896955
DEBUG:btfxwss.connection:_stop_timers(): Timers stopped.
DEBUG:btfxwss.connection:_on_message(): Received new message [351922,[21739079306,3639.2,0.02084657]] at 1548205007.290196
DEBUG:btfxwss.connection:_data_handler(): Passing [351922, [21739079306, 3639.2, 0.02084657]] to client..
DEBUG:btfxwss.connection:_start_timers(): Resetting timers..
DEBUG:btfxwss.connection:_stop_timers(): Timers stopped.
DEBUG:btfxwss.queue_processor:_handle_raw_book: raw_book - [351922, [21739079306, 3639.2, 0.02084657]] - 1548205007.290196
DEBUG:btfxwss.connection:_stop_timers(): Timers stopped.
DEBUG:btfxwss.connection:_on_message(): Received new message [118,[3635.8,0,1]] at 1548205007.4653802
DEBUG:btfxwss.connection:_data_handler(): Passing [118, [3635.8, 0, 1]] to client..
DEBUG:btfxwss.connection:_start_timers(): Resetting timers..
DEBUG:btfxwss.connection:_stop_timers(): Timers stopped.
DEBUG:btfxwss.queue_processor:_handle_book: book - [118, [3635.8, 0, 1]] - 1548205007.4653802
DEBUG:btfxwss.queue_processor:ts: 1548205007.4653802	chan_id: 118	data: [[3635.8, 0, 1]]
DEBUG:btfxwss.connection:_stop_timers(): Timers stopped.
DEBUG:btfxwss.connection:_on_message(): Received new message [118,[3636.4,1,0.75]] at 1548205007.466366
DEBUG:btfxwss.connection:_data_handler(): Passing [118, [3636.4, 1, 0.75]] to client..
DEBUG:btfxwss.connection:_start_timers(): Resetting timers..
DEBUG:btfxwss.connection:_stop_timers(): Timers stopped.
DEBUG:btfxwss.queue_processor:_handle_book: book - [118, [3636.4, 1, 0.75]] - 1548205007.466366
DEBUG:btfxwss.queue_processor:ts: 1548205007.466366	chan_id: 118	data: [[3636.4, 1, 0.75]]
DEBUG:btfxwss.connection:_stop_timers(): Timers stopped.
DEBUG:btfxwss.connection:_on_message(): Received new message [351922,[21739079306,0,1]] at 1548205007.6795835
DEBUG:btfxwss.connection:_data_handler(): Passing [351922, [21739079306, 0, 1]] to client..
DEBUG:btfxwss.connection:_start_timers(): Resetting timers..
DEBUG:btfxwss.connection:_stop_timers(): Timers stopped.
DEBUG:btfxwss.queue_processor:_handle_raw_book: raw_book - [351922, [21739079306, 0, 1]] - 1548205007.6795835
DEBUG:btfxwss.connection:_stop_timers(): Timers stopped.
DEBUG:btfxwss.connection:_on_message(): Received new message [351922,[21739079365,3639.8,0.01389766]] at 1548205007.6805718
DEBUG:btfxwss.connection:_data_handler(): Passing [351922, [21739079365, 3639.8, 0.01389766]] to client..
DEBUG:btfxwss.connection:_start_timers(): Resetting timers..
DEBUG:btfxwss.connection:_stop_timers(): Timers stopped.
DEBUG:btfxwss.queue_processor:_handle_raw_book: raw_book - [351922, [21739079365, 3639.8, 0.01389766]] - 1548205007.6805718
DEBUG:btfxwss.connection:_stop_timers(): Timers stopped.
DEBUG:btfxwss.connection:_on_message(): Received new message [118,[3639.2,0,1]] at 1548205007.6975865
DEBUG:btfxwss.connection:_data_handler(): Passing [118, [3639.2, 0, 1]] to client..
DEBUG:btfxwss.connection:_start_timers(): Resetting timers..
DEBUG:btfxwss.connection:_stop_timers(): Timers stopped.
DEBUG:btfxwss.queue_processor:_handle_book: book - [118, [3639.2, 0, 1]] - 1548205007.6975865
DEBUG:btfxwss.queue_processor:ts: 1548205007.6975865	chan_id: 118	data: [[3639.2, 0, 1]]
DEBUG:btfxwss.connection:_stop_timers(): Timers stopped.
DEBUG:btfxwss.connection:_on_message(): Received new message [118,[3639.8,1,0.01389766]] at 1548205007.6990886
DEBUG:btfxwss.connection:_data_handler(): Passing [118, [3639.8, 1, 0.01389766]] to client..
DEBUG:btfxwss.connection:_start_timers(): Resetting timers..
DEBUG:btfxwss.connection:_stop_timers(): Timers stopped.
DEBUG:btfxwss.queue_processor:_handle_book: book - [118, [3639.8, 1, 0.01389766]] - 1548205007.6990886
DEBUG:btfxwss.queue_processor:ts: 1548205007.6990886	chan_id: 118	data: [[3639.8, 1, 0.01389766]]
DEBUG:btfxwss.connection:_stop_timers(): Timers stopped.
DEBUG:btfxwss.connection:_on_message(): Received new message [118,[3639.8,0,1]] at 1548205007.78719
DEBUG:btfxwss.connection:_data_handler(): Passing [118, [3639.8, 0, 1]] to client..
DEBUG:btfxwss.connection:_start_timers(): Resetting timers..
DEBUG:btfxwss.connection:_stop_timers(): Timers stopped.
DEBUG:btfxwss.queue_processor:_handle_book: book - [118, [3639.8, 0, 1]] - 1548205007.78719
DEBUG:btfxwss.queue_processor:ts: 1548205007.78719	chan_id: 118	data: [[3639.8, 0, 1]]
DEBUG:btfxwss.connection:_stop_timers(): Timers stopped.
DEBUG:btfxwss.connection:_on_message(): Received new message [118,[3635.8,1,0.81526856]] at 1548205007.7886784
DEBUG:btfxwss.connection:_data_handler(): Passing [118, [3635.8, 1, 0.81526856]] to client..
DEBUG:btfxwss.connection:_start_timers(): Resetting timers..
DEBUG:btfxwss.connection:_stop_timers(): Timers stopped.
DEBUG:btfxwss.queue_processor:_handle_book: book - [118, [3635.8, 1, 0.81526856]] - 1548205007.7886784
DEBUG:btfxwss.queue_processor:ts: 1548205007.7886784	chan_id: 118	data: [[3635.8, 1, 0.81526856]]
DEBUG:btfxwss.connection:_stop_timers(): Timers stopped.
DEBUG:btfxwss.connection:_on_message(): Received new message [351922,[21739079365,0,1]] at 1548205007.8252232
DEBUG:btfxwss.connection:_data_handler(): Passing [351922, [21739079365, 0, 1]] to client..
DEBUG:btfxwss.connection:_start_timers(): Resetting timers..
DEBUG:btfxwss.connection:_stop_timers(): Timers stopped.
DEBUG:btfxwss.queue_processor:_handle_raw_book: raw_book - [351922, [21739079365, 0, 1]] - 1548205007.8252232
DEBUG:btfxwss.connection:_stop_timers(): Timers stopped.
DEBUG:btfxwss.connection:_on_message(): Received new message [351922,[21738682296,3638.6,1]] at 1548205007.8267145
DEBUG:btfxwss.connection:_data_handler(): Passing [351922, [21738682296, 3638.6, 1]] to client..
DEBUG:btfxwss.connection:_start_timers(): Resetting timers..
DEBUG:btfxwss.connection:_stop_timers(): Timers stopped.
DEBUG:btfxwss.queue_processor:_handle_raw_book: raw_book - [351922, [21738682296, 3638.6, 1]] - 1548205007.8267145
DEBUG:btfxwss.connection:_stop_timers(): Timers stopped.
DEBUG:btfxwss.connection:_on_message(): Received new message [118,[3641.4,3,-18.77620093]] at 1548205007.8482323
DEBUG:btfxwss.connection:_data_handler(): Passing [118, [3641.4, 3, -18.77620093]] to client..
DEBUG:btfxwss.connection:_start_timers(): Resetting timers..
DEBUG:btfxwss.connection:_stop_timers(): Timers stopped.
DEBUG:btfxwss.queue_processor:_handle_book: book - [118, [3641.4, 3, -18.77620093]] - 1548205007.8482323
DEBUG:btfxwss.queue_processor:ts: 1548205007.8482323	chan_id: 118	data: [[3641.4, 3, -18.77620093]]
DEBUG:btfxwss.connection:_stop_timers(): Timers stopped.
DEBUG:btfxwss.connection:_on_message(): Received new message [351922,[21736617840,0,-1]] at 1548205007.8677685
DEBUG:btfxwss.connection:_data_handler(): Passing [351922, [21736617840, 0, -1]] to client..
DEBUG:btfxwss.connection:_start_timers(): Resetting timers..
DEBUG:btfxwss.connection:_stop_timers(): Timers stopped.
DEBUG:btfxwss.queue_processor:_handle_raw_book: raw_book - [351922, [21736617840, 0, -1]] - 1548205007.8677685
DEBUG:btfxwss.connection:_stop_timers(): Timers stopped.
DEBUG:btfxwss.connection:_on_message(): Received new message [351922,[21739079431,3641.4,-0.436691]] at 1548205007.869258
DEBUG:btfxwss.connection:_data_handler(): Passing [351922, [21739079431, 3641.4, -0.436691]] to client..
DEBUG:btfxwss.connection:_start_timers(): Resetting timers..
DEBUG:btfxwss.connection:_stop_timers(): Timers stopped.
DEBUG:btfxwss.queue_processor:_handle_raw_book: raw_book - [351922, [21739079431, 3641.4, -0.436691]] - 1548205007.869258
DEBUG:btfxwss.connection:_stop_timers(): Timers stopped.
DEBUG:btfxwss.connection:_on_message(): Received new message [351922,[21738682296,0,1]] at 1548205008.0094025
DEBUG:btfxwss.connection:_data_handler(): Passing [351922, [21738682296, 0, 1]] to client..
DEBUG:btfxwss.connection:_start_timers(): Resetting timers..
DEBUG:btfxwss.connection:_stop_timers(): Timers stopped.
DEBUG:btfxwss.queue_processor:_handle_raw_book: raw_book - [351922, [21738682296, 0, 1]] - 1548205008.0094025
DEBUG:btfxwss.connection:_stop_timers(): Timers stopped.
DEBUG:btfxwss.connection:_on_message(): Received new message [351922,[21736629340,0,-1]] at 1548205008.0103877
DEBUG:btfxwss.connection:_data_handler(): Passing [351922, [21736629340, 0, -1]] to client..
DEBUG:btfxwss.connection:_start_timers(): Resetting timers..
DEBUG:btfxwss.connection:_stop_timers(): Timers stopped.
DEBUG:btfxwss.queue_processor:_handle_raw_book: raw_book - [351922, [21736629340, 0, -1]] - 1548205008.0103877
DEBUG:btfxwss.connection:_stop_timers(): Timers stopped.
DEBUG:btfxwss.connection:_on_message(): Received new message [351922,[21739079475,3639.8,0.01389785]] at 1548205008.0108888
DEBUG:btfxwss.connection:_data_handler(): Passing [351922, [21739079475, 3639.8, 0.01389785]] to client..
DEBUG:btfxwss.connection:_start_timers(): Resetting timers..
DEBUG:btfxwss.queue_processor:_handle_raw_book: raw_book - [351922, [21739079475, 3639.8, 0.01389785]] - 1548205008.0108888
DEBUG:btfxwss.connection:_stop_timers(): Timers stopped.
DEBUG:btfxwss.connection:_stop_timers(): Timers stopped.
DEBUG:btfxwss.connection:_on_message(): Received new message [351922,[21739079476,3643.2,-0.0208468]] at 1548205008.0118892
DEBUG:btfxwss.connection:_data_handler(): Passing [351922, [21739079476, 3643.2, -0.0208468]] to client..
DEBUG:btfxwss.connection:_start_timers(): Resetting timers..
DEBUG:btfxwss.connection:_stop_timers(): Timers stopped.
DEBUG:btfxwss.queue_processor:_handle_raw_book: raw_book - [351922, [21739079476, 3643.2, -0.0208468]] - 1548205008.0118892
DEBUG:btfxwss.connection:_stop_timers(): Timers stopped.
DEBUG:btfxwss.connection:_on_message(): Received new message [118,[3635.8,0,1]] at 1548205008.0208974
DEBUG:btfxwss.connection:_data_handler(): Passing [118, [3635.8, 0, 1]] to client..
DEBUG:btfxwss.connection:_start_timers(): Resetting timers..
DEBUG:btfxwss.connection:_stop_timers(): Timers stopped.
DEBUG:btfxwss.queue_processor:_handle_book: book - [118, [3635.8, 0, 1]] - 1548205008.0208974
DEBUG:btfxwss.queue_processor:ts: 1548205008.0208974	chan_id: 118	data: [[3635.8, 0, 1]]
DEBUG:btfxwss.connection:_stop_timers(): Timers stopped.
DEBUG:btfxwss.connection:_on_message(): Received new message [118,[3639.8,1,0.01389785]] at 1548205008.0213978
DEBUG:btfxwss.connection:_data_handler(): Passing [118, [3639.8, 1, 0.01389785]] to client..
DEBUG:btfxwss.connection:_start_timers(): Resetting timers..
DEBUG:btfxwss.connection:_stop_timers(): Timers stopped.
DEBUG:btfxwss.queue_processor:_handle_book: book - [118, [3639.8, 1, 0.01389785]] - 1548205008.0213978
DEBUG:btfxwss.queue_processor:ts: 1548205008.0213978	chan_id: 118	data: [[3639.8, 1, 0.01389785]]
DEBUG:btfxwss.connection:_stop_timers(): Timers stopped.
DEBUG:btfxwss.connection:_on_message(): Received new message [118,[3643.2,3,-5.2208468]] at 1548205008.022399
DEBUG:btfxwss.connection:_data_handler(): Passing [118, [3643.2, 3, -5.2208468]] to client..
DEBUG:btfxwss.connection:_start_timers(): Resetting timers..
DEBUG:btfxwss.connection:_stop_timers(): Timers stopped.
DEBUG:btfxwss.queue_processor:_handle_book: book - [118, [3643.2, 3, -5.2208468]] - 1548205008.022399
DEBUG:btfxwss.queue_processor:ts: 1548205008.022399	chan_id: 118	data: [[3643.2, 3, -5.2208468]]
DEBUG:btfxwss.connection:_stop_timers(): Timers stopped.
DEBUG:btfxwss.connection:_on_message(): Received new message [118,[3635.9,0,1]] at 1548205008.2451131
DEBUG:btfxwss.connection:_data_handler(): Passing [118, [3635.9, 0, 1]] to client..
DEBUG:btfxwss.connection:_start_timers(): Resetting timers..
DEBUG:btfxwss.connection:_stop_timers(): Timers stopped.
DEBUG:btfxwss.queue_processor:_handle_book: book - [118, [3635.9, 0, 1]] - 1548205008.2451131
DEBUG:btfxwss.queue_processor:ts: 1548205008.2451131	chan_id: 118	data: [[3635.9, 0, 1]]
DEBUG:btfxwss.connection:_stop_timers(): Timers stopped.
DEBUG:btfxwss.connection:_on_message(): Received new message [118,[3638.2,1,0.06868037]] at 1548205008.246638
DEBUG:btfxwss.connection:_data_handler(): Passing [118, [3638.2, 1, 0.06868037]] to client..
DEBUG:btfxwss.connection:_start_timers(): Resetting timers..
DEBUG:btfxwss.connection:_stop_timers(): Timers stopped.
DEBUG:btfxwss.queue_processor:_handle_book: book - [118, [3638.2, 1, 0.06868037]] - 1548205008.246638
DEBUG:btfxwss.queue_processor:ts: 1548205008.246638	chan_id: 118	data: [[3638.2, 1, 0.06868037]]
DEBUG:btfxwss.connection:_stop_timers(): Timers stopped.
DEBUG:btfxwss.connection:_on_message(): Received new message [118,[3647.3,2,-7.598122]] at 1548205008.3487267
DEBUG:btfxwss.connection:_data_handler(): Passing [118, [3647.3, 2, -7.598122]] to client..
DEBUG:btfxwss.connection:_start_timers(): Resetting timers..
DEBUG:btfxwss.connection:_stop_timers(): Timers stopped.
DEBUG:btfxwss.queue_processor:_handle_book: book - [118, [3647.3, 2, -7.598122]] - 1548205008.3487267
DEBUG:btfxwss.queue_processor:ts: 1548205008.3487267	chan_id: 118	data: [[3647.3, 2, -7.598122]]
DEBUG:btfxwss.connection:_stop_timers(): Timers stopped.
DEBUG:btfxwss.connection:_on_message(): Received new message [118,[3647.4,0,-1]] at 1548205008.4753833
DEBUG:btfxwss.connection:_data_handler(): Passing [118, [3647.4, 0, -1]] to client..
DEBUG:btfxwss.connection:_start_timers(): Resetting timers..
DEBUG:btfxwss.connection:_stop_timers(): Timers stopped.
DEBUG:btfxwss.connection:_stop_timers(): Timers stopped.
DEBUG:btfxwss.queue_processor:_handle_book: book - [118, [3647.4, 0, -1]] - 1548205008.4753833
DEBUG:btfxwss.connection:_on_message(): Received new message [118,[3645.5,1,-0.75]] at 1548205008.47637
DEBUG:btfxwss.queue_processor:ts: 1548205008.4753833	chan_id: 118	data: [[3647.4, 0, -1]]
DEBUG:btfxwss.connection:_data_handler(): Passing [118, [3645.5, 1, -0.75]] to client..
DEBUG:btfxwss.connection:_start_timers(): Resetting timers..
DEBUG:btfxwss.connection:_stop_timers(): Timers stopped.
DEBUG:btfxwss.queue_processor:_handle_book: book - [118, [3645.5, 1, -0.75]] - 1548205008.47637
DEBUG:btfxwss.queue_processor:ts: 1548205008.47637	chan_id: 118	data: [[3645.5, 1, -0.75]]
DEBUG:btfxwss.connection:_stop_timers(): Timers stopped.
DEBUG:btfxwss.connection:_on_message(): Received new message [118,[3638.8,0,1]] at 1548205008.5484557
DEBUG:btfxwss.connection:_data_handler(): Passing [118, [3638.8, 0, 1]] to client..
DEBUG:btfxwss.connection:_start_timers(): Resetting timers..
DEBUG:btfxwss.connection:_stop_timers(): Timers stopped.
DEBUG:btfxwss.queue_processor:_handle_book: book - [118, [3638.8, 0, 1]] - 1548205008.5484557
DEBUG:btfxwss.connection:_stop_timers(): Timers stopped.
DEBUG:btfxwss.queue_processor:ts: 1548205008.5484557	chan_id: 118	data: [[3638.8, 0, 1]]
DEBUG:btfxwss.connection:_on_message(): Received new message [118,[3635.8,1,0.81526856]] at 1548205008.5499415
DEBUG:btfxwss.connection:_data_handler(): Passing [118, [3635.8, 1, 0.81526856]] to client..
DEBUG:btfxwss.connection:_start_timers(): Resetting timers..
DEBUG:btfxwss.connection:_stop_timers(): Timers stopped.
DEBUG:btfxwss.queue_processor:_handle_book: book - [118, [3635.8, 1, 0.81526856]] - 1548205008.5499415
DEBUG:btfxwss.queue_processor:ts: 1548205008.5499415	chan_id: 118	data: [[3635.8, 1, 0.81526856]]
DEBUG:btfxwss.connection:_stop_timers(): Timers stopped.
DEBUG:btfxwss.connection:_on_message(): Received new message [351922,[21739078116,0,1]] at 1548205008.5564468
DEBUG:btfxwss.connection:_data_handler(): Passing [351922, [21739078116, 0, 1]] to client..
DEBUG:btfxwss.connection:_start_timers(): Resetting timers..
DEBUG:btfxwss.connection:_stop_timers(): Timers stopped.
DEBUG:btfxwss.queue_processor:_handle_raw_book: raw_book - [351922, [21739078116, 0, 1]] - 1548205008.5564468
DEBUG:btfxwss.connection:_stop_timers(): Timers stopped.
DEBUG:btfxwss.connection:_on_message(): Received new message [351922,[21738682296,3638.6,1]] at 1548205008.557457
DEBUG:btfxwss.connection:_data_handler(): Passing [351922, [21738682296, 3638.6, 1]] to client..
DEBUG:btfxwss.connection:_start_timers(): Resetting timers..
DEBUG:btfxwss.connection:_stop_timers(): Timers stopped.
DEBUG:btfxwss.queue_processor:_handle_raw_book: raw_book - [351922, [21738682296, 3638.6, 1]] - 1548205008.557457
DEBUG:btfxwss.connection:_stop_timers(): Timers stopped.
DEBUG:btfxwss.connection:_on_message(): Received new message [233,"hb"] at 1548205008.596001
DEBUG:btfxwss.connection:_heartbeat_handler(): Received a heart beat from connection!
DEBUG:btfxwss.connection:_start_timers(): Resetting timers..
DEBUG:btfxwss.connection:_stop_timers(): Timers stopped.
DEBUG:btfxwss.connection:_start_timers(): Resetting timers..
DEBUG:btfxwss.connection:_stop_timers(): Timers stopped.
DEBUG:btfxwss.connection:disconnect(): Disconnecting from API..
DEBUG:websocket:send: b'\x88\x82D\xae\xcb\xf0GF'
INFO:btfxwss.connection:Connection closed
DEBUG:btfxwss.connection:_stop_timers(): Timers stopped.
DEBUG:btfxwss.connection:_stop_timers(): Timers stopped.
